
Nov 22 04:57:24 localhost kernel: [    9.411365] file system registered
Nov 22 04:57:24 localhost kernel: [    9.465281] read descriptors
Nov 22 04:57:24 localhost kernel: [    9.465303] read strings
Nov 22 04:57:24 localhost kernel: [    9.558020] UDC core: g_comp: couldn't find an available UDC or it's busy
Jan 15 18:41:03 localhost kernel: [   20.539374] dw-apb-uart 340a0000.serial: failed to request DMA
Jan 15 18:41:05 localhost kernel: [   22.481016] dw-apb-uart 34080000.serial: failed to request DMA
Jan 15 18:41:05 localhost kernel: [   22.500320] dw-apb-uart 34090000.serial: failed to request DMA
Jan 15 18:41:16 localhost kernel: [   33.324904] bestmow_monitor (1281): drop_caches: 1
Jan 15 18:41:16 localhost kernel: [   33.446375] bestmow_monitor (1281): drop_caches: 2
Jan 15 18:41:16 localhost kernel: [   33.474834] bestmow_monitor (1281): drop_caches: 3
Jan 15 18:41:51 localhost kernel: [   68.406935] [61264]rx host cmd:18
Jan 15 18:41:52 localhost kernel: [   69.050641] [61908]rx host cmd:83
Nov 22 04:57:21 localhost kernel: [    0.000000] Booting Linux on physical CPU 0x0000000000 [0x412fd050]
Nov 22 04:57:21 localhost kernel: [    0.000000] Linux version 6.1.83-DR-PL5.2_V1.1.1 (root@hfz-ubuntu) (aarch64-none-linux-gnu-gcc (Arm GNU Toolchain 11.3.Rel1) 11.3.1 20220712, GNU ld (Arm GNU Toolchain 11.3.Rel1) 2.38.20220708) #11 SMP PREEMPT Wed Dec 17 17:00:02 CST 2025
Nov 22 04:57:21 localhost kernel: [    0.000000] Machine model: D-Robotics X5 EVB LP4 1_B board
Nov 22 04:57:21 localhost kernel: [    0.000000] efi: UEFI not found.
Nov 22 04:57:21 localhost kernel: [    0.000000] Reserved memory: created CMA memory pool at 0x0000000088000000, size 382 MiB
Nov 22 04:57:21 localhost kernel: [    0.000000] OF: reserved mem: initialized node linux,cma@88000000, compatible id shared-dma-pool
Nov 22 04:57:21 localhost kernel: [    0.000000] Zone ranges:
Nov 22 04:57:21 localhost kernel: [    0.000000]   DMA      [mem 0x0000000084000000-0x00000000ffffffff]
Nov 22 04:57:21 localhost kernel: [    0.000000]   DMA32    empty
Nov 22 04:57:21 localhost kernel: [    0.000000]   Normal   [mem 0x0000000100000000-0x000000017fffffff]
Nov 22 04:57:21 localhost kernel: [    0.000000] Movable zone start for each node
Nov 22 04:57:21 localhost kernel: [    0.000000] Early memory node ranges
Nov 22 04:57:21 localhost kernel: [    0.000000]   node   0: [mem 0x0000000084000000-0x000000009fe7efff]
Nov 22 04:57:21 localhost kernel: [    0.000000]   node   0: [mem 0x000000009fe7f000-0x00000000a207ffff]
Nov 22 04:57:21 localhost kernel: [    0.000000]   node   0: [mem 0x00000000a2080000-0x000000017fffffff]
Nov 22 04:57:21 localhost kernel: [    0.000000] Initmem setup node 0 [mem 0x0000000084000000-0x000000017fffffff]
Nov 22 04:57:21 localhost kernel: [    0.000000] On node 0, zone DMA: 16384 pages in unavailable ranges
Nov 22 04:57:21 localhost kernel: [    0.000000] psci: probing for conduit method from DT.
Nov 22 04:57:21 localhost kernel: [    0.000000] psci: PSCIv1.1 detected in firmware.
Nov 22 04:57:21 localhost kernel: [    0.000000] psci: Using standard PSCI v0.2 function IDs
Nov 22 04:57:21 localhost kernel: [    0.000000] psci: Trusted OS migration not required
Nov 22 04:57:21 localhost kernel: [    0.000000] psci: SMC Calling Convention v1.2
Nov 22 04:57:21 localhost kernel: [    0.000000] percpu: Embedded 18 pages/cpu s34280 r8192 d31256 u73728
Nov 22 04:57:21 localhost kernel: [    0.000000] pcpu-alloc: s34280 r8192 d31256 u73728 alloc=18*4096
Nov 22 04:57:21 localhost kernel: [    0.000000] pcpu-alloc: [0] 0 [0] 1 [0] 2 [0] 3 [0] 4 [0] 5 [0] 6 [0] 7 
Nov 22 04:57:21 localhost kernel: [    0.000000] Detected VIPT I-cache on CPU0
Nov 22 04:57:21 localhost kernel: [    0.000000] CPU features: detected: GIC system register CPU interface
Nov 22 04:57:21 localhost kernel: [    0.000000] CPU features: detected: Virtualization Host Extensions
Nov 22 04:57:21 localhost kernel: [    0.000000] CPU features: detected: Qualcomm erratum 1009, or ARM erratum 1286807, 2441009
Nov 22 04:57:21 localhost kernel: [    0.000000] CPU features: detected: ARM errata 1165522, 1319367, or 1530923
Nov 22 04:57:21 localhost kernel: [    0.000000] alternatives: applying boot alternatives
Nov 22 04:57:21 localhost kernel: [    0.000000] Built 1 zonelists, mobility grouping on.  Total pages: 1016064
Nov 22 04:57:21 localhost kernel: [    0.000000] Kernel command line: console=ttyS0,921600n8 root=/dev/mmcblk0p9 ro rootwait hobotboot.slot_suffix=_a hobotboot.reason=COLD_BOOT hobotboot.medium=MMC hobotboot.mode=normal hobotboot.ab_switch_reason=normal hobotboot.pmic_type=single-pmic    
Nov 22 04:57:21 localhost kernel: [    0.000000] Dentry cache hash table entries: 524288 (order: 10, 4194304 bytes, linear)
Nov 22 04:57:21 localhost kernel: [    0.000000] Inode-cache hash table entries: 262144 (order: 9, 2097152 bytes, linear)
Nov 22 04:57:21 localhost kernel: [    0.000000] mem auto-init: stack:off, heap alloc:off, heap free:off
Nov 22 04:57:21 localhost kernel: [    0.000000] software IO TLB: area num 8.
Nov 22 04:57:21 localhost kernel: [    0.000000] software IO TLB: mapped [mem 0x00000000fbfff000-0x00000000fffff000] (64MB)
Nov 22 04:57:21 localhost kernel: [    0.000000] Memory: 2943588K/4128768K available (10752K kernel code, 1152K rwdata, 4092K rodata, 2176K init, 3217K bss, 794012K reserved, 391168K cma-reserved)
Nov 22 04:57:21 localhost kernel: [    0.000000] SLUB: HWalign=64, Order=0-3, MinObjects=0, CPUs=8, Nodes=1
Nov 22 04:57:21 localhost kernel: [    0.000000] rcu: Preemptible hierarchical RCU implementation.
Nov 22 04:57:21 localhost kernel: [    0.000000] rcu: 	RCU event tracing is enabled.
Nov 22 04:57:21 localhost kernel: [    0.000000] rcu: RCU calculated value of scheduler-enlistment delay is 10 jiffies.
Nov 22 04:57:21 localhost kernel: [    0.000000] NR_IRQS: 64, nr_irqs: 64, preallocated irqs: 0
Nov 22 04:57:21 localhost kernel: [    0.000000] GICv3: GIC: Using split EOI/Deactivate mode
Nov 22 04:57:21 localhost kernel: [    0.000000] GICv3: 256 SPIs implemented
Nov 22 04:57:21 localhost kernel: [    0.000000] GICv3: 0 Extended SPIs implemented
Nov 22 04:57:21 localhost kernel: [    0.000000] Root IRQ handler: gic_handle_irq
Nov 22 04:57:21 localhost kernel: [    0.000000] GICv3: GICv3 features: 16 PPIs
Nov 22 04:57:21 localhost kernel: [    0.000000] GICv3: CPU0: found redistributor 0 region 0:0x0000000030140000
Nov 22 04:57:21 localhost kernel: [    0.000000] rcu: srcu_init: Setting srcu_struct sizes based on contention.
Nov 22 04:57:21 localhost kernel: [    0.000000] arch_timer: cp15 timer(s) running at 24.00MHz (phys).
Nov 22 04:57:21 localhost kernel: [    0.000000] clocksource: arch_sys_counter: mask: 0xffffffffffffff max_cycles: 0x588fe9dc0, max_idle_ns: 440795202592 ns
Nov 22 04:57:21 localhost kernel: [    0.000000] sched_clock: 56 bits at 24MHz, resolution 41ns, wraps every 4398046511097ns
Nov 22 04:57:21 localhost kernel: [    0.000835] Console: colour dummy device 80x25
Nov 22 04:57:21 localhost kernel: [    0.000878] Calibrating delay loop (skipped), value calculated using timer frequency.. 48.00 BogoMIPS (lpj=240000)
Nov 22 04:57:21 localhost kernel: [    0.000888] pid_max: default: 32768 minimum: 301
Nov 22 04:57:21 localhost kernel: [    0.000997] Mount-cache hash table entries: 8192 (order: 4, 65536 bytes, linear)
Nov 22 04:57:21 localhost kernel: [    0.001013] Mountpoint-cache hash table entries: 8192 (order: 4, 65536 bytes, linear)
Nov 22 04:57:21 localhost kernel: [    0.002608] rcu: Hierarchical SRCU implementation.
Nov 22 04:57:21 localhost kernel: [    0.002613] rcu: 	Max phase no-delay instances is 1000.
Nov 22 04:57:21 localhost kernel: [    0.003383] EFI services will not be available.
Nov 22 04:57:21 localhost kernel: [    0.003794] smp: Bringing up secondary CPUs ...
Nov 22 04:57:21 localhost kernel: [    0.015214] Detected VIPT I-cache on CPU1
Nov 22 04:57:21 localhost kernel: [    0.015304] GICv3: CPU1: found redistributor 100 region 0:0x0000000030160000
Nov 22 04:57:21 localhost kernel: [    0.015337] CPU1: Booted secondary processor 0x0000000100 [0x412fd050]
Nov 22 04:57:21 localhost kernel: [    0.026788] Detected VIPT I-cache on CPU2
Nov 22 04:57:21 localhost kernel: [    0.026857] GICv3: CPU2: found redistributor 200 region 0:0x0000000030180000
Nov 22 04:57:21 localhost kernel: [    0.026880] CPU2: Booted secondary processor 0x0000000200 [0x412fd050]
Nov 22 04:57:21 localhost kernel: [    0.038297] Detected VIPT I-cache on CPU3
Nov 22 04:57:21 localhost kernel: [    0.038366] GICv3: CPU3: found redistributor 300 region 0:0x00000000301a0000
Nov 22 04:57:21 localhost kernel: [    0.038389] CPU3: Booted secondary processor 0x0000000300 [0x412fd050]
Nov 22 04:57:21 localhost kernel: [    0.049802] Detected VIPT I-cache on CPU4
Nov 22 04:57:21 localhost kernel: [    0.049873] GICv3: CPU4: found redistributor 400 region 0:0x00000000301c0000
Nov 22 04:57:21 localhost kernel: [    0.049894] CPU4: Booted secondary processor 0x0000000400 [0x412fd050]
Nov 22 04:57:21 localhost kernel: [    0.061305] Detected VIPT I-cache on CPU5
Nov 22 04:57:21 localhost kernel: [    0.061379] GICv3: CPU5: found redistributor 500 region 0:0x00000000301e0000
Nov 22 04:57:21 localhost kernel: [    0.061398] CPU5: Booted secondary processor 0x0000000500 [0x412fd050]
Nov 22 04:57:21 localhost kernel: [    0.072807] Detected VIPT I-cache on CPU6
Nov 22 04:57:21 localhost kernel: [    0.072882] GICv3: CPU6: found redistributor 600 region 0:0x0000000030200000
Nov 22 04:57:21 localhost kernel: [    0.072902] CPU6: Booted secondary processor 0x0000000600 [0x412fd050]
Nov 22 04:57:21 localhost kernel: [    0.084326] Detected VIPT I-cache on CPU7
Nov 22 04:57:21 localhost kernel: [    0.084410] GICv3: CPU7: found redistributor 700 region 0:0x0000000030220000
Nov 22 04:57:21 localhost kernel: [    0.084430] CPU7: Booted secondary processor 0x0000000700 [0x412fd050]
Nov 22 04:57:21 localhost kernel: [    0.084488] smp: Brought up 1 node, 8 CPUs
Nov 22 04:57:21 localhost kernel: [    0.084495] SMP: Total of 8 processors activated.
Nov 22 04:57:21 localhost kernel: [    0.084499] CPU features: detected: 32-bit EL0 Support
Nov 22 04:57:21 localhost kernel: [    0.084502] CPU features: detected: Data cache clean to the PoU not required for I/D coherence
Nov 22 04:57:21 localhost kernel: [    0.084506] CPU features: detected: Common not Private translations
Nov 22 04:57:21 localhost kernel: [    0.084509] CPU features: detected: CRC32 instructions
Nov 22 04:57:21 localhost kernel: [    0.084514] CPU features: detected: RCpc load-acquire (LDAPR)
Nov 22 04:57:21 localhost kernel: [    0.084517] CPU features: detected: LSE atomic instructions
Nov 22 04:57:21 localhost kernel: [    0.084521] CPU features: detected: Privileged Access Never
Nov 22 04:57:21 localhost kernel: [    0.084524] CPU features: detected: RAS Extension Support
Nov 22 04:57:21 localhost kernel: [    0.084531] CPU features: detected: Speculative Store Bypassing Safe (SSBS)
Nov 22 04:57:21 localhost kernel: [    0.084604] CPU: All CPU(s) started at EL2
Nov 22 04:57:21 localhost kernel: [    0.084607] alternatives: applying system-wide alternatives
Nov 22 04:57:21 localhost kernel: [    0.088263] devtmpfs: initialized
Nov 22 04:57:21 localhost kernel: [    0.105698] clocksource: jiffies: mask: 0xffffffff max_cycles: 0xffffffff, max_idle_ns: 19112604462750000 ns
Nov 22 04:57:21 localhost kernel: [    0.105715] futex hash table entries: 2048 (order: 5, 131072 bytes, linear)
Nov 22 04:57:21 localhost kernel: [    0.114305] pinctrl core: initialized pinctrl subsystem
Nov 22 04:57:21 localhost kernel: [    0.114874] DMI not present or invalid.
Nov 22 04:57:21 localhost kernel: [    0.114883] hb_pl320_mbox_init...
Nov 22 04:57:21 localhost kernel: [    0.115328] NET: Registered PF_NETLINK/PF_ROUTE protocol family
Nov 22 04:57:21 localhost kernel: [    0.116055] DMA: preallocated 512 KiB GFP_KERNEL pool for atomic allocations
Nov 22 04:57:21 localhost kernel: [    0.116171] DMA: preallocated 512 KiB GFP_KERNEL|GFP_DMA pool for atomic allocations
Nov 22 04:57:21 localhost kernel: [    0.116332] DMA: preallocated 512 KiB GFP_KERNEL|GFP_DMA32 pool for atomic allocations
Nov 22 04:57:21 localhost kernel: [    0.116380] audit: initializing netlink subsys (disabled)
Nov 22 04:57:21 localhost kernel: [    0.116521] audit: type=2000 audit(0.100:1): state=initialized audit_enabled=0 res=1
Nov 22 04:57:21 localhost kernel: [    0.116878] thermal_sys: Registered thermal governor 'step_wise'
Nov 22 04:57:21 localhost kernel: [    0.116884] thermal_sys: Registered thermal governor 'user_space'
Nov 22 04:57:21 localhost kernel: [    0.116939] cpuidle: using governor menu
Nov 22 04:57:21 localhost kernel: [    0.117106] hw-breakpoint: found 6 breakpoint and 4 watchpoint registers.
Nov 22 04:57:21 localhost kernel: [    0.117230] ASID allocator initialised with 65536 entries
Nov 22 04:57:21 localhost kernel: [    0.117423] hb_ipc_init...
Nov 22 04:57:21 localhost kernel: [    0.118737] printk: console [ramoops-1] enabled
Nov 22 04:57:21 localhost kernel: [    0.118742] pstore: Registered ramoops as persistent store backend
Nov 22 04:57:21 localhost kernel: [    0.118745] ramoops: using 0x40000@0xa4080000, ecc: 0
Nov 22 04:57:21 localhost kernel: [    0.133459] platform 3d080000.csi: Fixed dependency cycle(s) with /soc/a55_apb0/i2c@340d0000/sc230ai@30
Nov 22 04:57:21 localhost kernel: [    0.134269] amba 2c001000.funnel: Fixed dependency cycle(s) with /soc/etm@2d740000
Nov 22 04:57:21 localhost kernel: [    0.134285] amba 2c001000.funnel: Fixed dependency cycle(s) with /soc/etm@2d640000
Nov 22 04:57:21 localhost kernel: [    0.134297] amba 2c001000.funnel: Fixed dependency cycle(s) with /soc/etm@2d540000
Nov 22 04:57:21 localhost kernel: [    0.134311] amba 2c001000.funnel: Fixed dependency cycle(s) with /soc/etm@2d440000
Nov 22 04:57:21 localhost kernel: [    0.134324] amba 2c001000.funnel: Fixed dependency cycle(s) with /soc/etm@2d340000
Nov 22 04:57:21 localhost kernel: [    0.134336] amba 2c001000.funnel: Fixed dependency cycle(s) with /soc/etm@2d240000
Nov 22 04:57:21 localhost kernel: [    0.134350] amba 2c001000.funnel: Fixed dependency cycle(s) with /soc/etm@2d140000
Nov 22 04:57:21 localhost kernel: [    0.134380] amba 2c001000.funnel: Fixed dependency cycle(s) with /soc/etm@2d040000
Nov 22 04:57:21 localhost kernel: [    0.134399] amba 2c001000.funnel: Fixed dependency cycle(s) with /soc/etf@2c002000
Nov 22 04:57:21 localhost kernel: [    0.134490] amba 2c001000.funnel: Fixed dependency cycle(s) with /soc/etf@2c002000
Nov 22 04:57:21 localhost kernel: [    0.134549] amba 2c002000.etf: Fixed dependency cycle(s) with /soc/replicator@2c004000
Nov 22 04:57:21 localhost kernel: [    0.134580] amba 2c002000.etf: Fixed dependency cycle(s) with /soc/funnel@2c001000
Nov 22 04:57:21 localhost kernel: [    0.134710] amba 2c003000.etr: Fixed dependency cycle(s) with /soc/replicator@2c004000
Nov 22 04:57:21 localhost kernel: [    0.134804] amba 2c003000.etr: Fixed dependency cycle(s) with /soc/replicator@2c004000
Nov 22 04:57:21 localhost kernel: [    0.134860] amba 2c002000.etf: Fixed dependency cycle(s) with /soc/replicator@2c004000
Nov 22 04:57:21 localhost kernel: [    0.134927] amba 2c004000.replicator: Fixed dependency cycle(s) with /soc/etf@2c002000
Nov 22 04:57:21 localhost kernel: [    0.134972] amba 2c004000.replicator: Fixed dependency cycle(s) with /soc/etr@2c003000
Nov 22 04:57:21 localhost kernel: [    0.135026] amba 2c004000.replicator: Fixed dependency cycle(s) with /soc/tpiu@2c005000
Nov 22 04:57:21 localhost kernel: [    0.135097] amba 2c004000.replicator: Fixed dependency cycle(s) with /soc/tpiu@2c005000
Nov 22 04:57:21 localhost kernel: [    0.135168] amba 2c005000.tpiu: Fixed dependency cycle(s) with /soc/replicator@2c004000
Nov 22 04:57:21 localhost kernel: [    0.135381] amba 2c001000.funnel: Fixed dependency cycle(s) with /soc/etm@2d040000
Nov 22 04:57:21 localhost kernel: [    0.135454] amba 2d040000.etm: Fixed dependency cycle(s) with /soc/funnel@2c001000
Nov 22 04:57:21 localhost kernel: [    0.135611] amba 2c001000.funnel: Fixed dependency cycle(s) with /soc/etm@2d140000
Nov 22 04:57:21 localhost kernel: [    0.135688] amba 2d140000.etm: Fixed dependency cycle(s) with /soc/funnel@2c001000
Nov 22 04:57:21 localhost kernel: [    0.135835] amba 2c001000.funnel: Fixed dependency cycle(s) with /soc/etm@2d240000
Nov 22 04:57:21 localhost kernel: [    0.135909] amba 2d240000.etm: Fixed dependency cycle(s) with /soc/funnel@2c001000
Nov 22 04:57:21 localhost kernel: [    0.136069] amba 2c001000.funnel: Fixed dependency cycle(s) with /soc/etm@2d340000
Nov 22 04:57:21 localhost kernel: [    0.136148] amba 2d340000.etm: Fixed dependency cycle(s) with /soc/funnel@2c001000
Nov 22 04:57:21 localhost kernel: [    0.136303] amba 2c001000.funnel: Fixed dependency cycle(s) with /soc/etm@2d440000
Nov 22 04:57:21 localhost kernel: [    0.136375] amba 2d440000.etm: Fixed dependency cycle(s) with /soc/funnel@2c001000
Nov 22 04:57:21 localhost kernel: [    0.136525] amba 2c001000.funnel: Fixed dependency cycle(s) with /soc/etm@2d540000
Nov 22 04:57:21 localhost kernel: [    0.136601] amba 2d540000.etm: Fixed dependency cycle(s) with /soc/funnel@2c001000
Nov 22 04:57:21 localhost kernel: [    0.136754] amba 2c001000.funnel: Fixed dependency cycle(s) with /soc/etm@2d640000
Nov 22 04:57:21 localhost kernel: [    0.136833] amba 2d640000.etm: Fixed dependency cycle(s) with /soc/funnel@2c001000
Nov 22 04:57:21 localhost kernel: [    0.136982] amba 2c001000.funnel: Fixed dependency cycle(s) with /soc/etm@2d740000
Nov 22 04:57:21 localhost kernel: [    0.137054] amba 2d740000.etm: Fixed dependency cycle(s) with /soc/funnel@2c001000
Nov 22 04:57:21 localhost kernel: [    0.147208] horizon-aon-pinctrl 31040000.aon_iomuxc: Initialized D-Robotics pinctrl driver
Nov 22 04:57:21 localhost kernel: [    0.149013] (NULL device *): no horizon,gpio-banks in node /soc/disp_apb/disp_iomuxc@3e0a0054
Nov 22 04:57:21 localhost kernel: [    0.149243] horizon-disp-pinctrl 3e0a0054.disp_iomuxc: Initialized D-Robotics pinctrl driver
Nov 22 04:57:21 localhost kernel: [    0.149521] platform 3e000000.disp_apb:bt1120-wb-syscon-bridge: Fixed dependency cycle(s) with /soc/disp_apb/bt1120_bridge_wb
Nov 22 04:57:21 localhost kernel: [    0.149660] platform 3e080000.vs-sif: Fixed dependency cycle(s) with /soc/disp_apb/bt1120_bridge_wb
Nov 22 04:57:21 localhost kernel: [    0.149977] platform 3e080000.vs-sif: Fixed dependency cycle(s) with /soc/disp_apb/bt1120_bridge_wb
Nov 22 04:57:21 localhost kernel: [    0.150020] platform 3e000000.disp_apb:bt1120-wb-syscon-bridge: Fixed dependency cycle(s) with /soc/disp_apb/bt1120_bridge_wb
Nov 22 04:57:21 localhost kernel: [    0.150066] platform 3e000000.disp_apb:bt1120_bridge_wb: Fixed dependency cycle(s) with /soc/disp_apb/bt1120-wb-syscon-bridge
Nov 22 04:57:21 localhost kernel: [    0.150109] platform 3e000000.disp_apb:bt1120_bridge_wb: Fixed dependency cycle(s) with /soc/disp_apb/vs-sif@3e080000
Nov 22 04:57:21 localhost kernel: [    0.154118] horizon-hsio-pinctrl 35050000.hsio_iomuxc: Initialized D-Robotics pinctrl driver
Nov 22 04:57:21 localhost kernel: [    0.156810] horizon-dsp-pinctrl 31040014.dsp_iomuxc: Initialized D-Robotics pinctrl driver
Nov 22 04:57:21 localhost kernel: [    0.157293] hobot-pl320 33000000.mailbox0: get_mbox_dev_resource, mbox->base = (____ptrval____)
Nov 22 04:57:21 localhost kernel: [    0.157907] hobot-pl320 33000000.mailbox0: PL320 Mailbox registered
Nov 22 04:57:21 localhost kernel: [    0.163514] horizon-lsio-pinctrl 34180000.lsio_iomuxc: Initialized D-Robotics pinctrl driver
Nov 22 04:57:21 localhost kernel: [    0.166668] KASLR disabled due to lack of seed
Nov 22 04:57:21 localhost kernel: [    0.166755] sysfs: cannot create duplicate filename '/module/hobot_pps/version'
Nov 22 04:57:21 localhost kernel: [    0.166761] CPU: 0 PID: 1 Comm: swapper/0 Not tainted 6.1.83-DR-PL5.2_V1.1.1 #11
Nov 22 04:57:21 localhost kernel: [    0.166768] Hardware name: D-Robotics X5 EVB LP4 1_B board (DT)
Nov 22 04:57:21 localhost kernel: [    0.166772] Call trace:
Nov 22 04:57:21 localhost kernel: [    0.166775]  dump_backtrace+0xd8/0x130
Nov 22 04:57:21 localhost kernel: [    0.166791]  show_stack+0x18/0x30
Nov 22 04:57:21 localhost kernel: [    0.166800]  dump_stack_lvl+0x68/0x84
Nov 22 04:57:21 localhost kernel: [    0.166807]  dump_stack+0x18/0x34
Nov 22 04:57:21 localhost kernel: [    0.166812]  sysfs_warn_dup+0x64/0x80
Nov 22 04:57:21 localhost kernel: [    0.166821]  sysfs_add_file_mode_ns+0x124/0x130
Nov 22 04:57:21 localhost kernel: [    0.166826]  sysfs_create_file_ns+0x7c/0xb4
Nov 22 04:57:21 localhost kernel: [    0.166831]  param_sysfs_init+0xa8/0x1e0
Nov 22 04:57:21 localhost kernel: [    0.166841]  do_one_initcall+0x50/0x1d0
Nov 22 04:57:21 localhost kernel: [    0.166846]  kernel_init_freeable+0x218/0x280
Nov 22 04:57:21 localhost kernel: [    0.166854]  kernel_init+0x24/0x130
Nov 22 04:57:21 localhost kernel: [    0.166860]  ret_from_fork+0x10/0x20
Nov 22 04:57:21 localhost kernel: [    0.166875] ------------[ cut here ]------------
Nov 22 04:57:21 localhost kernel: [    0.166878] WARNING: CPU: 0 PID: 1 at kernel/params.c:877 param_sysfs_init+0xac/0x1e0
Nov 22 04:57:21 localhost kernel: [    0.166888] Modules linked in:
Nov 22 04:57:21 localhost kernel: [    0.166893] CPU: 0 PID: 1 Comm: swapper/0 Not tainted 6.1.83-DR-PL5.2_V1.1.1 #11
Nov 22 04:57:21 localhost kernel: [    0.166900] Hardware name: D-Robotics X5 EVB LP4 1_B board (DT)
Nov 22 04:57:21 localhost kernel: [    0.166903] pstate: 60400009 (nZCv daif +PAN -UAO -TCO -DIT -SSBS BTYPE=--)
Nov 22 04:57:21 localhost kernel: [    0.166909] pc : param_sysfs_init+0xac/0x1e0
Nov 22 04:57:21 localhost kernel: [    0.166919] lr : param_sysfs_init+0xa8/0x1e0
Nov 22 04:57:21 localhost kernel: [    0.166924] sp : ffff80000956bd30
Nov 22 04:57:21 localhost kernel: [    0.166927] x29: ffff80000956bd30 x28: 0000000000000000 x27: ffff800008ea00c8
Nov 22 04:57:21 localhost kernel: [    0.166937] x26: ffff800008f26050 x25: ffff800008f26078 x24: ffff800008e88fe0
Nov 22 04:57:21 localhost kernel: [    0.166948] x23: ffff8000091e5000 x22: 0000000000000000 x21: ffff800008e8c070
Nov 22 04:57:21 localhost kernel: [    0.166960] x20: ffff000080d84e00 x19: ffff800008e8be30 x18: ffffffffffffffff
Nov 22 04:57:21 localhost kernel: [    0.166969] x17: 312e312e31565f32 x16: 2e354c502d52442d x15: ffff80008956b4ca
Nov 22 04:57:21 localhost kernel: [    0.166978] x14: 0000000000000000 x13: ffff8000090d9eb0 x12: 000000000000022e
Nov 22 04:57:21 localhost kernel: [    0.166988] x11: 00000000000000ba x10: ffff800009131eb0 x9 : ffff8000090d9eb0
Nov 22 04:57:21 localhost kernel: [    0.166997] x8 : 00000000ffffefff x7 : ffff800009131eb0 x6 : 0000000000002210
Nov 22 04:57:21 localhost kernel: [    0.167006] x5 : ffff000080044000 x4 : ffff0000ff6ca6d0 x3 : 0000000000000000
Nov 22 04:57:21 localhost kernel: [    0.167015] x2 : 0000000000000000 x1 : ffff000080080000 x0 : 00000000ffffffef
Nov 22 04:57:21 localhost kernel: [    0.167026] Call trace:
Nov 22 04:57:21 localhost kernel: [    0.167028]  param_sysfs_init+0xac/0x1e0
Nov 22 04:57:21 localhost kernel: [    0.167036]  do_one_initcall+0x50/0x1d0
Nov 22 04:57:21 localhost kernel: [    0.167042]  kernel_init_freeable+0x218/0x280
Nov 22 04:57:21 localhost kernel: [    0.167050]  kernel_init+0x24/0x130
Nov 22 04:57:21 localhost kernel: [    0.167056]  ret_from_fork+0x10/0x20
Nov 22 04:57:21 localhost kernel: [    0.167063] ---[ end trace 0000000000000000 ]---
Nov 22 04:57:21 localhost kernel: [    0.171647] HugeTLB: registered 1.00 GiB page size, pre-allocated 0 pages
Nov 22 04:57:21 localhost kernel: [    0.171653] HugeTLB: 0 KiB vmemmap can be freed for a 1.00 GiB page
Nov 22 04:57:21 localhost kernel: [    0.171658] HugeTLB: registered 32.0 MiB page size, pre-allocated 0 pages
Nov 22 04:57:21 localhost kernel: [    0.171661] HugeTLB: 0 KiB vmemmap can be freed for a 32.0 MiB page
Nov 22 04:57:21 localhost kernel: [    0.171666] HugeTLB: registered 2.00 MiB page size, pre-allocated 0 pages
Nov 22 04:57:21 localhost kernel: [    0.171671] HugeTLB: 0 KiB vmemmap can be freed for a 2.00 MiB page
Nov 22 04:57:21 localhost kernel: [    0.171677] HugeTLB: registered 64.0 KiB page size, pre-allocated 0 pages
Nov 22 04:57:21 localhost kernel: [    0.171680] HugeTLB: 0 KiB vmemmap can be freed for a 64.0 KiB page
Nov 22 04:57:21 localhost kernel: [    0.172586] noc_qos 20500000.cpu_ace_qos: qos doesn't have consumer device
Nov 22 04:57:21 localhost kernel: [    0.172615] noc_qos 20500000.cpu_ace_qos: noc qos init finished.
Nov 22 04:57:21 localhost kernel: [    0.172668] noc_qos 20500100.cpu_perif_qos: qos doesn't have consumer device
Nov 22 04:57:21 localhost kernel: [    0.172688] noc_qos 20500100.cpu_perif_qos: noc qos init finished.
Nov 22 04:57:21 localhost kernel: [    0.172744] noc_qos 20510000.bt1120_qos: qos doesn't have consumer device
Nov 22 04:57:21 localhost kernel: [    0.172773] noc_qos 20510000.bt1120_qos: noc qos init finished.
Nov 22 04:57:21 localhost kernel: [    0.172827] noc_qos 20510080.dc8000_qos: qos doesn't have consumer device
Nov 22 04:57:21 localhost kernel: [    0.172852] noc_qos 20510080.dc8000_qos: noc qos init finished.
Nov 22 04:57:21 localhost kernel: [    0.172907] noc_qos 20510100.dw230_gdc_qos: qos doesn't have consumer device
Nov 22 04:57:21 localhost kernel: [    0.172930] noc_qos 20510100.dw230_gdc_qos: noc qos init finished.
Nov 22 04:57:21 localhost kernel: [    0.172985] noc_qos 20510180.dw230_scalar2_qos: qos doesn't have consumer device
Nov 22 04:57:21 localhost kernel: [    0.173011] noc_qos 20510180.dw230_scalar2_qos: noc qos init finished.
Nov 22 04:57:21 localhost kernel: [    0.173064] noc_qos 20510200.dw230_scalar3_qos: qos doesn't have consumer device
Nov 22 04:57:21 localhost kernel: [    0.173088] noc_qos 20510200.dw230_scalar3_qos: noc qos init finished.
Nov 22 04:57:21 localhost kernel: [    0.173145] noc_qos 20510500.sif0_qos: qos doesn't have consumer device
Nov 22 04:57:21 localhost kernel: [    0.173170] noc_qos 20510500.sif0_qos: noc qos init finished.
Nov 22 04:57:21 localhost kernel: [    0.173226] noc_qos 20510580.sif1_qos: qos doesn't have consumer device
Nov 22 04:57:21 localhost kernel: [    0.173252] noc_qos 20510580.sif1_qos: noc qos init finished.
Nov 22 04:57:21 localhost kernel: [    0.173304] noc_qos 20510600.sif2_qos: qos doesn't have consumer device
Nov 22 04:57:21 localhost kernel: [    0.173327] noc_qos 20510600.sif2_qos: noc qos init finished.
Nov 22 04:57:21 localhost kernel: [    0.173379] noc_qos 20510680.sif3_qos: qos doesn't have consumer device
Nov 22 04:57:21 localhost kernel: [    0.173409] noc_qos 20510680.sif3_qos: noc qos init finished.
Nov 22 04:57:21 localhost kernel: [    0.173463] noc_qos 20510700.sif_disp_qos: qos doesn't have consumer device
Nov 22 04:57:21 localhost kernel: [    0.173486] noc_qos 20510700.sif_disp_qos: noc qos init finished.
Nov 22 04:57:21 localhost kernel: [    0.173539] noc_qos 20550000.dma0_qos: qos doesn't have consumer device
Nov 22 04:57:21 localhost kernel: [    0.173568] noc_qos 20550000.dma0_qos: noc qos init finished.
Nov 22 04:57:21 localhost kernel: [    0.173617] noc_qos 20550080.emmc_qos: qos doesn't have consumer device
Nov 22 04:57:21 localhost kernel: [    0.173649] noc_qos 20550080.emmc_qos: noc qos init finished.
Nov 22 04:57:21 localhost kernel: [    0.173698] noc_qos 20550100.gmac_qos: qos doesn't have consumer device
Nov 22 04:57:21 localhost kernel: [    0.173721] noc_qos 20550100.gmac_qos: noc qos init finished.
Nov 22 04:57:21 localhost kernel: [    0.173775] noc_qos 20550180.sd_qos: qos doesn't have consumer device
Nov 22 04:57:21 localhost kernel: [    0.173803] noc_qos 20550180.sd_qos: noc qos init finished.
Nov 22 04:57:21 localhost kernel: [    0.173857] noc_qos 20550200.sdio_qos: qos doesn't have consumer device
Nov 22 04:57:21 localhost kernel: [    0.173886] noc_qos 20550200.sdio_qos: noc qos init finished.
Nov 22 04:57:21 localhost kernel: [    0.173932] noc_qos 20550280.security_qos: qos doesn't have consumer device
Nov 22 04:57:21 localhost kernel: [    0.173951] noc_qos 20550280.security_qos: noc qos init finished.
Nov 22 04:57:21 localhost kernel: [    0.174002] noc_qos 20550300.usb2_qos: qos doesn't have consumer device
Nov 22 04:57:21 localhost kernel: [    0.174027] noc_qos 20550300.usb2_qos: noc qos init finished.
Nov 22 04:57:21 localhost kernel: [    0.174079] noc_qos 20550380.usb3_qos: qos doesn't have consumer device
Nov 22 04:57:21 localhost kernel: [    0.174106] noc_qos 20550380.usb3_qos: noc qos init finished.
Nov 22 04:57:21 localhost kernel: [    0.174156] noc_qos 20550400.etr_qos: qos doesn't have consumer device
Nov 22 04:57:21 localhost kernel: [    0.174178] noc_qos 20550400.etr_qos: noc qos init finished.
Nov 22 04:57:21 localhost kernel: [    0.175036] iommu: Default domain type: Translated 
Nov 22 04:57:21 localhost kernel: [    0.175042] iommu: DMA domain TLB invalidation policy: strict mode 
Nov 22 04:57:21 localhost kernel: [    0.176719] SCSI subsystem initialized
Nov 22 04:57:21 localhost kernel: [    0.176829] usbcore: registered new interface driver usbfs
Nov 22 04:57:21 localhost kernel: [    0.176854] usbcore: registered new interface driver hub
Nov 22 04:57:21 localhost kernel: [    0.176879] usbcore: registered new device driver usb
Nov 22 04:57:21 localhost kernel: [    0.177153] mc: Linux media interface: v0.10
Nov 22 04:57:21 localhost kernel: [    0.177182] videodev: Linux video capture interface: v2.00
Nov 22 04:57:21 localhost kernel: [    0.177208] pps_core: LinuxPPS API ver. 1 registered
Nov 22 04:57:21 localhost kernel: [    0.177211] pps_core: Software ver. 5.3.6 - Copyright 2005-2007 Rodolfo Giometti <giometti@linux.it>
Nov 22 04:57:21 localhost kernel: [    0.177223] PTP clock support registered
Nov 22 04:57:21 localhost kernel: [    0.177464] hobot_ion: Reserved ion-pool MEM start 0xa4100000, size 0xc000000
Nov 22 04:57:21 localhost kernel: [    0.177512] hobot_ion: Reserved ion-carveout MEM start 0xb0100000, size 0xc000000
Nov 22 04:57:21 localhost kernel: [    0.177600] hobot_ion: Reserved ion-cma MEM start 0xbc100000, size 0xc000000
Nov 22 04:57:21 localhost kernel: [    0.199204] Advanced Linux Sound Architecture Driver Initialized.
Nov 22 04:57:21 localhost kernel: [    0.199733] clocksource: Switched to clocksource arch_sys_counter
Nov 22 04:57:21 localhost kernel: [    0.204419] NET: Registered PF_INET protocol family
Nov 22 04:57:21 localhost kernel: [    0.204617] IP idents hash table entries: 65536 (order: 7, 524288 bytes, linear)
Nov 22 04:57:21 localhost kernel: [    0.206891] tcp_listen_portaddr_hash hash table entries: 2048 (order: 3, 32768 bytes, linear)
Nov 22 04:57:21 localhost kernel: [    0.206920] Table-perturb hash table entries: 65536 (order: 6, 262144 bytes, linear)
Nov 22 04:57:21 localhost kernel: [    0.206931] TCP established hash table entries: 32768 (order: 6, 262144 bytes, linear)
Nov 22 04:57:21 localhost kernel: [    0.207076] TCP bind hash table entries: 32768 (order: 8, 1048576 bytes, linear)
Nov 22 04:57:21 localhost kernel: [    0.207678] TCP: Hash tables configured (established 32768 bind 32768)
Nov 22 04:57:21 localhost kernel: [    0.207750] UDP hash table entries: 2048 (order: 4, 65536 bytes, linear)
Nov 22 04:57:21 localhost kernel: [    0.207796] UDP-Lite hash table entries: 2048 (order: 4, 65536 bytes, linear)
Nov 22 04:57:21 localhost kernel: [    0.207941] NET: Registered PF_UNIX/PF_LOCAL protocol family
Nov 22 04:57:21 localhost kernel: [    0.208173] RPC: Registered named UNIX socket transport module.
Nov 22 04:57:21 localhost kernel: [    0.208178] RPC: Registered udp transport module.
Nov 22 04:57:21 localhost kernel: [    0.208181] RPC: Registered tcp transport module.
Nov 22 04:57:21 localhost kernel: [    0.208184] RPC: Registered tcp NFSv4.1 backchannel transport module.
Nov 22 04:57:21 localhost kernel: [    0.209235] hw perfevents: enabled with armv8_pmuv3 PMU driver, 7 counters available
Nov 22 04:57:21 localhost kernel: [    0.210974] Initialise system trusted keyrings
Nov 22 04:57:21 localhost kernel: [    0.211085] workingset: timestamp_bits=46 max_order=20 bucket_order=0
Nov 22 04:57:21 localhost kernel: [    0.214608] pstore: success mode=2
Nov 22 04:57:21 localhost kernel: [    0.243037] NET: Registered PF_ALG protocol family
Nov 22 04:57:21 localhost kernel: [    0.243050] Key type asymmetric registered
Nov 22 04:57:21 localhost kernel: [    0.243053] Asymmetric key parser 'x509' registered
Nov 22 04:57:21 localhost kernel: [    0.243087] Block layer SCSI generic (bsg) driver version 0.4 loaded (major 246)
Nov 22 04:57:21 localhost kernel: [    0.243093] io scheduler mq-deadline registered
Nov 22 04:57:21 localhost kernel: [    0.243099] io scheduler kyber registered
Nov 22 04:57:21 localhost kernel: [    0.250005] dw_axi_dmac_platform 32080000.dma-controller: DesignWare AXI DMA Controller, 8 channels
Nov 22 04:57:21 localhost kernel: [    0.250541] dw_axi_dmac_platform 34200000.dma-controller: DesignWare AXI DMA Controller, 12 channels
Nov 22 04:57:21 localhost kernel: [    0.250598] Start socinfo driver init
Nov 22 04:57:21 localhost kernel: [    0.250639] socinfo 31021008.socinfo: Start socinfo probe.
Nov 22 04:57:21 localhost kernel: [    0.250692] socinfo 31021008.socinfo: Socinfo probe end with retval: 0
Nov 22 04:57:21 localhost kernel: [    0.251233] axi_monitor 38100000.axi-mon: AXI-Clk: 800000000Hz
Nov 22 04:57:21 localhost kernel: [    0.251246] axi_monitor 38100000.axi-mon: APB-Clk: 200000000Hz
Nov 22 04:57:21 localhost kernel: [    0.251251] axi_monitor 38100000.axi-mon: Maximum session time 343000 millisecs
Nov 22 04:57:21 localhost kernel: [    0.251268] axi_monitor 38100000.axi-mon: Got axi-port num:5
Nov 22 04:57:21 localhost kernel: [    0.251276] axi_monitor 38100000.axi-mon: Got new axi-port:cpu, idx:0
Nov 22 04:57:21 localhost kernel: [    0.251283] axi_monitor 38100000.axi-mon: Got new axi-port:bpu, idx:1
Nov 22 04:57:21 localhost kernel: [    0.251290] axi_monitor 38100000.axi-mon: Got new axi-port:vin, idx:2
Nov 22 04:57:21 localhost kernel: [    0.251296] axi_monitor 38100000.axi-mon: Got new axi-port:codec, idx:3
Nov 22 04:57:21 localhost kernel: [    0.251303] axi_monitor 38100000.axi-mon: Got new axi-port:gpu, idx:4
Nov 22 04:57:21 localhost kernel: [    0.251469] axi_monitor 38100000.axi-mon: DDR Perf Monitor probed successfully.
Nov 22 04:57:21 localhost kernel: [    0.252218] hobot_dsp_init start
Nov 22 04:57:21 localhost kernel: [    0.252340] hobot-dsp dsp0: hobot_dsp_probe start
Nov 22 04:57:21 localhost kernel: [    0.252347] hobot-dsp dsp0: dsp_smmu_init: dsp0 DMA mask 32bit.
Nov 22 04:57:21 localhost kernel: [    0.252513] hobot-dsp dsp0: hobot_dsp_probe dsp0 Registered successfully
Nov 22 04:57:21 localhost kernel: [    0.252553] hobot_dsp_init end
Nov 22 04:57:21 localhost kernel: [    0.254515] Serial: 8250/16550 driver, 8 ports, IRQ sharing disabled
Nov 22 04:57:21 localhost kernel: [    0.256179] printk: console [ttyS0] disabled
Nov 22 04:57:21 localhost kernel: [    0.256226] 32120000.serial: ttyS0 at MMIO 0x32120000 (irq = 29, base_baud = 12656250) is a 16550A
Nov 22 04:57:21 localhost kernel: [    0.257468] printk: console [ttyS0] enabled
Nov 22 04:57:21 localhost kernel: [    0.257971] 34080000.serial: ttyS2 at MMIO 0x34080000 (irq = 30, base_baud = 12500000) is a 16550A
Nov 22 04:57:21 localhost kernel: [    0.258447] 34090000.serial: ttyS3 at MMIO 0x34090000 (irq = 31, base_baud = 12500000) is a 16550A
Nov 22 04:57:21 localhost kernel: [    0.258911] 340a0000.serial: ttyS4 at MMIO 0x340a0000 (irq = 32, base_baud = 12500000) is a 16550A
Nov 22 04:57:21 localhost kernel: [    0.259379] 341a0000.serial: ttyS5 at MMIO 0x341a0000 (irq = 33, base_baud = 12500000) is a 16550A
Nov 22 04:57:21 localhost kernel: [    0.265988] brd: module loaded
Nov 22 04:57:21 localhost kernel: [    0.269585] loop: module loaded
Nov 22 04:57:21 localhost kernel: [    0.271269] dw_spi_mmio 35000000.spi: bit_offset = 0
Nov 22 04:57:21 localhost kernel: [    0.271334] dw_spi_mmio 35000000.spi: DMA init failed
Nov 22 04:57:21 localhost kernel: [    0.459738] random: crng init done
Nov 22 04:57:21 localhost kernel: [    0.671850] spi-nand: probe of spi7.0 failed with error -110
Nov 22 04:57:21 localhost kernel: [    0.672338] dw_spi_mmio 34020000.spi: bit_offset = 0
Nov 22 04:57:21 localhost kernel: [    0.673727] CAN device driver interface
Nov 22 04:57:21 localhost kernel: [    1.686068] mcp251x spi2.0: MCP251x didn't enter in conf mode after reset
Nov 22 04:57:21 localhost kernel: [    1.687006] mcp251x spi2.0: Probe failed, err=110
Nov 22 04:57:21 localhost kernel: [    1.687633] mcp251x: probe of spi2.0 failed with error -110
Nov 22 04:57:21 localhost kernel: [    1.688215] dwc-eth-dwmac 35010000.gmac-tsn: phy is in rmii mode
Nov 22 04:57:21 localhost kernel: [    1.688230] dwc-eth-dwmac 35010000.gmac-tsn: set enet rmii and clk turn on
Nov 22 04:57:21 localhost kernel: [    1.688242] dwc-eth-dwmac 35010000.gmac-tsn: x5_eqos: clk_prepare_enable axi_clk rate=400000000 Hz
Nov 22 04:57:21 localhost kernel: [    1.688252] dwc-eth-dwmac 35010000.gmac-tsn: x5_eqos: clk_prepare_enable rgmii_clk rate=125000000 Hz
Nov 22 04:57:21 localhost kernel: [    1.688306] dwc-eth-dwmac 35010000.gmac-tsn: test phy is in rmii mode phyreset 1
Nov 22 04:57:21 localhost kernel: [    1.799743] dwc-eth-dwmac 35010000.gmac-tsn: test phy is in rmii mode phyreset 0 
Nov 22 04:57:21 localhost kernel: [    1.919739] dwc-eth-dwmac 35010000.gmac-tsn: test phy is in rmii mode phyreset 1
Nov 22 04:57:21 localhost kernel: [    1.919864] dwc-eth-dwmac 35010000.gmac-tsn: User ID: 0x10, Synopsys ID: 0x53
Nov 22 04:57:21 localhost kernel: [    1.919874] dwc-eth-dwmac 35010000.gmac-tsn: 	DWMAC4/5
Nov 22 04:57:21 localhost kernel: [    1.919880] dwc-eth-dwmac 35010000.gmac-tsn: DMA HW capability register supported
Nov 22 04:57:21 localhost kernel: [    1.919886] dwc-eth-dwmac 35010000.gmac-tsn: RX Checksum Offload Engine supported
Nov 22 04:57:21 localhost kernel: [    1.919890] dwc-eth-dwmac 35010000.gmac-tsn: TX Checksum insertion supported
Nov 22 04:57:21 localhost kernel: [    1.919894] dwc-eth-dwmac 35010000.gmac-tsn: Wake-Up On Lan supported
Nov 22 04:57:21 localhost kernel: [    1.919933] dwc-eth-dwmac 35010000.gmac-tsn: TSO supported
Nov 22 04:57:21 localhost kernel: [    1.919938] dwc-eth-dwmac 35010000.gmac-tsn: Enable RX Mitigation via HW Watchdog Timer
Nov 22 04:57:21 localhost kernel: [    1.919946] dwc-eth-dwmac 35010000.gmac-tsn: device MAC address 86:ad:d4:51:a4:42
Nov 22 04:57:21 localhost kernel: [    1.919955] dwc-eth-dwmac 35010000.gmac-tsn: Enabled L3L4 Flow TC (entries=8)
Nov 22 04:57:21 localhost kernel: [    1.919962] dwc-eth-dwmac 35010000.gmac-tsn: Enabled RFS Flow TC (entries=10)
Nov 22 04:57:21 localhost kernel: [    1.919972] dwc-eth-dwmac 35010000.gmac-tsn: Enabling HW TC (entries=128, max_off=256)
Nov 22 04:57:21 localhost kernel: [    1.919978] dwc-eth-dwmac 35010000.gmac-tsn: TSO feature enabled
Nov 22 04:57:21 localhost kernel: [    1.919983] dwc-eth-dwmac 35010000.gmac-tsn: Using 40/40 bits DMA host/device width
Nov 22 04:57:21 localhost kernel: [    1.928379] usbcore: registered new interface driver cdc_ether
Nov 22 04:57:21 localhost kernel: [    1.928401] usbcore: registered new interface driver r8153_ecm
Nov 22 04:57:21 localhost kernel: [    1.930294] usbcore: registered new interface driver cdc_acm
Nov 22 04:57:21 localhost kernel: [    1.930300] cdc_acm: USB Abstract Control Model driver for USB modems and ISDN adapters
Nov 22 04:57:21 localhost kernel: [    1.930386] usbcore: registered new interface driver uas
Nov 22 04:57:21 localhost kernel: [    1.930416] usbcore: registered new interface driver usb-storage
Nov 22 04:57:21 localhost kernel: [    1.930464] usbcore: registered new interface driver ch341
Nov 22 04:57:21 localhost kernel: [    1.930479] usbserial: USB Serial support registered for ch341-uart
Nov 22 04:57:21 localhost kernel: [    1.930501] usbcore: registered new interface driver cp210x
Nov 22 04:57:21 localhost kernel: [    1.930513] usbserial: USB Serial support registered for cp210x
Nov 22 04:57:21 localhost kernel: [    1.930533] usbcore: registered new interface driver ftdi_sio
Nov 22 04:57:21 localhost kernel: [    1.930546] usbserial: USB Serial support registered for FTDI USB Serial Device
Nov 22 04:57:21 localhost kernel: [    1.930564] usbcore: registered new interface driver option
Nov 22 04:57:21 localhost kernel: [    1.930578] usbserial: USB Serial support registered for GSM modem (1-port)
Nov 22 04:57:21 localhost kernel: [    1.930600] usbcore: registered new interface driver pl2303
Nov 22 04:57:21 localhost kernel: [    1.930611] usbserial: USB Serial support registered for pl2303
Nov 22 04:57:21 localhost kernel: [    1.930627] usbcore: registered new interface driver wishbone_serial
Nov 22 04:57:21 localhost kernel: [    1.930641] usbserial: USB Serial support registered for wishbone_serial
Nov 22 04:57:21 localhost kernel: [    1.931715] dw-rtc 31010000.rtc: registered as rtc0
Nov 22 04:57:21 localhost kernel: [    1.931733] dw-rtc 31010000.rtc: setting system clock to 1970-01-01T00:00:00 UTC (0)
Nov 22 04:57:21 localhost kernel: [    1.931852] i2c_dev: i2c /dev entries driver
Nov 22 04:57:21 localhost kernel: [    1.932172] pps pps0: new PPS source hobot_pps.-1
Nov 22 04:57:21 localhost kernel: [    1.932178] hobot-pps hobot_pps: register PPS source name:hobot_pps.-1
Nov 22 04:57:21 localhost kernel: [    1.932213] pps pps0: Registered IRQ 39 as PPS source
Nov 22 04:57:21 localhost kernel: [    1.932262] Error: Driver 'hobot-pps' is already registered, aborting...
Nov 22 04:57:21 localhost kernel: [    1.935254] hwmon hwmon0: temp2_input not attached to any thermal zone
Nov 22 04:57:21 localhost kernel: [    1.935612] dw_wdt 34250000.watchdog: No valid TOPs array specified
Nov 22 04:57:21 localhost kernel: [    1.935870] device-mapper: uevent: version 1.0.3
Nov 22 04:57:21 localhost kernel: [    1.935998] device-mapper: ioctl: 4.47.0-ioctl (2022-07-28) initialised: dm-devel@redhat.com
Nov 22 04:57:21 localhost kernel: [    1.936595] sdhci: Secure Digital Host Controller Interface driver
Nov 22 04:57:21 localhost kernel: [    1.936600] sdhci: Copyright(c) Pierre Ossman
Nov 22 04:57:21 localhost kernel: [    1.936603] sdhci-pltfm: SDHCI platform and OF driver helper
Nov 22 04:57:21 localhost kernel: [    1.937123] usbcore: registered new interface driver usbhid
Nov 22 04:57:21 localhost kernel: [    1.937129] usbhid: USB HID core driver
Nov 22 04:57:21 localhost kernel: [    1.937174] sdhci-dwcmshc 35030000.sdhci: mmc set to fixed voltage 1800
Nov 22 04:57:21 localhost kernel: [    1.937204] sdhci-dwcmshc 35040000.sdhci: MSHC_CTRL:0x40
Nov 22 04:57:21 localhost kernel: [    1.937233] logger: created 2048K log 'log_main'
Nov 22 04:57:21 localhost kernel: [    1.937296] logger: created 256K log 'log_events'
Nov 22 04:57:21 localhost kernel: [    1.937351] logger: created 256K log 'log_radio'
Nov 22 04:57:21 localhost kernel: [    1.937404] logger: created 256K log 'log_system'
Nov 22 04:57:21 localhost kernel: [    1.937450] bootloader-log soc:membuff: log stored in 0x87ffc000, size 0x2000
Nov 22 04:57:21 localhost kernel: [    1.937662] module version 0.1 init
Nov 22 04:57:21 localhost kernel: [    1.937893] ipc-shm-hal: ipc_hal_probe(): IPCF device can't register major number.
Nov 22 04:57:21 localhost kernel: [    1.938860] hobot-ipc-hal: probe of ipc_hal failed with error -16
Nov 22 04:57:21 localhost kernel: [    1.939309] x5-ddrc-devfreq soc:ddrc-freq: userspace_gov: 1
Nov 22 04:57:21 localhost kernel: [    1.939919] x5-dfi 38200000.dfi-monitor: apb clk rate: 200000000, interval: 1
Nov 22 04:57:21 localhost kernel: [    1.941833]  cs_system_cfg: CoreSight Configuration manager initialised
Nov 22 04:57:21 localhost kernel: [    1.942322] coresight-tmc 2c003000.etr: Detected dma mask 40bits
Nov 22 04:57:21 localhost kernel: [    1.944470] CSCFG registered etm0
Nov 22 04:57:21 localhost kernel: [    1.944477] coresight etm0: CPU0: etm v4.2 initialized
Nov 22 04:57:21 localhost kernel: [    1.944808] CSCFG registered etm1
Nov 22 04:57:21 localhost kernel: [    1.944813] coresight etm1: CPU1: etm v4.2 initialized
Nov 22 04:57:21 localhost kernel: [    1.945172] CSCFG registered etm2
Nov 22 04:57:21 localhost kernel: [    1.945178] coresight etm2: CPU2: etm v4.2 initialized
Nov 22 04:57:21 localhost kernel: [    1.945513] CSCFG registered etm3
Nov 22 04:57:21 localhost kernel: [    1.945518] coresight etm3: CPU3: etm v4.2 initialized
Nov 22 04:57:21 localhost kernel: [    1.945865] CSCFG registered etm4
Nov 22 04:57:21 localhost kernel: [    1.945870] coresight etm4: CPU4: etm v4.2 initialized
Nov 22 04:57:21 localhost kernel: [    1.946203] CSCFG registered etm5
Nov 22 04:57:21 localhost kernel: [    1.946208] coresight etm5: CPU5: etm v4.2 initialized
Nov 22 04:57:21 localhost kernel: [    1.946540] CSCFG registered etm6
Nov 22 04:57:21 localhost kernel: [    1.946545] coresight etm6: CPU6: etm v4.2 initialized
Nov 22 04:57:21 localhost kernel: [    1.946886] CSCFG registered etm7
Nov 22 04:57:21 localhost kernel: [    1.946891] coresight etm7: CPU7: etm v4.2 initialized
Nov 22 04:57:21 localhost kernel: [    1.947366] coresight cti_sys0: CTI initialized
Nov 22 04:57:21 localhost kernel: [    1.947594] coresight cti_cpu0: CTI initialized
Nov 22 04:57:21 localhost kernel: [    1.947822] coresight cti_cpu1: CTI initialized
Nov 22 04:57:21 localhost kernel: [    1.948068] coresight cti_cpu2: CTI initialized
Nov 22 04:57:21 localhost kernel: [    1.948293] coresight cti_cpu3: CTI initialized
Nov 22 04:57:21 localhost kernel: [    1.948523] coresight cti_cpu4: CTI initialized
Nov 22 04:57:21 localhost kernel: [    1.948757] coresight cti_cpu5: CTI initialized
Nov 22 04:57:21 localhost kernel: [    1.948985] coresight cti_cpu6: CTI initialized
Nov 22 04:57:21 localhost kernel: [    1.949219] coresight cti_cpu7: CTI initialized
Nov 22 04:57:21 localhost kernel: [    1.949630] optee: probing for conduit method.
Nov 22 04:57:21 localhost kernel: [    1.949653] optee: revision 3.20 (05a6c9de)
Nov 22 04:57:21 localhost kernel: [    1.949823] optee: dynamic shared memory is enabled
Nov 22 04:57:21 localhost kernel: [    1.950675] optee: initialized driver
Nov 22 04:57:21 localhost kernel: [    1.951438] ipc-wrapper ipc-wrapper: AUDIO : audio wrapper probe
Nov 22 04:57:21 localhost kernel: [    1.951904] cpu_dai_driver cpu-dai: AUDIO : ALSA cpu-dai driver probe succ
Nov 22 04:57:21 localhost kernel: [    1.951981] cpu_dai_driver cpu-dai: AUDIO : ALSA platform driver probe succ
Nov 22 04:57:22 localhost kernel: [    1.956993] machine-driver sound-machine: AUDIO : ALSA machine driver probe succ
Nov 22 04:57:22 localhost kernel: [    1.957990] GACT probability NOT on
Nov 22 04:57:22 localhost kernel: [    1.958057] u32 classifier
Nov 22 04:57:22 localhost kernel: [    1.958061]     input device check on
Nov 22 04:57:22 localhost kernel: [    1.958064]     Actions configured
Nov 22 04:57:22 localhost kernel: [    1.958225] NET: Registered PF_PACKET protocol family
Nov 22 04:57:22 localhost kernel: [    1.958237] NET: Registered PF_KEY protocol family
Nov 22 04:57:22 localhost kernel: [    1.958242] can: controller area network core
Nov 22 04:57:22 localhost kernel: [    1.958280] NET: Registered PF_CAN protocol family
Nov 22 04:57:22 localhost kernel: [    1.958286] can: raw protocol
Nov 22 04:57:22 localhost kernel: [    1.958292] can: broadcast manager protocol
Nov 22 04:57:22 localhost kernel: [    1.958299] can: netlink gateway - max_hops=1
Nov 22 04:57:22 localhost kernel: [    1.958395] 8021q: 802.1Q VLAN Support v1.8
Nov 22 04:57:22 localhost kernel: [    1.958412] Found lo, alias (efault) on irq 0
Nov 22 04:57:22 localhost kernel: [    1.958417] MAC: 00:00:00:00:00:00
Nov 22 04:57:22 localhost kernel: [    1.958422] Tx queue length: 1000
Nov 22 04:57:22 localhost kernel: [    1.958429] Invalid capabilities for NIC (lo), dropping from TSN list
Nov 22 04:57:22 localhost kernel: [    1.958432] Found eth0, alias (efault) on irq 37
Nov 22 04:57:22 localhost kernel: [    1.958436] MAC: 86:ad:d4:51:a4:42
Nov 22 04:57:22 localhost kernel: [    1.958441] Tx queue length: 1000
Nov 22 04:57:22 localhost kernel: [    1.958444] Invalid capabilities for NIC (eth0), dropping from TSN list
Nov 22 04:57:22 localhost kernel: [    1.958447] tsn_init_module: No capable NIC found. Perhaps load with in_debug=1 ?
Nov 22 04:57:22 localhost kernel: [    1.959636] registered taskstats version 1
Nov 22 04:57:22 localhost kernel: [    1.959643] Loading compiled-in X.509 certificates
Nov 22 04:57:22 localhost kernel: [    1.962489] Loaded X.509 cert 'Build time autogenerated kernel key: 7f38c1279589266c0f81acc4333e85d1784f4822'
Nov 22 04:57:22 localhost kernel: [    1.962581] Key type .fscrypt registered
Nov 22 04:57:22 localhost kernel: [    1.962586] Key type fscrypt-provisioning registered
Nov 22 04:57:22 localhost kernel: [    1.963333] pstore: Using crash dump compression: deflate
Nov 22 04:57:22 localhost kernel: [    1.965750] 
Nov 22 04:57:22 localhost kernel: [    1.965755] ********************************************************************
Nov 22 04:57:22 localhost kernel: [    1.965758] **     NOTICE NOTICE NOTICE NOTICE NOTICE NOTICE NOTICE           **
Nov 22 04:57:22 localhost kernel: [    1.965761] **                                                                **
Nov 22 04:57:22 localhost kernel: [    1.965764] **  WRITEABLE clk DebugFS SUPPORT HAS BEEN ENABLED IN THIS KERNEL **
Nov 22 04:57:22 localhost kernel: [    1.965767] **                                                                **
Nov 22 04:57:22 localhost kernel: [    1.965769] ** This means that this kernel is built to expose clk operations  **
Nov 22 04:57:22 localhost kernel: [    1.965772] ** such as parent or rate setting, enabling, disabling, etc.      **
Nov 22 04:57:22 localhost kernel: [    1.965775] ** to userspace, which may compromise security on your system.    **
Nov 22 04:57:22 localhost kernel: [    1.965777] **                                                                **
Nov 22 04:57:22 localhost kernel: [    1.965780] ** If you see this message and you are not debugging the          **
Nov 22 04:57:22 localhost kernel: [    1.965783] ** kernel, report this immediately to your vendor!                **
Nov 22 04:57:22 localhost kernel: [    1.965787] **                                                                **
Nov 22 04:57:22 localhost kernel: [    1.965791] **     NOTICE NOTICE NOTICE NOTICE NOTICE NOTICE NOTICE           **
Nov 22 04:57:22 localhost kernel: [    1.965793] ********************************************************************
Nov 22 04:57:22 localhost kernel: [    1.968315] mmc0: SDHCI controller on 35040000.sdhci [35040000.sdhci] using ADMA 64-bit
Nov 22 04:57:22 localhost kernel: [    1.975481] i2c_designware 320a0000.i2c: running with gpio recovery mode! scl,sda
Nov 22 04:57:22 localhost kernel: [    1.975682] i2c i2c-7: using pinctrl states for GPIO recovery
Nov 22 04:57:22 localhost kernel: [    1.976097] i2c_designware 340b0000.i2c: running with gpio recovery mode! scl,sda
Nov 22 04:57:22 localhost kernel: [    1.976231] i2c i2c-0: using pinctrl states for GPIO recovery
Nov 22 04:57:22 localhost kernel: [    1.976660] i2c_designware 340d0000.i2c: running with gpio recovery mode! scl,sda
Nov 22 04:57:22 localhost kernel: [    1.976777] i2c i2c-2: using pinctrl states for GPIO recovery
Nov 22 04:57:22 localhost kernel: [    1.976918] hpu3501 2-001c: Found hpu3501-regulator node, register regulator
Nov 22 04:57:22 localhost kernel: [    1.977035] hpu3501-regulator hpu3501-regulator.1.auto: fault_cfgr will be default value
Nov 22 04:57:22 localhost kernel: [    1.977042] hpu3501-regulator hpu3501-regulator.1.auto: ocp_cfg1r will be default value
Nov 22 04:57:22 localhost kernel: [    1.977047] hpu3501-regulator hpu3501-regulator.1.auto: ocp_cfg2r will be default value
Nov 22 04:57:22 localhost kernel: [    1.977052] hpu3501-regulator hpu3501-regulator.1.auto: reg 0x53 will be default value 0x4
Nov 22 04:57:22 localhost kernel: [    1.984062] hpu3501 set reg 0x53 to 0x4
Nov 22 04:57:22 localhost kernel: [    1.984367] hpu3501 2-001c: Found hpu3501-rtc node, register rtc
Nov 22 04:57:22 localhost kernel: [    1.984618] platform 3d080000.csi: Fixed dependency cycle(s) with /soc/a55_apb0/i2c@340d0000/sc230ai@30
Nov 22 04:57:22 localhost kernel: [    1.984729] i2c 2-0030: Fixed dependency cycle(s) with /soc/cam/csi@3d080000
Nov 22 04:57:22 localhost kernel: [    1.985304] i2c_designware 340e0000.i2c: running with gpio recovery mode! scl,sda
Nov 22 04:57:22 localhost kernel: [    1.985426] i2c i2c-3: using pinctrl states for GPIO recovery
Nov 22 04:57:22 localhost kernel: [    1.985854] i2c_designware 340f0000.i2c: running with gpio recovery mode! scl,sda
Nov 22 04:57:22 localhost kernel: [    1.985968] i2c i2c-4: using pinctrl states for GPIO recovery
Nov 22 04:57:22 localhost kernel: [    1.986458] xhci-hcd xhci-hcd.3.auto: xHCI Host Controller
Nov 22 04:57:22 localhost kernel: [    1.986477] xhci-hcd xhci-hcd.3.auto: new USB bus registered, assigned bus number 1
Nov 22 04:57:22 localhost kernel: [    1.986810] xhci-hcd xhci-hcd.3.auto: hcc params 0x0220fe6d hci version 0x110 quirks 0x0000008000010090
Nov 22 04:57:22 localhost kernel: [    1.986839] xhci-hcd xhci-hcd.3.auto: irq 52, io mem 0x35100000
Nov 22 04:57:22 localhost kernel: [    1.986937] xhci-hcd xhci-hcd.3.auto: xHCI Host Controller
Nov 22 04:57:22 localhost kernel: [    1.986948] xhci-hcd xhci-hcd.3.auto: new USB bus registered, assigned bus number 2
Nov 22 04:57:22 localhost kernel: [    1.986958] xhci-hcd xhci-hcd.3.auto: Host supports USB 3.0 SuperSpeed
Nov 22 04:57:22 localhost kernel: [    1.987330] hub 1-0:1.0: USB hub found
Nov 22 04:57:22 localhost kernel: [    1.987354] hub 1-0:1.0: 1 port detected
Nov 22 04:57:22 localhost kernel: [    1.987592] usb usb2: We don't know the algorithms for LPM for this host, disabling LPM.
Nov 22 04:57:22 localhost kernel: [    1.988908] hub 2-0:1.0: USB hub found
Nov 22 04:57:22 localhost kernel: [    1.988932] hub 2-0:1.0: 1 port detected
Nov 22 04:57:22 localhost kernel: [    1.991444] x5-ddrc-devfreq soc:ddrc-freq: userspace_gov: 1
Nov 22 04:57:22 localhost kernel: [    1.991942] guc 34190000.adc: ADC calibration: 17
Nov 22 04:57:22 localhost kernel: [    1.991953] guc 34190000.adc: ADC trimming: 8
Nov 22 04:57:22 localhost kernel: [    1.992515] guc 34190000.adc: GUC Initialize Finish
Nov 22 04:57:22 localhost kernel: [    1.994375] noc_qos 20530000.video_qos: noc qos init finished.
Nov 22 04:57:22 localhost kernel: [    1.995545] noc_qos 20530080.jpeg_qos: noc qos init finished.
Nov 22 04:57:22 localhost kernel: [    1.996715] noc_qos 20510280.isp_axi5_hdr_qos: noc qos init finished.
Nov 22 04:57:22 localhost kernel: [    1.997879] noc_qos 20510300.isp_axi4_mcm_qos: noc qos init finished.
Nov 22 04:57:22 localhost kernel: [    1.999038] noc_qos 20510380.isp_axi3_sp2_qos: noc qos init finished.
Nov 22 04:57:22 localhost kernel: [    2.000198] noc_qos 20510480.isp_axi1_mp_qos: noc qos init finished.
Nov 22 04:57:22 localhost kernel: [    2.004523] noc_qos 20540080.gpu3d_qos: noc qos init finished.
Nov 22 04:57:22 localhost kernel: [    2.009034] noc_qos 20540000.gpu2d_qos: noc qos init finished.
Nov 22 04:57:22 localhost kernel: [    2.011152] mmc0: new HS200 MMC card at address 0001
Nov 22 04:57:22 localhost kernel: [    2.011533] mmcblk0: mmc0:0001 TB2916 14.6 GiB 
Nov 22 04:57:22 localhost kernel: [    2.011594] noc_qos 20520000.bpu_qos: noc qos init finished.
Nov 22 04:57:22 localhost kernel: [    2.012995] noc_qos 20560000.hifi5_qos: consumer device is disabled, so qos isn't supported
Nov 22 04:57:22 localhost kernel: [    2.013034] noc_qos: probe of 20560000.hifi5_qos failed with error -1
Nov 22 04:57:22 localhost kernel: [    2.013888]  mmcblk0: p1 p2 p3 p4 p5 p6 p7 p8 p9 p10 p11 p12 p13
Nov 22 04:57:22 localhost kernel: [    2.015048] mmcblk0boot0: mmc0:0001 TB2916 4.00 MiB 
Nov 22 04:57:22 localhost kernel: [    2.015781] mmcblk0boot1: mmc0:0001 TB2916 4.00 MiB 
Nov 22 04:57:22 localhost kernel: [    2.016467] mmcblk0rpmb: mmc0:0001 TB2916 4.00 MiB, chardev (243:0)
Nov 22 04:57:22 localhost kernel: [    2.028941] input: gpio-keys as /devices/platform/gpio-keys/input/input0
Nov 22 04:57:22 localhost kernel: [    2.029263] hobot_remoteproc_init start
Nov 22 04:57:22 localhost kernel: [    2.029486] hobot_remoteproc_init end
Nov 22 04:57:22 localhost kernel: [    2.029718] ALSA device list:
Nov 22 04:57:22 localhost kernel: [    2.029742]   #0: gua-audio
Nov 22 04:57:22 localhost kernel: [    2.029894] dw-apb-uart 32120000.serial: forbid DMA for kernel console
Nov 22 04:57:22 localhost kernel: [    2.037263] sdhci-dwcmshc 35030000.sdhci: MSHC_CTRL:0x0
Nov 22 04:57:22 localhost kernel: [    2.062710] mmc2: SDHCI controller on 35030000.sdhci [35030000.sdhci] using ADMA 64-bit
Nov 22 04:57:22 localhost kernel: [    2.066863] EXT4-fs (mmcblk0p9): INFO: recovery required on readonly filesystem
Nov 22 04:57:22 localhost kernel: [    2.066870] EXT4-fs (mmcblk0p9): write access will be enabled during recovery
Nov 22 04:57:22 localhost kernel: [    2.077513] mmc2: new high speed SDIO card at address 0001
Nov 22 04:57:22 localhost kernel: [    2.110140] xhci-hcd xhci-hcd.4.auto: xHCI Host Controller
Nov 22 04:57:22 localhost kernel: [    2.110169] xhci-hcd xhci-hcd.4.auto: new USB bus registered, assigned bus number 3
Nov 22 04:57:22 localhost kernel: [    2.110284] xhci-hcd xhci-hcd.4.auto: USB3 root hub has no ports
Nov 22 04:57:22 localhost kernel: [    2.110293] xhci-hcd xhci-hcd.4.auto: hcc params 0x0220fe6d hci version 0x110 quirks 0x0000008000010090
Nov 22 04:57:22 localhost kernel: [    2.110342] xhci-hcd xhci-hcd.4.auto: irq 53, io mem 0x35300000
Nov 22 04:57:22 localhost kernel: [    2.110968] hub 3-0:1.0: USB hub found
Nov 22 04:57:22 localhost kernel: [    2.110997] hub 3-0:1.0: 1 port detected
Nov 22 04:57:22 localhost kernel: [    2.158972] EXT4-fs (mmcblk0p9): orphan cleanup on readonly fs
Nov 22 04:57:22 localhost kernel: [    2.159137] EXT4-fs (mmcblk0p9): 1 orphan inode deleted
Nov 22 04:57:22 localhost kernel: [    2.159147] EXT4-fs (mmcblk0p9): recovery complete
Nov 22 04:57:22 localhost kernel: [    2.162935] EXT4-fs (mmcblk0p9): mounted filesystem with ordered data mode. Quota mode: disabled.
Nov 22 04:57:22 localhost kernel: [    2.162982] VFS: Mounted root (ext4 filesystem) readonly on device 259:1.
Nov 22 04:57:22 localhost kernel: [    2.163391] devtmpfs: mounted
Nov 22 04:57:22 localhost kernel: [    2.163831] Freeing unused kernel memory: 2176K
Nov 22 04:57:22 localhost kernel: [    2.163933] Run /sbin/init as init process
Nov 22 04:57:22 localhost kernel: [    2.163938]   with arguments:
Nov 22 04:57:22 localhost kernel: [    2.163943]     /sbin/init
Nov 22 04:57:22 localhost kernel: [    2.163946]   with environment:
Nov 22 04:57:22 localhost kernel: [    2.163950]     HOME=/
Nov 22 04:57:22 localhost kernel: [    2.163955]     TERM=linux
Nov 22 04:57:22 localhost kernel: [    4.544647] EXT4-fs (mmcblk0p9): re-mounted. Quota mode: disabled.
Nov 22 04:57:22 localhost kernel: [    5.541599] hb_vpu 3b000000.vpu: Adding to iommu group 6
Nov 22 04:57:22 localhost kernel: [    5.547698] hb_jpu 3b010000.jpu: Adding to iommu group 7
Nov 22 04:57:22 localhost kernel: [    5.558572] start to add opp table.
Nov 22 04:57:22 localhost kernel: [    5.558589] finish to add opp table 4.
Nov 22 04:57:22 localhost kernel: [    5.558632] Galcore version 6.4.14.9.674707
Nov 22 04:57:22 localhost kernel: [    5.559051] aicbsp_init
Nov 22 04:57:22 localhost kernel: [    5.559066] RELEASE_DATE:2025_0410_b99ca8b6
Nov 22 04:57:22 localhost kernel: [    5.559070] aicbsp_resv_mem_init 
Nov 22 04:57:22 localhost kernel: [    5.559290] hobot_vpu_dev: [VPUDRV]vpu_init_system_mem:7158: vpu IO memory resource: physical base addr = 0x3b000000,virtual base addr = ffff80000a5c0000
Nov 22 04:57:22 localhost kernel: [    5.559544] nano2d 3c010000.gc820: Adding to iommu group 9
Nov 22 04:57:22 localhost kernel: [    5.559625] nano2d 3c010000.gc820: clk name: pclk, freq = 200000000.
Nov 22 04:57:22 localhost kernel: [    5.559640] nano2d 3c010000.gc820: clk name: aclk, freq = 750000000.
Nov 22 04:57:22 localhost kernel: [    5.559652] nano2d 3c010000.gc820: clk name: clk1x, freq = 750000000.
Nov 22 04:57:22 localhost kernel: [    5.562613] gpu_parse_dt: register base(3c010000), irq(62).
Nov 22 04:57:22 localhost kernel: [    5.562645] [VIN_NODE]:[L1078]hobot_vin_node_probe hw_id 0 done
Nov 22 04:57:22 localhost kernel: [    5.562658] VIN_NODE soc:cam:vin_node@0: [FRT:D] hobot_vin_node_probe(0)
Nov 22 04:57:22 localhost kernel: [    5.564663] [VIN_NODE]:[L1078]hobot_vin_node_probe hw_id 1 done
Nov 22 04:57:22 localhost kernel: [    5.564682] VIN_NODE soc:cam:vin_node@1: [FRT:D] hobot_vin_node_probe(0)
Nov 22 04:57:22 localhost kernel: [    5.565464] [VIN_NODE]:[L1078]hobot_vin_node_probe hw_id 2 done
Nov 22 04:57:22 localhost kernel: [    5.565483] VIN_NODE soc:cam:vin_node@2: [FRT:D] hobot_vin_node_probe(0)
Nov 22 04:57:22 localhost kernel: [    5.566819] [VIN_NODE]:[L1078]hobot_vin_node_probe hw_id 3 done
Nov 22 04:57:22 localhost kernel: [    5.566839] VIN_NODE soc:cam:vin_node@3: [FRT:D] hobot_vin_node_probe(0)
Nov 22 04:57:22 localhost kernel: [    5.568114] create /dev/nano2d device.
Nov 22 04:57:22 localhost kernel: [    5.568206] Insmod parameters:
Nov 22 04:57:22 localhost kernel: [    5.568210] device[0] core[0]
Nov 22 04:57:22 localhost kernel: [    5.568214]   irq line:62
Nov 22 04:57:22 localhost kernel: [    5.568217]   register base:0x3c010000
Nov 22 04:57:22 localhost kernel: [    5.568221]   register size:0x10000
Nov 22 04:57:22 localhost kernel: [    5.568223] 
Nov 22 04:57:22 localhost kernel: [    5.568226]   iommu enabled
Nov 22 04:57:22 localhost kernel: [    5.568228]   contiguous base:0x0
Nov 22 04:57:22 localhost kernel: [    5.568231]   contiguous size:0x0
Nov 22 04:57:22 localhost kernel: [    5.568234]   command contiguous base:0x0
Nov 22 04:57:22 localhost kernel: [    5.568237]   command contiguous size:0x0
Nov 22 04:57:22 localhost kernel: [    5.568239] 
Nov 22 04:57:22 localhost kernel: [    5.578465] [VPF mgr]:[L271]vpf_alloc_minor_number: minor[0] bit1 is used
Nov 22 04:57:22 localhost kernel: [    5.579408] [VPF mgr]:[L271]vpf_alloc_minor_number: minor[0] bit2 is used
Nov 22 04:57:22 localhost kernel: [    5.580568] [HOBOT_LPWM-0] (lpwm_platform_init): ctrl_reg = 0
Nov 22 04:57:22 localhost kernel: [    5.580793] [VIN_NODE]:[L610]type 3 vin_register_device_node done
Nov 22 04:57:22 localhost kernel: [    5.580802] [HOBOT_LPWM-0] (hobot_lpwm_probe): Probe success
Nov 22 04:57:22 localhost kernel: [    5.587635] [VPF mgr]:[L271]vpf_alloc_minor_number: minor[0] bit3 is used
Nov 22 04:57:22 localhost kernel: [    5.594157] [VPF mgr]:[L271]vpf_alloc_minor_number: minor[0] bit4 is used
Nov 22 04:57:22 localhost kernel: [    5.601884] [VPF mgr]:[L271]vpf_alloc_minor_number: minor[0] bit5 is used
Nov 22 04:57:22 localhost kernel: [    5.604842] nano2D: after probe, allocate_count = 28
Nov 22 04:57:22 localhost kernel: [    5.622103] [CODEC_NODE]:[L647]hobot_codec_node_probe start
Nov 22 04:57:22 localhost kernel: [    5.622137] [VPF mgr]:[L271]vpf_alloc_minor_number: minor[0] bit6 is used
Nov 22 04:57:22 localhost kernel: [    5.625030] [VPF mgr]:[L271]vpf_alloc_minor_number: minor[0] bit7 is used
Nov 22 04:57:22 localhost kernel: [    5.625134] [CODEC_NODE]:[L670][FRT:D] hobot_codec_node_probe(0)
Nov 22 04:57:22 localhost kernel: [    5.665832] [INFO][HOBOT_OSD](osd_probe) done
Nov 22 04:57:22 localhost kernel: [    5.802758] dwc-eth-dwmac 35010000.gmac-tsn eth0: Register MEM_TYPE_PAGE_POOL RxQ-0
Nov 22 04:57:22 localhost kernel: [    5.803240] dwc-eth-dwmac 35010000.gmac-tsn eth0: Register MEM_TYPE_PAGE_POOL RxQ-1
Nov 22 04:57:22 localhost kernel: [    5.803678] dwc-eth-dwmac 35010000.gmac-tsn eth0: Register MEM_TYPE_PAGE_POOL RxQ-2
Nov 22 04:57:22 localhost kernel: [    5.804122] dwc-eth-dwmac 35010000.gmac-tsn eth0: Register MEM_TYPE_PAGE_POOL RxQ-3
Nov 22 04:57:22 localhost kernel: [    5.805228] dwc-eth-dwmac 35010000.gmac-tsn eth0: validation of  with support 00000000,00000000,00006000 and advertisement 00000000,00000000,00000000 failed: -EINVAL
Nov 22 04:57:22 localhost kernel: [    5.805288] dwc-eth-dwmac 35010000.gmac-tsn eth0: __stmmac_open: Cannot attach to PHY (error: -22)
Nov 22 04:57:22 localhost kernel: [    6.616236] vs-cam-pulse 3d0b008c.cam_pulse: cam_pulse_probe successfully done!
Nov 22 04:57:22 localhost kernel: [    6.648586] vin vcon0: self rx0 attr 0x521 bus 7 probe
Nov 22 04:57:22 localhost kernel: [    6.648755] vin vcon1: self rx1 attr 0x521 bus 4 probe
Nov 22 04:57:22 localhost kernel: [    6.648838] vin vcon2: self rx2 attr 0x5a1 bus 7 probe
Nov 22 04:57:22 localhost kernel: [    6.649087] vin vcon3: self rx3 attr 0x521 bus 7 probe
Nov 22 04:57:22 localhost kernel: [    6.649438] [VIN_NODE]:[L610]type 2 vin_register_device_node done
Nov 22 04:57:22 localhost kernel: [    6.649445] vin vcon: init 4 vcon done
Nov 22 04:57:22 localhost kernel: [    6.665410] hobot-sif 3d020000.sif: Adding to iommu group 1
Nov 22 04:57:22 localhost kernel: [    6.665722] [VIN_NODE]:[L845]hw_id 0 vin_device_node_init done
Nov 22 04:57:22 localhost kernel: [    6.665750] [VPF mgr]:[L271]vpf_alloc_minor_number: minor[0] bit8 is used
Nov 22 04:57:22 localhost kernel: [    6.665883] [VPF mgr]:[L271]vpf_alloc_minor_number: minor[0] bit9 is used
Nov 22 04:57:22 localhost kernel: [    6.665986] [VPF mgr]:[L271]vpf_alloc_minor_number: minor[0] bit10 is used
Nov 22 04:57:22 localhost kernel: [    6.666058] [VPF mgr]:[L271]vpf_alloc_minor_number: minor[0] bit11 is used
Nov 22 04:57:22 localhost kernel: [    6.666137] [VIN_NODE]:[L999][S0]vin_node_device_node_init hw_id 0 done
Nov 22 04:57:22 localhost kernel: [    6.666185] hobot-sif 3d020000.sif: [FRT:D] cim_probe(0)
Nov 22 04:57:22 localhost kernel: [    6.666192] [CIM]:[L1014]cim_probe hw_id 0 done, time used: 731us
Nov 22 04:57:22 localhost kernel: [    6.666391] hobot-sif 3d030000.sif: Adding to iommu group 1
Nov 22 04:57:22 localhost kernel: [    6.666611] [VIN_NODE]:[L845]hw_id 1 vin_device_node_init done
Nov 22 04:57:22 localhost kernel: [    6.666636] [VPF mgr]:[L271]vpf_alloc_minor_number: minor[0] bit12 is used
Nov 22 04:57:22 localhost kernel: [    6.666790] [VPF mgr]:[L271]vpf_alloc_minor_number: minor[0] bit13 is used
Nov 22 04:57:22 localhost kernel: [    6.666908] [VPF mgr]:[L271]vpf_alloc_minor_number: minor[0] bit14 is used
Nov 22 04:57:22 localhost kernel: [    6.667066] [VPF mgr]:[L271]vpf_alloc_minor_number: minor[0] bit15 is used
Nov 22 04:57:22 localhost kernel: [    6.667192] [VIN_NODE]:[L999][S0]vin_node_device_node_init hw_id 1 done
Nov 22 04:57:22 localhost kernel: [    6.667236] hobot-sif 3d030000.sif: [FRT:D] cim_probe(0)
Nov 22 04:57:22 localhost kernel: [    6.667243] [CIM]:[L1014]cim_probe hw_id 1 done, time used: 827us
Nov 22 04:57:22 localhost kernel: [    6.667529] hobot-sif 3d040000.sif: Adding to iommu group 1
Nov 22 04:57:22 localhost kernel: [    6.667771] [VIN_NODE]:[L845]hw_id 2 vin_device_node_init done
Nov 22 04:57:22 localhost kernel: [    6.667796] [VPF mgr]:[L271]vpf_alloc_minor_number: minor[0] bit16 is used
Nov 22 04:57:22 localhost kernel: [    6.667909] [VPF mgr]:[L271]vpf_alloc_minor_number: minor[0] bit17 is used
Nov 22 04:57:22 localhost kernel: [    6.667996] [VPF mgr]:[L271]vpf_alloc_minor_number: minor[0] bit18 is used
Nov 22 04:57:22 localhost kernel: [    6.668077] [VPF mgr]:[L271]vpf_alloc_minor_number: minor[0] bit19 is used
Nov 22 04:57:22 localhost kernel: [    6.668172] [VIN_NODE]:[L999][S0]vin_node_device_node_init hw_id 2 done
Nov 22 04:57:22 localhost kernel: [    6.668214] hobot-sif 3d040000.sif: [FRT:D] cim_probe(0)
Nov 22 04:57:22 localhost kernel: [    6.668221] [CIM]:[L1014]cim_probe hw_id 2 done, time used: 664us
Nov 22 04:57:22 localhost kernel: [    6.668416] hobot-sif 3d050000.sif: Adding to iommu group 1
Nov 22 04:57:22 localhost kernel: [    6.668647] [VIN_NODE]:[L845]hw_id 3 vin_device_node_init done
Nov 22 04:57:22 localhost kernel: [    6.668671] [VPF mgr]:[L271]vpf_alloc_minor_number: minor[0] bit20 is used
Nov 22 04:57:22 localhost kernel: [    6.668772] [VPF mgr]:[L271]vpf_alloc_minor_number: minor[0] bit21 is used
Nov 22 04:57:22 localhost kernel: [    6.668887] [VPF mgr]:[L271]vpf_alloc_minor_number: minor[0] bit22 is used
Nov 22 04:57:22 localhost kernel: [    6.668968] [VPF mgr]:[L271]vpf_alloc_minor_number: minor[0] bit23 is used
Nov 22 04:57:22 localhost kernel: [    6.669031] [VIN_NODE]:[L999][S0]vin_node_device_node_init hw_id 3 done
Nov 22 04:57:22 localhost kernel: [    6.669111] hobot-sif 3d050000.sif: [FRT:D] cim_probe(0)
Nov 22 04:57:22 localhost kernel: [    6.669119] [CIM]:[L1014]cim_probe hw_id 3 done, time used: 677us
Nov 22 04:57:22 localhost kernel: [    6.670401] [VIN_NODE]:[L610]type 0 vin_register_device_node done
Nov 22 04:57:22 localhost kernel: [    6.702611] vin sensor: init 24 sensor v1.0 done
Nov 22 04:57:22 localhost kernel: [    6.720431] vin mipi0: probe with x5sys done
Nov 22 04:57:22 localhost kernel: [    6.730576] CAM_SUBSYS soc:cam:cam_sys@0: [FRT:D] camsys_probe(0)
Nov 22 04:57:22 localhost kernel: [    6.740341] vin mipi0: snrclk set disable
Nov 22 04:57:22 localhost kernel: [    6.740375] vin mipi0: ver 0154 port0(0:0)
Nov 22 04:57:22 localhost kernel: [    6.740954] vin mipi1: snrclk set disable
Nov 22 04:57:22 localhost kernel: [    6.740987] vin mipi1: ver 0154 port1(0:1)
Nov 22 04:57:22 localhost kernel: [    6.741306] vin mipi2: snrclk set disable
Nov 22 04:57:22 localhost kernel: [    6.741330] vin mipi2: ver 0154 port2(1:0)
Nov 22 04:57:22 localhost kernel: [    6.741873] vin mipi3: snrclk set disable
Nov 22 04:57:22 localhost kernel: [    6.741904] vin mipi3: ver 0154 port3(1:1)
Nov 22 04:57:22 localhost kernel: [    6.742403] [VIN_NODE]:[L610]type 1 vin_register_device_node done
Nov 22 04:57:22 localhost kernel: [    6.742417] vin mipi-tx: dev0 dummy setcb
Nov 22 04:57:22 localhost kernel: [    6.742420] vin mipi-tx: dev1 dummy setcb
Nov 22 04:57:22 localhost kernel: [    6.742423] vin mipi: init 4 rx 2 tx done
Nov 22 04:57:22 localhost kernel: [    6.752411] vin mipi: phy debug probed
Nov 22 04:57:22 localhost kernel: [    6.752594] vin mipi0: debug probed
Nov 22 04:57:22 localhost kernel: [    6.752778] vin mipi1: debug probed
Nov 22 04:57:22 localhost kernel: [    6.752957] vin mipi2: debug probed
Nov 22 04:57:22 localhost kernel: [    6.753122] vin mipi3: debug probed
Nov 22 04:57:22 localhost kernel: [    6.766281] vs-isp 3d000000.isp: Adding to iommu group 8
Nov 22 04:57:22 localhost kernel: [    6.766875] vs-isp 3d000000.isp: assigned reserved memory node linux,cma@88000000
Nov 22 04:57:22 localhost kernel: [    6.766909] [VPF mgr]:[L271]vpf_alloc_minor_number: minor[0] bit24 is used
Nov 22 04:57:22 localhost kernel: [    6.767037] [VPF mgr]:[L271]vpf_alloc_minor_number: minor[0] bit25 is used
Nov 22 04:57:22 localhost kernel: [    6.767115] [VPF mgr]:[L271]vpf_alloc_minor_number: minor[0] bit26 is used
Nov 22 04:57:22 localhost kernel: [    6.767211] [VPF mgr]:[L271]vpf_alloc_minor_number: minor[0] bit27 is used
Nov 22 04:57:22 localhost kernel: [    6.767329] vs-isp 3d000000.isp: VS ISP driver (native) probed done, time used: 983us
Nov 22 04:57:22 localhost kernel: [    6.779509] vs-vse 3d010000.vse: Adding to iommu group 0
Nov 22 04:57:22 localhost kernel: [    6.780022] vs-vse 3d010000.vse: cannot get reset control (err=-6)
Nov 22 04:57:22 localhost kernel: [    6.780302] [VPF mgr]:[L271]vpf_alloc_minor_number: minor[0] bit28 is used
Nov 22 04:57:22 localhost kernel: [    6.780530] [VPF mgr]:[L271]vpf_alloc_minor_number: minor[0] bit29 is used
Nov 22 04:57:22 localhost kernel: [    6.780613] [VPF mgr]:[L271]vpf_alloc_minor_number: minor[0] bit30 is used
Nov 22 04:57:22 localhost kernel: [    6.780760] [VPF mgr]:[L271]vpf_alloc_minor_number: minor[0] bit31 is used
Nov 22 04:57:22 localhost kernel: [    6.782095] [VPF mgr]:[L271]vpf_alloc_minor_number: minor[1] bit0 is used
Nov 22 04:57:22 localhost kernel: [    6.782312] [VPF mgr]:[L271]vpf_alloc_minor_number: minor[1] bit1 is used
Nov 22 04:57:22 localhost kernel: [    6.782509] [VPF mgr]:[L271]vpf_alloc_minor_number: minor[1] bit2 is used
Nov 22 04:57:22 localhost kernel: [    6.782639] vs-vse 3d010000.vse: VS VSE driver (native) probed done, time used: 3081us
Nov 22 04:57:22 localhost kernel: [    6.793914] vin deserial: init 6 deserial v1.0 done
Nov 22 04:57:22 localhost kernel: [    6.804361] HOBOT GDC 3d0c0000.gdc: Adding to iommu group 2
Nov 22 04:57:22 localhost kernel: [    6.804565] [VPF mgr]:[L271]vpf_alloc_minor_number: minor[1] bit3 is used
Nov 22 04:57:22 localhost kernel: [    6.804686] [VPF mgr]:[L271]vpf_alloc_minor_number: minor[1] bit4 is used
Nov 22 04:57:22 localhost kernel: [    6.804779] HOBOT GDC 3d0c0000.gdc: [FRT:D] hobot_gdc_probe(0)
Nov 22 04:57:22 localhost kernel: [    6.814313] [ISI_Sensor]:isi_sensor_init end
Nov 22 04:57:22 localhost kernel: [    6.846684] cfg80211: Loading compiled-in X.509 certificates for regulatory database
Nov 22 04:57:22 localhost kernel: [    6.856875] cfg80211: Loaded X.509 cert 'wens: 61c038651aabdcf94bd0ac7ff06c7248db18c600'
Nov 22 04:57:22 localhost kernel: [    6.857487] cfg80211: Loaded X.509 cert 'sforshee: 00b28ddf47aef9cea7'
Nov 22 04:57:22 localhost kernel: [    6.859620] platform regulatory.0: Direct firmware load for regulatory.db failed with error -2
Nov 22 04:57:22 localhost kernel: [    6.859641] platform regulatory.0: Falling back to sysfs fallback for: regulatory.db
Nov 22 04:57:22 localhost kernel: [    6.861827] cfg80211: failed to load regulatory.db
Nov 22 04:57:22 localhost kernel: [    6.992954] 8852bs: module is from the staging directory, the quality is unknown, you have been warned.
Nov 22 04:57:22 localhost kernel: [    7.068682] Bluetooth: Core ver 2.22
Nov 22 04:57:22 localhost kernel: [    7.068798] NET: Registered PF_BLUETOOTH protocol family
Nov 22 04:57:22 localhost kernel: [    7.068804] Bluetooth: HCI device and connection manager initialized
Nov 22 04:57:22 localhost kernel: [    7.068820] Bluetooth: HCI socket layer initialized
Nov 22 04:57:22 localhost kernel: [    7.068827] Bluetooth: L2CAP socket layer initialized
Nov 22 04:57:22 localhost kernel: [    7.068847] Bluetooth: SCO socket layer initialized
Nov 22 04:57:22 localhost kernel: [    7.079549] Bluetooth: HCI UART driver ver 2.3
Nov 22 04:57:22 localhost kernel: [    7.079570] Bluetooth: HCI UART protocol H4 registered
Nov 22 04:57:22 localhost kernel: [    7.079637] Bluetooth: HCI UART protocol Three-wire (H5) registered
Nov 22 04:57:22 localhost kernel: [    7.102790] bpu-core 3a000000.bpu: Adding to iommu group 10
Nov 22 04:57:22 localhost kernel: [    7.103013] bpu-core 3a000000.bpu: Can't get bpu power delay, use default
Nov 22 04:57:22 localhost kernel: [    7.109147] bpu_hw_io_x5: loading out-of-tree module taints kernel.
Nov 22 04:57:22 localhost kernel: [    7.109167] bpu_hw_io_x5: module license 'Proprietary' taints kernel.
Nov 22 04:57:22 localhost kernel: [    7.109171] Disabling lock debugging due to kernel taint
Nov 22 04:57:22 localhost kernel: [    7.109585] bpu-core: hw-io: git commit: 42566cb
Nov 22 04:57:22 localhost kernel: [    7.125447] ** HUGE-IC WLAN Card Driver(fmac) v2.2.1-35256
Nov 22 04:57:22 localhost kernel: [    7.125463] hgic_usb_init:430::Enter, max_pkt_len = 2560
Nov 22 04:57:22 localhost kernel: [    7.125560] usbcore: registered new interface driver hgicf
Nov 22 04:57:22 localhost kernel: [    7.125565] hgic_usb_init:439::Leave
Nov 22 04:57:22 localhost kernel: [    7.125570] hgic_sdio_init:1031::Enter, max_pkt_len = 8192
Nov 22 04:57:22 localhost kernel: [    7.125794] hgic_sdio_probe:874::Enter, func->num:1, devid:4002
Nov 22 04:57:22 localhost kernel: [    7.125805] hgic_sdio_probe:890::new sdio card: vendor:a012, id:4002
Nov 22 04:57:22 localhost kernel: [    7.125811] hgicf_core_probe:1063::qc_mode=0, no_bootdl=0, if_agg=0, txq_size=1024
Nov 22 04:57:22 localhost kernel: [    7.125834] hgic_ota_init:78::Enter ...
Nov 22 04:57:22 localhost kernel: [    7.125838] hgic_ota_init:85::Leave ...
Nov 22 04:57:22 localhost kernel: [    7.125842] hgic_bootdl_init:47::Enter ...
Nov 22 04:57:22 localhost kernel: [    7.125845] hgic_bootdl_init:53::Leave ...each packet len:32704
Nov 22 04:57:22 localhost kernel: [    7.125853] hgicf_core_probe:1108::ok
Nov 22 04:57:22 localhost kernel: [    7.125856] hgic_sdio_enable:843::Enter
Nov 22 04:57:22 localhost kernel: [    7.125963] hgic_sdio_enable:862::ok
Nov 22 04:57:22 localhost kernel: [    7.125984] hgicf_download_fw:783::Enter
Nov 22 04:57:22 localhost kernel: [    7.126004] hgic_sdio_probe:934::ok
Nov 22 04:57:22 localhost kernel: [    7.126077] hgic_sdio_init:1037::Leave
Nov 22 04:57:22 localhost kernel: [    7.126082] leave hgicf_init
Nov 22 04:57:22 localhost kernel: [    7.126200] enter hgic_bootdl_download
Nov 22 04:57:22 localhost kernel: [    7.129096] hgic_get_fw_dl_addr:150::hgic_get_fw_dl_addr:Check Para:download addr:20001000
Nov 22 04:57:22 localhost kernel: [    7.129118] hgic_get_fw_aes_en:114::hgic_get_fw_aes_en:Check Para:aes_en:0
Nov 22 04:57:22 localhost kernel: [    7.129124] hgic_get_fw_crc_en:132::hgic_get_fw_crc_en:Check Para:crc_en:1
Nov 22 04:57:22 localhost kernel: [    7.129129] hgic_get_fw_local_crc32:204::hgic_get_fw_local_crc32:Check Para:local crc:0
Nov 22 04:57:22 localhost kernel: [    7.129134] hgic_get_fw_code_offset:186::hgic_get_fw_code_offset:Check Para:code offset:8192
Nov 22 04:57:22 localhost kernel: [    7.129139] hgic_bootdl_parse_fw:190::firmware hdr len  : 8192
Nov 22 04:57:22 localhost kernel: [    7.129143] hgic_bootdl_parse_fw:191::firmware run addr : 20001000
Nov 22 04:57:22 localhost kernel: [    7.129147] hgic_bootdl_parse_fw:192::firmware size     : 351248
Nov 22 04:57:22 localhost kernel: [    7.129151] hgic_bootdl_parse_fw:193::firmware aes_en:0,crc_en:1
Nov 22 04:57:22 localhost kernel: [    7.131368] hgic_bootdl_send_fw:216::Send fw data success!
Nov 22 04:57:22 localhost kernel: [    7.133540] hgic_bootdl_send_fw:216::Send fw data success!
Nov 22 04:57:22 localhost kernel: [    7.135659] hgic_bootdl_send_fw:216::Send fw data success!
Nov 22 04:57:22 localhost kernel: [    7.137775] hgic_bootdl_send_fw:216::Send fw data success!
Nov 22 04:57:22 localhost kernel: [    7.139973] hgic_bootdl_send_fw:216::Send fw data success!
Nov 22 04:57:22 localhost kernel: [    7.142160] hgic_bootdl_send_fw:216::Send fw data success!
Nov 22 04:57:22 localhost kernel: [    7.144281] hgic_bootdl_send_fw:216::Send fw data success!
Nov 22 04:57:22 localhost kernel: [    7.146376] hgic_bootdl_send_fw:216::Send fw data success!
Nov 22 04:57:22 localhost kernel: [    7.148466] hgic_bootdl_send_fw:216::Send fw data success!
Nov 22 04:57:22 localhost kernel: [    7.150578] hgic_bootdl_send_fw:216::Send fw data success!
Nov 22 04:57:22 localhost kernel: [    7.152193] hgic_bootdl_send_fw:216::Send fw data success!
Nov 22 04:57:22 localhost kernel: [    7.154204] asoc-duplex-host-card snd0: asoc_simple_probe test es8311 end
Nov 22 04:57:22 localhost kernel: [    7.161374] hgic_bootdl_download:425::Cmd run success!
Nov 22 04:57:22 localhost kernel: [    7.161393] hgic_bootdl_download:429::Release boot download firmware...
Nov 22 04:57:22 localhost kernel: [    7.161469] leave hgic_bootdl_download
Nov 22 04:57:22 localhost kernel: [    7.209761] enter hgic_sdio_reinit_card
Nov 22 04:57:22 localhost kernel: [    7.252679] leave hgic_sdio_reinit_card
Nov 22 04:57:22 localhost kernel: [    7.270267] hgic fw info:1.6.4.5, svn version:36364, 1e:9e:14:96:a8:20, smt_dat:124111319
Nov 22 04:57:22 localhost kernel: [    7.270297] hgicf_create_iface:584::Enter
Nov 22 04:57:22 localhost kernel: [    7.270690] hgicf_create_procfs:267::enter
Nov 22 04:57:22 localhost kernel: [    7.270720] hgicf_create_procfs:294::leave
Nov 22 04:57:22 localhost kernel: [    7.271660] hgicf_load_config:117::load conf file: /etc/hgicf.conf
Nov 22 04:57:22 localhost kernel: [    7.274739] hgicf_load_config:132::param: [bss_bw=4]
Nov 22 04:57:22 localhost kernel: [    7.279000] hgicf_load_config:132::param: [chan_list=9060,9100,9140,9180,9220]
Nov 22 04:57:22 localhost kernel: [    7.291150] hgicf_load_config:132::param: [country_code=]
Nov 22 04:57:22 localhost kernel: [    7.291183] hgicf_load_config:136::invalid param:[country_code=]
Nov 22 04:57:22 localhost kernel: [    7.291189] hgicf_load_config:132::param: [freq_range=]
Nov 22 04:57:22 localhost kernel: [    7.291195] hgicf_load_config:136::invalid param:[freq_range=]
Nov 22 04:57:22 localhost kernel: [    7.291199] hgicf_load_config:132::param: [key_mgmt=WPA-PSK]
Nov 22 04:57:22 localhost kernel: [    7.294689] hgicf_load_config:132::param: [mode=sta]
Nov 22 04:57:22 localhost kernel: [    7.298173] hgicf_load_config:132::param: [ssid=CS1P1251US0006200]
Nov 22 04:57:22 localhost kernel: [    7.301179] hg0: Current addr:  1e 9e 14 96 a8 20 00 00 00 00 00 00 00 00 00 00 00 00 00 00 00 00 00 00 00 00 00 00 00 00 00 00
Nov 22 04:57:22 localhost kernel: [    7.301201] hg0: Expected addr: 00 00 00 00 00 00 00 00 00 00 00 00 00 00 00 00 00 00 00 00 00 00 00 00 00 00 00 00 00 00 00 00
Nov 22 04:57:22 localhost kernel: [    7.301207] ------------[ cut here ]------------
Nov 22 04:57:22 localhost kernel: [    7.301210] netdevice: hg0: Incorrect netdev->dev_addr
Nov 22 04:57:22 localhost kernel: [    7.301238] WARNING: CPU: 7 PID: 290 at net/core/dev_addr_lists.c:519 dev_addr_check+0x94/0x140
Nov 22 04:57:22 localhost kernel: [    7.301259] Modules linked in: snd_soc_hobot_sound_duplex_host snd_soc_simple_card_utils designware_i2s hgicf bpu_hw_io_x5(PO) bpu_cores bpu_framework hci_uart btrtl bluetooth 8852bs(C) cfg80211 rfkill hobot_isi_sensor hobot_gdc hobot_deserial vs_vse_nat vs_isp_nat hobot_mipidbg hobot_mipicsi hobot_camsys hobot_mipiphy hobot_sensor vs_sif_nat vs_ops_nat hobot_vin_vcon vs_csi_wrapper vs_cam_pulse vs_cam_ctrl vs_isc hobot_osd hobot_codec_vnode vs_dw_crc hobot_lpwm aic8800_bsp vio_n2d galcore hobot_jpu hobot_vin_vnode hobot_vpu hobot_vio_common
Nov 22 04:57:22 localhost kernel: [    7.301376] CPU: 7 PID: 290 Comm: systemd-network Tainted: P        WC O       6.1.83-DR-PL5.2_V1.1.1 #11
Nov 22 04:57:22 localhost kernel: [    7.301383] Hardware name: D-Robotics X5 EVB LP4 1_B board (DT)
Nov 22 04:57:22 localhost kernel: [    7.301388] pstate: 60400009 (nZCv daif +PAN -UAO -TCO -DIT -SSBS BTYPE=--)
Nov 22 04:57:22 localhost kernel: [    7.301394] pc : dev_addr_check+0x94/0x140
Nov 22 04:57:22 localhost kernel: [    7.301401] lr : dev_addr_check+0x94/0x140
Nov 22 04:57:22 localhost kernel: [    7.301408] sp : ffff80000a3e3560
Nov 22 04:57:22 localhost kernel: [    7.301411] x29: ffff80000a3e3560 x28: ffff000080356e00 x27: ffff8000094fe500
Nov 22 04:57:22 localhost kernel: [    7.301422] x26: ffff80000a3e3818 x25: 0000000000000001 x24: 0000000000000000
Nov 22 04:57:22 localhost kernel: [    7.301433] x23: ffff000083ec9238 x22: 0000000000001002 x21: ffff8000011fb168
Nov 22 04:57:22 localhost kernel: [    7.301443] x20: ffff000083ec9000 x19: ffff000083ec9000 x18: 0000000000000038
Nov 22 04:57:22 localhost kernel: [    7.301453] x17: 3030203030203030 x16: 2030302030302030 x15: fffffffffffee9c8
Nov 22 04:57:22 localhost kernel: [    7.301464] x14: 3030203030203030 x13: ffff8000090d9eb0 x12: 0000000000000a35
Nov 22 04:57:22 localhost kernel: [    7.301474] x11: 0000000000000367 x10: ffff800009131eb0 x9 : ffff8000090d9eb0
Nov 22 04:57:22 localhost kernel: [    7.301484] x8 : 00000000ffffefff x7 : ffff800009131eb0 x6 : 0000000000000000
Nov 22 04:57:22 localhost kernel: [    7.301494] x5 : ffff0000ff73faa0 x4 : 0000000000000000 x3 : ffff8000f6806000
Nov 22 04:57:22 localhost kernel: [    7.301504] x2 : 0000000000000000 x1 : 0000000000000000 x0 : ffff000080356e00
Nov 22 04:57:22 localhost kernel: [    7.301515] Call trace:
Nov 22 04:57:22 localhost kernel: [    7.301519]  dev_addr_check+0x94/0x140
Nov 22 04:57:22 localhost kernel: [    7.301526]  __dev_open+0x40/0x1dc
Nov 22 04:57:22 localhost kernel: [    7.301532]  __dev_change_flags+0x190/0x20c
Nov 22 04:57:22 localhost kernel: [    7.301538]  dev_change_flags+0x24/0x64
Nov 22 04:57:22 localhost kernel: [    7.301544]  do_setlink+0x210/0xe50
Nov 22 04:57:22 localhost kernel: [    7.301550]  rtnl_setlink+0xe4/0x180
Nov 22 04:57:22 localhost kernel: [    7.301555]  rtnetlink_rcv_msg+0x12c/0x390
Nov 22 04:57:22 localhost kernel: [    7.301561]  netlink_rcv_skb+0x5c/0x130
Nov 22 04:57:22 localhost kernel: [    7.301567]  rtnetlink_rcv+0x18/0x24
Nov 22 04:57:22 localhost kernel: [    7.301575]  netlink_unicast+0x2e4/0x350
Nov 22 04:57:22 localhost kernel: [    7.301580]  netlink_sendmsg+0x198/0x3f0
Nov 22 04:57:22 localhost kernel: [    7.301584]  __sys_sendto+0x12c/0x170
Nov 22 04:57:22 localhost kernel: [    7.301592]  __arm64_sys_sendto+0x28/0x40
Nov 22 04:57:22 localhost kernel: [    7.301599]  invoke_syscall+0x48/0x114
Nov 22 04:57:22 localhost kernel: [    7.301608]  el0_svc_common.constprop.0+0xd4/0xfc
Nov 22 04:57:22 localhost kernel: [    7.301615]  do_el0_svc+0x30/0xd0
Nov 22 04:57:22 localhost kernel: [    7.301621]  el0_svc+0x2c/0x84
Nov 22 04:57:22 localhost kernel: [    7.301630]  el0t_64_sync_handler+0xbc/0x140
Nov 22 04:57:22 localhost kernel: [    7.301636]  el0t_64_sync+0x18c/0x190
Nov 22 04:57:22 localhost kernel: [    7.301643] ---[ end trace 0000000000000000 ]---
Nov 22 04:57:22 localhost kernel: [    7.304467] hgicf_load_config:132::param: [tx_mcs=255]
Nov 22 04:57:22 localhost kernel: [    7.316988] hgicf_load_config:132::param: [wpa_psk=baa58569a9edd7c3a55e446bc658ef76a7173d023d256786832474d737756a11]
Nov 22 04:57:22 localhost kernel: [    7.328332] hgicf_delay_init:877::Leave, ret=28, soft_fc=1
Nov 22 04:57:23 localhost kernel: [    8.462793] EXT4-fs (mmcblk0p10): mounted filesystem with ordered data mode. Quota mode: disabled.
Nov 22 04:57:23 localhost kernel: [    8.471690] EXT4-fs (mmcblk0p11): mounted filesystem with ordered data mode. Quota mode: disabled.
Nov 22 04:57:23 localhost kernel: [    8.475666] EXT4-fs (mmcblk0p13): mounted filesystem with ordered data mode. Quota mode: disabled.
