Mar 22 00:37:07 localhost kernel: [99204.337859] 
Mar 22 00:37:07 localhost kernel: [99204.337859] -------------------
Mar 22 00:37:07 localhost kernel: [99204.338825] [400951940]LMAC STATUS:
Mar 22 00:37:07 localhost kernel: [99204.338932] 
Mar 22 00:37:07 localhost kernel: [99204.338932] local: 1e:9e:14:96:a8:20 AID= 1
Mar 22 00:37:07 localhost kernel: [99204.339056] freq= 914.0 bw=4 bgr=-93 dc=1:-2(-27:-3) 
Mar 22 00:37:07 localhost kernel: [99204.339170] chn: 
Mar 22 00:37:07 localhost kernel: [99204.339334]  906.0 
Mar 22 00:37:07 localhost kernel: [99204.339452]  910.0 
Mar 22 00:37:07 localhost kernel: [99204.339565]  914.0 
Mar 22 00:37:07 localhost kernel: [99204.339795]  918.0 
Mar 22 00:37:07 localhost kernel: [99204.339911]  922.0 
Mar 22 00:37:07 localhost kernel: [99204.340052] 
Mar 22 00:37:07 localhost kernel: [99204.340166] bgr: 
Mar 22 00:37:07 localhost kernel: [99204.340282]    -91 
Mar 22 00:37:07 localhost kernel: [99204.340399]    -92 
Mar 22 00:37:07 localhost kernel: [99204.340524]    -94 
Mar 22 00:37:07 localhost kernel: [99204.340643]    -95 
Mar 22 00:37:07 localhost kernel: [99204.340834]    -94 
Mar 22 00:37:07 localhost kernel: [99204.340948] 
Mar 22 00:37:07 localhost kernel: [99204.341066] buf: free=70 tq=0 sq=0 
Mar 22 00:37:07 localhost kernel: [99204.341190] irq: ac=186 bkn=0 bo(rts:frm)=0:111:0:0:23 to(rts:frm)=0:19 rx=781
Mar 22 00:37:07 localhost kernel: [99204.341311] tx : cnt=157 dly=4:36ms est_rate=6127kbps txp=5 fail=21 drop=0 
Mar 22 00:37:07 localhost kernel: [99204.341437] rx : cnt=827 bus=1ms
Mar 22 00:37:07 localhost kernel: [99204.341743] cca: st12= 125:0, mid1224= 89:80:0:16
Mar 22 00:37:07 localhost kernel: [99204.341874] chip-temperature:48, vcc:3.26, vdd13b:1.31, vdd13c:1.32
Mar 22 00:37:07 localhost kernel: [99204.341983] 
Mar 22 00:37:07 localhost kernel: [99204.341983] STA0: 82:6c:2d:90:92:c0
Mar 22 00:37:07 localhost kernel: [99204.342179] tx0: mcs=*6 snr=36 data=40KB(46kbps) per=14
Mar 22 00:37:07 localhost kernel: [99204.342307] rx0: mcs=7 evm(avg:std)=-23:2 rssi=-53 data=38KB(51kbps) freqDev=413Hz adv_bw=0:0:100:0
Mar 22 00:37:07 localhost kernel: [99204.342422] 
Mar 22 00:37:13 localhost kernel: [99210.340721] 
Mar 22 00:37:13 localhost kernel: [99210.340721] -------------------
Mar 22 00:37:13 localhost kernel: [99210.340808] [400957942]LMAC STATUS:
Mar 22 00:37:13 localhost kernel: [99210.341053] 
Mar 22 00:37:13 localhost kernel: [99210.341053] local: 1e:9e:14:96:a8:20 AID= 1
Mar 22 00:37:13 localhost kernel: [99210.341168] freq= 914.0 bw=4 bgr=-93 dc=0:-2(-27:-3) 
Mar 22 00:37:13 localhost kernel: [99210.341305] chn: 
Mar 22 00:37:13 localhost kernel: [99210.341412]  906.0 
Mar 22 00:37:13 localhost kernel: [99210.341564]  910.0 
Mar 22 00:37:13 localhost kernel: [99210.341799]  914.0 
Mar 22 00:37:13 localhost kernel: [99210.341910]  918.0 
Mar 22 00:37:13 localhost kernel: [99210.342032]  922.0 
Mar 22 00:37:13 localhost kernel: [99210.342147] 
Mar 22 00:37:13 localhost kernel: [99210.342267] bgr: 
Mar 22 00:37:13 localhost kernel: [99210.342381]    -95 
Mar 22 00:37:13 localhost kernel: [99210.342494]    -93 
Mar 22 00:37:13 localhost kernel: [99210.342617]    -94 
Mar 22 00:37:13 localhost kernel: [99210.342822]    -96 
Mar 22 00:37:13 localhost kernel: [99210.342992]    -93 
Mar 22 00:37:13 localhost kernel: [99210.343099] 
Mar 22 00:37:13 localhost kernel: [99210.343524] buf: free=70 tq=0 sq=0 
Mar 22 00:37:13 localhost kernel: [99210.343610] irq: ac=204 bkn=0 bo(rts:frm)=0:101:0:0:21 to(rts:frm)=0:35 rx=922
Mar 22 00:37:13 localhost kernel: [99210.343829] tx : cnt=152 dly=5:78ms est_rate=6558kbps txp=5 fail=43 drop=0 
Mar 22 00:37:13 localhost kernel: [99210.343935] rx : cnt=990 bus=4ms
Mar 22 00:37:13 localhost kernel: [99210.344050] cca: st12= 202:0, mid1224= 90:93:0:7
Mar 22 00:37:13 localhost kernel: [99210.344174] chip-temperature:48, vcc:3.26, vdd13b:1.31, vdd13c:1.32
Mar 22 00:37:13 localhost kernel: [99210.344287] 
Mar 22 00:37:13 localhost kernel: [99210.344287] STA0: 82:6c:2d:90:92:c0
Mar 22 00:37:13 localhost kernel: [99210.344411] tx0: mcs=*6 snr=38 data=31KB(29kbps) per=29
Mar 22 00:37:13 localhost kernel: [99210.344528] rx0: mcs=7 evm(avg:std)=-24:2 rssi=-54 data=29KB(39kbps) freqDev=422Hz adv_bw=0:0:100:0
Mar 22 00:37:13 localhost kernel: [99210.344643] 
Mar 22 00:37:14 localhost kernel: [99212.037485] [400959641]rx host cmd:83
Mar 22 01:10:40 localhost kernel: [101217.222034] hobot_jpu_dev: [JPUDRV]jpu_alloc_instance_id:1821: [-]JDI_IOCTL_ALLOCATE_INSTANCE_ID id = 4, current_pid=3166, tgid=3166
Mar 22 01:10:40 localhost kernel: [101217.224973] hobot_jpu_dev: [JPUDRV]jpu_open_instance:1573: [-]JDI_IOCTL_OPEN_INSTANCE inst_idx=4, s_jpu_open_ref_count=5, inst_open_count=5, current_pid=671657, tgid=3166
Mar 22 01:10:40 localhost kernel: [101217.230039] hobot_vpu_dev: [VPUDRV]vpu_open_instance:3287: [+]VDI_IOCTL_OPEN_INSTANCE
Mar 22 01:10:40 localhost kernel: [101217.230287] hobot_vpu_dev: [VPUDRV]vpu_open_instance:3381: [-]VDI_IOCTL_OPEN_INSTANCE core_idx[0] inst[00], prio=0, s_vpu_open_ref_count=1, inst_open_count=1
Mar 22 01:10:40 localhost kernel: [101217.235639] netlink: 8 bytes leftover after parsing attributes in process `AgoraRTC'.
Mar 22 01:10:40 localhost kernel: [101217.235663] netlink: 8 bytes leftover after parsing attributes in process `AgoraRTC'.
Mar 22 01:10:40 localhost kernel: [101217.235716] netlink: 8 bytes leftover after parsing attributes in process `AgoraRTC'.
Mar 22 01:11:01 localhost kernel: [101238.201300] hobot_jpu_dev: [JPUDRV]jpu_release_internal_res:2600: finish jpu_release_internal_res, current_pid=671657, tgid=3166
Mar 22 01:11:01 localhost kernel: [101238.202169] hobot_jpu_dev: [JPUDRV]jpu_close_instance:1646: [-]JDI_IOCTL_CLOSE_INSTANCE inst_idx=4, s_jpu_open_ref_count=4, inst_open_count=4, current_pid=3166, tgid=3166
Mar 22 01:11:01 localhost kernel: [101238.203263] hobot_jpu_dev: [JPUDRV]jpu_release_internal_res:2600: finish jpu_release_internal_res, current_pid=3166, tgid=3166
Mar 22 01:11:01 localhost kernel: [101238.204587] hobot_vpu_dev: [VPUDRV]vpu_close_instance:3401: [+]VDI_IOCTL_CLOSE_INSTANCE
Mar 22 01:11:01 localhost kernel: [101238.204914] hobot_vpu_dev: [VPUDRV]vpu_close_instance:3471: [-]VDI_IOCTL_CLOSE_INSTANCE core[0] inst[00], s_vpu_open_ref_count=0, inst_open_count=0
Mar 22 01:11:16 localhost kernel: [101253.225904] hobot_jpu_dev: [JPUDRV]jpu_alloc_instance_id:1821: [-]JDI_IOCTL_ALLOCATE_INSTANCE_ID id = 4, current_pid=3166, tgid=3166
Mar 22 01:11:16 localhost kernel: [101253.227768] hobot_jpu_dev: [JPUDRV]jpu_open_instance:1573: [-]JDI_IOCTL_OPEN_INSTANCE inst_idx=4, s_jpu_open_ref_count=5, inst_open_count=5, current_pid=676409, tgid=3166
Mar 22 01:11:16 localhost kernel: [101253.231558] hobot_vpu_dev: [VPUDRV]vpu_open_instance:3287: [+]VDI_IOCTL_OPEN_INSTANCE
Mar 22 01:11:16 localhost kernel: [101253.231807] hobot_vpu_dev: [VPUDRV]vpu_open_instance:3381: [-]VDI_IOCTL_OPEN_INSTANCE core_idx[0] inst[00], prio=0, s_vpu_open_ref_count=1, inst_open_count=1
Mar 22 01:11:16 localhost kernel: [101253.233781] netlink: 8 bytes leftover after parsing attributes in process `AgoraRTC'.
Mar 22 01:11:16 localhost kernel: [101253.233805] netlink: 8 bytes leftover after parsing attributes in process `AgoraRTC'.
Mar 22 01:11:16 localhost kernel: [101253.233859] netlink: 8 bytes leftover after parsing attributes in process `AgoraRTC'.
Nov 22 04:57:22 localhost kernel: [    0.000000] Booting Linux on physical CPU 0x0000000000 [0x412fd050]
Nov 22 04:57:22 localhost kernel: [    0.000000] Linux version 6.1.83-DR-PL5.2_V1.1.1 (root@hfz-ubuntu) (aarch64-none-linux-gnu-gcc (Arm GNU Toolchain 11.3.Rel1) 11.3.1 20220712, GNU ld (Arm GNU Toolchain 11.3.Rel1) 2.38.20220708) #11 SMP PREEMPT Wed Dec 17 17:00:02 CST 2025
Nov 22 04:57:22 localhost kernel: [    0.000000] Machine model: D-Robotics X5 EVB LP4 1_B board
Nov 22 04:57:22 localhost kernel: [    0.000000] efi: UEFI not found.
Nov 22 04:57:22 localhost kernel: [    0.000000] Reserved memory: created CMA memory pool at 0x0000000088000000, size 382 MiB
Nov 22 04:57:22 localhost kernel: [    0.000000] OF: reserved mem: initialized node linux,cma@88000000, compatible id shared-dma-pool
Nov 22 04:57:22 localhost kernel: [    0.000000] Zone ranges:
Nov 22 04:57:22 localhost kernel: [    0.000000]   DMA      [mem 0x0000000084000000-0x00000000ffffffff]
Nov 22 04:57:22 localhost kernel: [    0.000000]   DMA32    empty
Nov 22 04:57:22 localhost kernel: [    0.000000]   Normal   [mem 0x0000000100000000-0x000000017fffffff]
Nov 22 04:57:22 localhost kernel: [    0.000000] Movable zone start for each node
Nov 22 04:57:22 localhost kernel: [    0.000000] Early memory node ranges
Nov 22 04:57:22 localhost kernel: [    0.000000]   node   0: [mem 0x0000000084000000-0x000000009fe7efff]
Nov 22 04:57:22 localhost kernel: [    0.000000]   node   0: [mem 0x000000009fe7f000-0x00000000a207ffff]
Nov 22 04:57:22 localhost kernel: [    0.000000]   node   0: [mem 0x00000000a2080000-0x000000017fffffff]
Nov 22 04:57:22 localhost kernel: [    0.000000] Initmem setup node 0 [mem 0x0000000084000000-0x000000017fffffff]
Nov 22 04:57:22 localhost kernel: [    0.000000] On node 0, zone DMA: 16384 pages in unavailable ranges
Nov 22 04:57:22 localhost kernel: [    0.000000] psci: probing for conduit method from DT.
Nov 22 04:57:22 localhost kernel: [    0.000000] psci: PSCIv1.1 detected in firmware.
Nov 22 04:57:22 localhost kernel: [    0.000000] psci: Using standard PSCI v0.2 function IDs
Nov 22 04:57:22 localhost kernel: [    0.000000] psci: Trusted OS migration not required
Nov 22 04:57:22 localhost kernel: [    0.000000] psci: SMC Calling Convention v1.2
Nov 22 04:57:22 localhost kernel: [    0.000000] percpu: Embedded 18 pages/cpu s34280 r8192 d31256 u73728
Nov 22 04:57:22 localhost kernel: [    0.000000] pcpu-alloc: s34280 r8192 d31256 u73728 alloc=18*4096
Nov 22 04:57:22 localhost kernel: [    0.000000] pcpu-alloc: [0] 0 [0] 1 [0] 2 [0] 3 [0] 4 [0] 5 [0] 6 [0] 7 
Nov 22 04:57:22 localhost kernel: [    0.000000] Detected VIPT I-cache on CPU0
Nov 22 04:57:22 localhost kernel: [    0.000000] CPU features: detected: GIC system register CPU interface
Nov 22 04:57:22 localhost kernel: [    0.000000] CPU features: detected: Virtualization Host Extensions
Nov 22 04:57:22 localhost kernel: [    0.000000] CPU features: detected: Qualcomm erratum 1009, or ARM erratum 1286807, 2441009
Nov 22 04:57:22 localhost kernel: [    0.000000] CPU features: detected: ARM errata 1165522, 1319367, or 1530923
Nov 22 04:57:22 localhost kernel: [    0.000000] alternatives: applying boot alternatives
Nov 22 04:57:22 localhost kernel: [    0.000000] Built 1 zonelists, mobility grouping on.  Total pages: 1016064
Nov 22 04:57:22 localhost kernel: [    0.000000] Kernel command line: console=ttyS0,921600n8 root=/dev/mmcblk0p9 ro rootwait hobotboot.slot_suffix=_a hobotboot.reason=COLD_BOOT hobotboot.medium=MMC hobotboot.mode=normal hobotboot.ab_switch_reason=normal hobotboot.pmic_type=single-pmic    
Nov 22 04:57:22 localhost kernel: [    0.000000] Dentry cache hash table entries: 524288 (order: 10, 4194304 bytes, linear)
Nov 22 04:57:22 localhost kernel: [    0.000000] Inode-cache hash table entries: 262144 (order: 9, 2097152 bytes, linear)
Nov 22 04:57:22 localhost kernel: [    0.000000] mem auto-init: stack:off, heap alloc:off, heap free:off
Nov 22 04:57:22 localhost kernel: [    0.000000] software IO TLB: area num 8.
Nov 22 04:57:22 localhost kernel: [    0.000000] software IO TLB: mapped [mem 0x00000000fbfff000-0x00000000fffff000] (64MB)
Nov 22 04:57:22 localhost kernel: [    0.000000] Memory: 2943588K/4128768K available (10752K kernel code, 1152K rwdata, 4092K rodata, 2176K init, 3217K bss, 794012K reserved, 391168K cma-reserved)
Nov 22 04:57:22 localhost kernel: [    0.000000] SLUB: HWalign=64, Order=0-3, MinObjects=0, CPUs=8, Nodes=1
Nov 22 04:57:22 localhost kernel: [    0.000000] rcu: Preemptible hierarchical RCU implementation.
Nov 22 04:57:22 localhost kernel: [    0.000000] rcu: 	RCU event tracing is enabled.
Nov 22 04:57:22 localhost kernel: [    0.000000] rcu: RCU calculated value of scheduler-enlistment delay is 10 jiffies.
Nov 22 04:57:22 localhost kernel: [    0.000000] NR_IRQS: 64, nr_irqs: 64, preallocated irqs: 0
Nov 22 04:57:22 localhost kernel: [    0.000000] GICv3: GIC: Using split EOI/Deactivate mode
Nov 22 04:57:22 localhost kernel: [    0.000000] GICv3: 256 SPIs implemented
Nov 22 04:57:22 localhost kernel: [    0.000000] GICv3: 0 Extended SPIs implemented
Nov 22 04:57:22 localhost kernel: [    0.000000] Root IRQ handler: gic_handle_irq
Nov 22 04:57:22 localhost kernel: [    0.000000] GICv3: GICv3 features: 16 PPIs
Nov 22 04:57:22 localhost kernel: [    0.000000] GICv3: CPU0: found redistributor 0 region 0:0x0000000030140000
Nov 22 04:57:22 localhost kernel: [    0.000000] rcu: srcu_init: Setting srcu_struct sizes based on contention.
Nov 22 04:57:22 localhost kernel: [    0.000000] arch_timer: cp15 timer(s) running at 24.00MHz (phys).
Nov 22 04:57:22 localhost kernel: [    0.000000] clocksource: arch_sys_counter: mask: 0xffffffffffffff max_cycles: 0x588fe9dc0, max_idle_ns: 440795202592 ns
Nov 22 04:57:22 localhost kernel: [    0.000000] sched_clock: 56 bits at 24MHz, resolution 41ns, wraps every 4398046511097ns
Nov 22 04:57:22 localhost kernel: [    0.000836] Console: colour dummy device 80x25
Nov 22 04:57:22 localhost kernel: [    0.000878] Calibrating delay loop (skipped), value calculated using timer frequency.. 48.00 BogoMIPS (lpj=240000)
Nov 22 04:57:22 localhost kernel: [    0.000890] pid_max: default: 32768 minimum: 301
Nov 22 04:57:22 localhost kernel: [    0.000996] Mount-cache hash table entries: 8192 (order: 4, 65536 bytes, linear)
Nov 22 04:57:22 localhost kernel: [    0.001011] Mountpoint-cache hash table entries: 8192 (order: 4, 65536 bytes, linear)
Nov 22 04:57:22 localhost kernel: [    0.002607] rcu: Hierarchical SRCU implementation.
Nov 22 04:57:22 localhost kernel: [    0.002611] rcu: 	Max phase no-delay instances is 1000.
Nov 22 04:57:22 localhost kernel: [    0.003317] EFI services will not be available.
Nov 22 04:57:22 localhost kernel: [    0.003726] smp: Bringing up secondary CPUs ...
Nov 22 04:57:22 localhost kernel: [    0.015155] Detected VIPT I-cache on CPU1
Nov 22 04:57:22 localhost kernel: [    0.015247] GICv3: CPU1: found redistributor 100 region 0:0x0000000030160000
Nov 22 04:57:22 localhost kernel: [    0.015280] CPU1: Booted secondary processor 0x0000000100 [0x412fd050]
Nov 22 04:57:22 localhost kernel: [    0.026720] Detected VIPT I-cache on CPU2
Nov 22 04:57:22 localhost kernel: [    0.026791] GICv3: CPU2: found redistributor 200 region 0:0x0000000030180000
Nov 22 04:57:22 localhost kernel: [    0.026813] CPU2: Booted secondary processor 0x0000000200 [0x412fd050]
Nov 22 04:57:22 localhost kernel: [    0.038224] Detected VIPT I-cache on CPU3
Nov 22 04:57:22 localhost kernel: [    0.038290] GICv3: CPU3: found redistributor 300 region 0:0x00000000301a0000
Nov 22 04:57:22 localhost kernel: [    0.038309] CPU3: Booted secondary processor 0x0000000300 [0x412fd050]
Nov 22 04:57:22 localhost kernel: [    0.049724] Detected VIPT I-cache on CPU4
Nov 22 04:57:22 localhost kernel: [    0.049797] GICv3: CPU4: found redistributor 400 region 0:0x00000000301c0000
Nov 22 04:57:22 localhost kernel: [    0.049816] CPU4: Booted secondary processor 0x0000000400 [0x412fd050]
Nov 22 04:57:22 localhost kernel: [    0.061227] Detected VIPT I-cache on CPU5
Nov 22 04:57:22 localhost kernel: [    0.061300] GICv3: CPU5: found redistributor 500 region 0:0x00000000301e0000
Nov 22 04:57:22 localhost kernel: [    0.061321] CPU5: Booted secondary processor 0x0000000500 [0x412fd050]
Nov 22 04:57:22 localhost kernel: [    0.072732] Detected VIPT I-cache on CPU6
Nov 22 04:57:22 localhost kernel: [    0.072806] GICv3: CPU6: found redistributor 600 region 0:0x0000000030200000
Nov 22 04:57:22 localhost kernel: [    0.072827] CPU6: Booted secondary processor 0x0000000600 [0x412fd050]
Nov 22 04:57:22 localhost kernel: [    0.084255] Detected VIPT I-cache on CPU7
Nov 22 04:57:22 localhost kernel: [    0.084331] GICv3: CPU7: found redistributor 700 region 0:0x0000000030220000
Nov 22 04:57:22 localhost kernel: [    0.084352] CPU7: Booted secondary processor 0x0000000700 [0x412fd050]
Nov 22 04:57:22 localhost kernel: [    0.084413] smp: Brought up 1 node, 8 CPUs
Nov 22 04:57:22 localhost kernel: [    0.084420] SMP: Total of 8 processors activated.
Nov 22 04:57:22 localhost kernel: [    0.084424] CPU features: detected: 32-bit EL0 Support
Nov 22 04:57:22 localhost kernel: [    0.084427] CPU features: detected: Data cache clean to the PoU not required for I/D coherence
Nov 22 04:57:22 localhost kernel: [    0.084431] CPU features: detected: Common not Private translations
Nov 22 04:57:22 localhost kernel: [    0.084434] CPU features: detected: CRC32 instructions
Nov 22 04:57:22 localhost kernel: [    0.084439] CPU features: detected: RCpc load-acquire (LDAPR)
Nov 22 04:57:22 localhost kernel: [    0.084442] CPU features: detected: LSE atomic instructions
Nov 22 04:57:22 localhost kernel: [    0.084446] CPU features: detected: Privileged Access Never
Nov 22 04:57:22 localhost kernel: [    0.084450] CPU features: detected: RAS Extension Support
Nov 22 04:57:22 localhost kernel: [    0.084456] CPU features: detected: Speculative Store Bypassing Safe (SSBS)
Nov 22 04:57:22 localhost kernel: [    0.084526] CPU: All CPU(s) started at EL2
Nov 22 04:57:22 localhost kernel: [    0.084529] alternatives: applying system-wide alternatives
Nov 22 04:57:22 localhost kernel: [    0.088183] devtmpfs: initialized
Nov 22 04:57:22 localhost kernel: [    0.105619] clocksource: jiffies: mask: 0xffffffff max_cycles: 0xffffffff, max_idle_ns: 19112604462750000 ns
Nov 22 04:57:22 localhost kernel: [    0.105637] futex hash table entries: 2048 (order: 5, 131072 bytes, linear)
Nov 22 04:57:22 localhost kernel: [    0.114287] pinctrl core: initialized pinctrl subsystem
Nov 22 04:57:22 localhost kernel: [    0.114826] DMI not present or invalid.
Nov 22 04:57:22 localhost kernel: [    0.114835] hb_pl320_mbox_init...
Nov 22 04:57:22 localhost kernel: [    0.115283] NET: Registered PF_NETLINK/PF_ROUTE protocol family
Nov 22 04:57:22 localhost kernel: [    0.116016] DMA: preallocated 512 KiB GFP_KERNEL pool for atomic allocations
Nov 22 04:57:22 localhost kernel: [    0.116133] DMA: preallocated 512 KiB GFP_KERNEL|GFP_DMA pool for atomic allocations
Nov 22 04:57:22 localhost kernel: [    0.116293] DMA: preallocated 512 KiB GFP_KERNEL|GFP_DMA32 pool for atomic allocations
Nov 22 04:57:22 localhost kernel: [    0.116341] audit: initializing netlink subsys (disabled)
Nov 22 04:57:22 localhost kernel: [    0.116483] audit: type=2000 audit(0.100:1): state=initialized audit_enabled=0 res=1
Nov 22 04:57:22 localhost kernel: [    0.116841] thermal_sys: Registered thermal governor 'step_wise'
Nov 22 04:57:22 localhost kernel: [    0.116847] thermal_sys: Registered thermal governor 'user_space'
Nov 22 04:57:22 localhost kernel: [    0.116879] cpuidle: using governor menu
Nov 22 04:57:22 localhost kernel: [    0.117036] hw-breakpoint: found 6 breakpoint and 4 watchpoint registers.
Nov 22 04:57:22 localhost kernel: [    0.117161] ASID allocator initialised with 65536 entries
Nov 22 04:57:22 localhost kernel: [    0.117357] hb_ipc_init...
Nov 22 04:57:22 localhost kernel: [    0.118638] printk: console [ramoops-1] enabled
Nov 22 04:57:22 localhost kernel: [    0.118643] pstore: Registered ramoops as persistent store backend
Nov 22 04:57:22 localhost kernel: [    0.118647] ramoops: using 0x40000@0xa4080000, ecc: 0
Nov 22 04:57:22 localhost kernel: [    0.133431] platform 3d080000.csi: Fixed dependency cycle(s) with /soc/a55_apb0/i2c@340d0000/sc230ai@30
Nov 22 04:57:22 localhost kernel: [    0.134242] amba 2c001000.funnel: Fixed dependency cycle(s) with /soc/etm@2d740000
Nov 22 04:57:22 localhost kernel: [    0.134258] amba 2c001000.funnel: Fixed dependency cycle(s) with /soc/etm@2d640000
Nov 22 04:57:22 localhost kernel: [    0.134269] amba 2c001000.funnel: Fixed dependency cycle(s) with /soc/etm@2d540000
Nov 22 04:57:22 localhost kernel: [    0.134301] amba 2c001000.funnel: Fixed dependency cycle(s) with /soc/etm@2d440000
Nov 22 04:57:22 localhost kernel: [    0.134315] amba 2c001000.funnel: Fixed dependency cycle(s) with /soc/etm@2d340000
Nov 22 04:57:22 localhost kernel: [    0.134327] amba 2c001000.funnel: Fixed dependency cycle(s) with /soc/etm@2d240000
Nov 22 04:57:22 localhost kernel: [    0.134339] amba 2c001000.funnel: Fixed dependency cycle(s) with /soc/etm@2d140000
Nov 22 04:57:22 localhost kernel: [    0.134353] amba 2c001000.funnel: Fixed dependency cycle(s) with /soc/etm@2d040000
Nov 22 04:57:22 localhost kernel: [    0.134371] amba 2c001000.funnel: Fixed dependency cycle(s) with /soc/etf@2c002000
Nov 22 04:57:22 localhost kernel: [    0.134464] amba 2c001000.funnel: Fixed dependency cycle(s) with /soc/etf@2c002000
Nov 22 04:57:22 localhost kernel: [    0.134527] amba 2c002000.etf: Fixed dependency cycle(s) with /soc/replicator@2c004000
Nov 22 04:57:22 localhost kernel: [    0.134558] amba 2c002000.etf: Fixed dependency cycle(s) with /soc/funnel@2c001000
Nov 22 04:57:22 localhost kernel: [    0.134689] amba 2c003000.etr: Fixed dependency cycle(s) with /soc/replicator@2c004000
Nov 22 04:57:22 localhost kernel: [    0.134781] amba 2c003000.etr: Fixed dependency cycle(s) with /soc/replicator@2c004000
Nov 22 04:57:22 localhost kernel: [    0.134834] amba 2c002000.etf: Fixed dependency cycle(s) with /soc/replicator@2c004000
Nov 22 04:57:22 localhost kernel: [    0.134906] amba 2c004000.replicator: Fixed dependency cycle(s) with /soc/etf@2c002000
Nov 22 04:57:22 localhost kernel: [    0.134953] amba 2c004000.replicator: Fixed dependency cycle(s) with /soc/etr@2c003000
Nov 22 04:57:22 localhost kernel: [    0.135001] amba 2c004000.replicator: Fixed dependency cycle(s) with /soc/tpiu@2c005000
Nov 22 04:57:22 localhost kernel: [    0.135078] amba 2c004000.replicator: Fixed dependency cycle(s) with /soc/tpiu@2c005000
Nov 22 04:57:22 localhost kernel: [    0.135152] amba 2c005000.tpiu: Fixed dependency cycle(s) with /soc/replicator@2c004000
Nov 22 04:57:22 localhost kernel: [    0.135359] amba 2c001000.funnel: Fixed dependency cycle(s) with /soc/etm@2d040000
Nov 22 04:57:22 localhost kernel: [    0.135432] amba 2d040000.etm: Fixed dependency cycle(s) with /soc/funnel@2c001000
Nov 22 04:57:22 localhost kernel: [    0.135589] amba 2c001000.funnel: Fixed dependency cycle(s) with /soc/etm@2d140000
Nov 22 04:57:22 localhost kernel: [    0.135664] amba 2d140000.etm: Fixed dependency cycle(s) with /soc/funnel@2c001000
Nov 22 04:57:22 localhost kernel: [    0.135817] amba 2c001000.funnel: Fixed dependency cycle(s) with /soc/etm@2d240000
Nov 22 04:57:22 localhost kernel: [    0.135892] amba 2d240000.etm: Fixed dependency cycle(s) with /soc/funnel@2c001000
Nov 22 04:57:22 localhost kernel: [    0.136052] amba 2c001000.funnel: Fixed dependency cycle(s) with /soc/etm@2d340000
Nov 22 04:57:22 localhost kernel: [    0.136132] amba 2d340000.etm: Fixed dependency cycle(s) with /soc/funnel@2c001000
Nov 22 04:57:22 localhost kernel: [    0.136286] amba 2c001000.funnel: Fixed dependency cycle(s) with /soc/etm@2d440000
Nov 22 04:57:22 localhost kernel: [    0.136360] amba 2d440000.etm: Fixed dependency cycle(s) with /soc/funnel@2c001000
Nov 22 04:57:22 localhost kernel: [    0.136516] amba 2c001000.funnel: Fixed dependency cycle(s) with /soc/etm@2d540000
Nov 22 04:57:22 localhost kernel: [    0.136586] amba 2d540000.etm: Fixed dependency cycle(s) with /soc/funnel@2c001000
Nov 22 04:57:22 localhost kernel: [    0.136742] amba 2c001000.funnel: Fixed dependency cycle(s) with /soc/etm@2d640000
Nov 22 04:57:22 localhost kernel: [    0.136816] amba 2d640000.etm: Fixed dependency cycle(s) with /soc/funnel@2c001000
Nov 22 04:57:22 localhost kernel: [    0.136967] amba 2c001000.funnel: Fixed dependency cycle(s) with /soc/etm@2d740000
Nov 22 04:57:22 localhost kernel: [    0.137042] amba 2d740000.etm: Fixed dependency cycle(s) with /soc/funnel@2c001000
Nov 22 04:57:22 localhost kernel: [    0.147212] horizon-aon-pinctrl 31040000.aon_iomuxc: Initialized D-Robotics pinctrl driver
Nov 22 04:57:22 localhost kernel: [    0.148991] (NULL device *): no horizon,gpio-banks in node /soc/disp_apb/disp_iomuxc@3e0a0054
Nov 22 04:57:22 localhost kernel: [    0.149221] horizon-disp-pinctrl 3e0a0054.disp_iomuxc: Initialized D-Robotics pinctrl driver
Nov 22 04:57:22 localhost kernel: [    0.149496] platform 3e000000.disp_apb:bt1120-wb-syscon-bridge: Fixed dependency cycle(s) with /soc/disp_apb/bt1120_bridge_wb
Nov 22 04:57:22 localhost kernel: [    0.149637] platform 3e080000.vs-sif: Fixed dependency cycle(s) with /soc/disp_apb/bt1120_bridge_wb
Nov 22 04:57:22 localhost kernel: [    0.149956] platform 3e080000.vs-sif: Fixed dependency cycle(s) with /soc/disp_apb/bt1120_bridge_wb
Nov 22 04:57:22 localhost kernel: [    0.150001] platform 3e000000.disp_apb:bt1120-wb-syscon-bridge: Fixed dependency cycle(s) with /soc/disp_apb/bt1120_bridge_wb
Nov 22 04:57:22 localhost kernel: [    0.150047] platform 3e000000.disp_apb:bt1120_bridge_wb: Fixed dependency cycle(s) with /soc/disp_apb/bt1120-wb-syscon-bridge
Nov 22 04:57:22 localhost kernel: [    0.150089] platform 3e000000.disp_apb:bt1120_bridge_wb: Fixed dependency cycle(s) with /soc/disp_apb/vs-sif@3e080000
Nov 22 04:57:22 localhost kernel: [    0.154098] horizon-hsio-pinctrl 35050000.hsio_iomuxc: Initialized D-Robotics pinctrl driver
Nov 22 04:57:22 localhost kernel: [    0.156808] horizon-dsp-pinctrl 31040014.dsp_iomuxc: Initialized D-Robotics pinctrl driver
Nov 22 04:57:22 localhost kernel: [    0.157290] hobot-pl320 33000000.mailbox0: get_mbox_dev_resource, mbox->base = (____ptrval____)
Nov 22 04:57:22 localhost kernel: [    0.157896] hobot-pl320 33000000.mailbox0: PL320 Mailbox registered
Nov 22 04:57:22 localhost kernel: [    0.163513] horizon-lsio-pinctrl 34180000.lsio_iomuxc: Initialized D-Robotics pinctrl driver
Nov 22 04:57:22 localhost kernel: [    0.166654] KASLR disabled due to lack of seed
Nov 22 04:57:22 localhost kernel: [    0.166742] sysfs: cannot create duplicate filename '/module/hobot_pps/version'
Nov 22 04:57:22 localhost kernel: [    0.166748] CPU: 0 PID: 1 Comm: swapper/0 Not tainted 6.1.83-DR-PL5.2_V1.1.1 #11
Nov 22 04:57:22 localhost kernel: [    0.166754] Hardware name: D-Robotics X5 EVB LP4 1_B board (DT)
Nov 22 04:57:22 localhost kernel: [    0.166759] Call trace:
Nov 22 04:57:22 localhost kernel: [    0.166762]  dump_backtrace+0xd8/0x130
Nov 22 04:57:22 localhost kernel: [    0.166777]  show_stack+0x18/0x30
Nov 22 04:57:22 localhost kernel: [    0.166784]  dump_stack_lvl+0x68/0x84
Nov 22 04:57:22 localhost kernel: [    0.166794]  dump_stack+0x18/0x34
Nov 22 04:57:22 localhost kernel: [    0.166800]  sysfs_warn_dup+0x64/0x80
Nov 22 04:57:22 localhost kernel: [    0.166807]  sysfs_add_file_mode_ns+0x124/0x130
Nov 22 04:57:22 localhost kernel: [    0.166812]  sysfs_create_file_ns+0x7c/0xb4
Nov 22 04:57:22 localhost kernel: [    0.166819]  param_sysfs_init+0xa8/0x1e0
Nov 22 04:57:22 localhost kernel: [    0.166829]  do_one_initcall+0x50/0x1d0
Nov 22 04:57:22 localhost kernel: [    0.166835]  kernel_init_freeable+0x218/0x280
Nov 22 04:57:22 localhost kernel: [    0.166843]  kernel_init+0x24/0x130
Nov 22 04:57:22 localhost kernel: [    0.166849]  ret_from_fork+0x10/0x20
Nov 22 04:57:22 localhost kernel: [    0.166863] ------------[ cut here ]------------
Nov 22 04:57:22 localhost kernel: [    0.166866] WARNING: CPU: 0 PID: 1 at kernel/params.c:877 param_sysfs_init+0xac/0x1e0
Nov 22 04:57:22 localhost kernel: [    0.166875] Modules linked in:
Nov 22 04:57:22 localhost kernel: [    0.166881] CPU: 0 PID: 1 Comm: swapper/0 Not tainted 6.1.83-DR-PL5.2_V1.1.1 #11
Nov 22 04:57:22 localhost kernel: [    0.166888] Hardware name: D-Robotics X5 EVB LP4 1_B board (DT)
Nov 22 04:57:22 localhost kernel: [    0.166891] pstate: 60400009 (nZCv daif +PAN -UAO -TCO -DIT -SSBS BTYPE=--)
Nov 22 04:57:22 localhost kernel: [    0.166897] pc : param_sysfs_init+0xac/0x1e0
Nov 22 04:57:22 localhost kernel: [    0.166905] lr : param_sysfs_init+0xa8/0x1e0
Nov 22 04:57:22 localhost kernel: [    0.166912] sp : ffff80000956bd30
Nov 22 04:57:22 localhost kernel: [    0.166915] x29: ffff80000956bd30 x28: 0000000000000000 x27: ffff800008ea00c8
Nov 22 04:57:22 localhost kernel: [    0.166926] x26: ffff800008f26050 x25: ffff800008f26078 x24: ffff800008e88fe0
Nov 22 04:57:22 localhost kernel: [    0.166937] x23: ffff8000091e5000 x22: 0000000000000000 x21: ffff800008e8c070
Nov 22 04:57:22 localhost kernel: [    0.166948] x20: ffff000080d84e00 x19: ffff800008e8be30 x18: ffffffffffffffff
Nov 22 04:57:22 localhost kernel: [    0.166957] x17: 312e312e31565f32 x16: 2e354c502d52442d x15: ffff80008956b4ca
Nov 22 04:57:22 localhost kernel: [    0.166966] x14: 0000000000000000 x13: ffff8000090d9eb0 x12: 000000000000022e
Nov 22 04:57:22 localhost kernel: [    0.166975] x11: 00000000000000ba x10: ffff800009131eb0 x9 : ffff8000090d9eb0
Nov 22 04:57:22 localhost kernel: [    0.166984] x8 : 00000000ffffefff x7 : ffff800009131eb0 x6 : 0000000000002210
Nov 22 04:57:22 localhost kernel: [    0.166993] x5 : ffff000080044000 x4 : ffff0000ff6ca6d0 x3 : 0000000000000000
Nov 22 04:57:22 localhost kernel: [    0.167002] x2 : 0000000000000000 x1 : ffff000080080000 x0 : 00000000ffffffef
Nov 22 04:57:22 localhost kernel: [    0.167012] Call trace:
Nov 22 04:57:22 localhost kernel: [    0.167015]  param_sysfs_init+0xac/0x1e0
Nov 22 04:57:22 localhost kernel: [    0.167023]  do_one_initcall+0x50/0x1d0
Nov 22 04:57:22 localhost kernel: [    0.167028]  kernel_init_freeable+0x218/0x280
Nov 22 04:57:22 localhost kernel: [    0.167036]  kernel_init+0x24/0x130
Nov 22 04:57:22 localhost kernel: [    0.167041]  ret_from_fork+0x10/0x20
Nov 22 04:57:22 localhost kernel: [    0.167050] ---[ end trace 0000000000000000 ]---
Nov 22 04:57:22 localhost kernel: [    0.171684] HugeTLB: registered 1.00 GiB page size, pre-allocated 0 pages
Nov 22 04:57:22 localhost kernel: [    0.171690] HugeTLB: 0 KiB vmemmap can be freed for a 1.00 GiB page
Nov 22 04:57:22 localhost kernel: [    0.171695] HugeTLB: registered 32.0 MiB page size, pre-allocated 0 pages
Nov 22 04:57:22 localhost kernel: [    0.171698] HugeTLB: 0 KiB vmemmap can be freed for a 32.0 MiB page
Nov 22 04:57:22 localhost kernel: [    0.171704] HugeTLB: registered 2.00 MiB page size, pre-allocated 0 pages
Nov 22 04:57:22 localhost kernel: [    0.171708] HugeTLB: 0 KiB vmemmap can be freed for a 2.00 MiB page
Nov 22 04:57:22 localhost kernel: [    0.171714] HugeTLB: registered 64.0 KiB page size, pre-allocated 0 pages
Nov 22 04:57:22 localhost kernel: [    0.171717] HugeTLB: 0 KiB vmemmap can be freed for a 64.0 KiB page
Nov 22 04:57:22 localhost kernel: [    0.172614] noc_qos 20500000.cpu_ace_qos: qos doesn't have consumer device
Nov 22 04:57:22 localhost kernel: [    0.172643] noc_qos 20500000.cpu_ace_qos: noc qos init finished.
Nov 22 04:57:22 localhost kernel: [    0.172699] noc_qos 20500100.cpu_perif_qos: qos doesn't have consumer device
Nov 22 04:57:22 localhost kernel: [    0.172719] noc_qos 20500100.cpu_perif_qos: noc qos init finished.
Nov 22 04:57:22 localhost kernel: [    0.172776] noc_qos 20510000.bt1120_qos: qos doesn't have consumer device
Nov 22 04:57:22 localhost kernel: [    0.172807] noc_qos 20510000.bt1120_qos: noc qos init finished.
Nov 22 04:57:22 localhost kernel: [    0.172859] noc_qos 20510080.dc8000_qos: qos doesn't have consumer device
Nov 22 04:57:22 localhost kernel: [    0.172882] noc_qos 20510080.dc8000_qos: noc qos init finished.
Nov 22 04:57:22 localhost kernel: [    0.172941] noc_qos 20510100.dw230_gdc_qos: qos doesn't have consumer device
Nov 22 04:57:22 localhost kernel: [    0.172966] noc_qos 20510100.dw230_gdc_qos: noc qos init finished.
Nov 22 04:57:22 localhost kernel: [    0.173017] noc_qos 20510180.dw230_scalar2_qos: qos doesn't have consumer device
Nov 22 04:57:22 localhost kernel: [    0.173043] noc_qos 20510180.dw230_scalar2_qos: noc qos init finished.
Nov 22 04:57:22 localhost kernel: [    0.173095] noc_qos 20510200.dw230_scalar3_qos: qos doesn't have consumer device
Nov 22 04:57:22 localhost kernel: [    0.173123] noc_qos 20510200.dw230_scalar3_qos: noc qos init finished.
Nov 22 04:57:22 localhost kernel: [    0.173181] noc_qos 20510500.sif0_qos: qos doesn't have consumer device
Nov 22 04:57:22 localhost kernel: [    0.173205] noc_qos 20510500.sif0_qos: noc qos init finished.
Nov 22 04:57:22 localhost kernel: [    0.173262] noc_qos 20510580.sif1_qos: qos doesn't have consumer device
Nov 22 04:57:22 localhost kernel: [    0.173288] noc_qos 20510580.sif1_qos: noc qos init finished.
Nov 22 04:57:22 localhost kernel: [    0.173340] noc_qos 20510600.sif2_qos: qos doesn't have consumer device
Nov 22 04:57:22 localhost kernel: [    0.173366] noc_qos 20510600.sif2_qos: noc qos init finished.
Nov 22 04:57:22 localhost kernel: [    0.173423] noc_qos 20510680.sif3_qos: qos doesn't have consumer device
Nov 22 04:57:22 localhost kernel: [    0.173452] noc_qos 20510680.sif3_qos: noc qos init finished.
Nov 22 04:57:22 localhost kernel: [    0.173507] noc_qos 20510700.sif_disp_qos: qos doesn't have consumer device
Nov 22 04:57:22 localhost kernel: [    0.173531] noc_qos 20510700.sif_disp_qos: noc qos init finished.
Nov 22 04:57:22 localhost kernel: [    0.173584] noc_qos 20550000.dma0_qos: qos doesn't have consumer device
Nov 22 04:57:22 localhost kernel: [    0.173608] noc_qos 20550000.dma0_qos: noc qos init finished.
Nov 22 04:57:22 localhost kernel: [    0.173658] noc_qos 20550080.emmc_qos: qos doesn't have consumer device
Nov 22 04:57:22 localhost kernel: [    0.173687] noc_qos 20550080.emmc_qos: noc qos init finished.
Nov 22 04:57:22 localhost kernel: [    0.173737] noc_qos 20550100.gmac_qos: qos doesn't have consumer device
Nov 22 04:57:22 localhost kernel: [    0.173761] noc_qos 20550100.gmac_qos: noc qos init finished.
Nov 22 04:57:22 localhost kernel: [    0.173817] noc_qos 20550180.sd_qos: qos doesn't have consumer device
Nov 22 04:57:22 localhost kernel: [    0.173842] noc_qos 20550180.sd_qos: noc qos init finished.
Nov 22 04:57:22 localhost kernel: [    0.173896] noc_qos 20550200.sdio_qos: qos doesn't have consumer device
Nov 22 04:57:22 localhost kernel: [    0.173923] noc_qos 20550200.sdio_qos: noc qos init finished.
Nov 22 04:57:22 localhost kernel: [    0.173970] noc_qos 20550280.security_qos: qos doesn't have consumer device
Nov 22 04:57:22 localhost kernel: [    0.173990] noc_qos 20550280.security_qos: noc qos init finished.
Nov 22 04:57:22 localhost kernel: [    0.174041] noc_qos 20550300.usb2_qos: qos doesn't have consumer device
Nov 22 04:57:22 localhost kernel: [    0.174066] noc_qos 20550300.usb2_qos: noc qos init finished.
Nov 22 04:57:22 localhost kernel: [    0.174122] noc_qos 20550380.usb3_qos: qos doesn't have consumer device
Nov 22 04:57:22 localhost kernel: [    0.174150] noc_qos 20550380.usb3_qos: noc qos init finished.
Nov 22 04:57:22 localhost kernel: [    0.174202] noc_qos 20550400.etr_qos: qos doesn't have consumer device
Nov 22 04:57:22 localhost kernel: [    0.174221] noc_qos 20550400.etr_qos: noc qos init finished.
Nov 22 04:57:22 localhost kernel: [    0.175072] iommu: Default domain type: Translated 
Nov 22 04:57:22 localhost kernel: [    0.175077] iommu: DMA domain TLB invalidation policy: strict mode 
Nov 22 04:57:22 localhost kernel: [    0.176751] SCSI subsystem initialized
Nov 22 04:57:22 localhost kernel: [    0.176858] usbcore: registered new interface driver usbfs
Nov 22 04:57:22 localhost kernel: [    0.176882] usbcore: registered new interface driver hub
Nov 22 04:57:22 localhost kernel: [    0.176907] usbcore: registered new device driver usb
Nov 22 04:57:22 localhost kernel: [    0.177183] mc: Linux media interface: v0.10
Nov 22 04:57:22 localhost kernel: [    0.177210] videodev: Linux video capture interface: v2.00
Nov 22 04:57:22 localhost kernel: [    0.177235] pps_core: LinuxPPS API ver. 1 registered
Nov 22 04:57:22 localhost kernel: [    0.177239] pps_core: Software ver. 5.3.6 - Copyright 2005-2007 Rodolfo Giometti <giometti@linux.it>
Nov 22 04:57:22 localhost kernel: [    0.177250] PTP clock support registered
Nov 22 04:57:22 localhost kernel: [    0.177492] hobot_ion: Reserved ion-pool MEM start 0xa4100000, size 0xc000000
Nov 22 04:57:22 localhost kernel: [    0.177540] hobot_ion: Reserved ion-carveout MEM start 0xb0100000, size 0xc000000
Nov 22 04:57:22 localhost kernel: [    0.177630] hobot_ion: Reserved ion-cma MEM start 0xbc100000, size 0xc000000
Nov 22 04:57:22 localhost kernel: [    0.199205] Advanced Linux Sound Architecture Driver Initialized.
Nov 22 04:57:22 localhost kernel: [    0.199736] clocksource: Switched to clocksource arch_sys_counter
Nov 22 04:57:22 localhost kernel: [    0.204377] NET: Registered PF_INET protocol family
Nov 22 04:57:22 localhost kernel: [    0.204573] IP idents hash table entries: 65536 (order: 7, 524288 bytes, linear)
Nov 22 04:57:22 localhost kernel: [    0.206850] tcp_listen_portaddr_hash hash table entries: 2048 (order: 3, 32768 bytes, linear)
Nov 22 04:57:22 localhost kernel: [    0.206880] Table-perturb hash table entries: 65536 (order: 6, 262144 bytes, linear)
Nov 22 04:57:22 localhost kernel: [    0.206890] TCP established hash table entries: 32768 (order: 6, 262144 bytes, linear)
Nov 22 04:57:22 localhost kernel: [    0.207036] TCP bind hash table entries: 32768 (order: 8, 1048576 bytes, linear)
Nov 22 04:57:22 localhost kernel: [    0.207636] TCP: Hash tables configured (established 32768 bind 32768)
Nov 22 04:57:22 localhost kernel: [    0.207709] UDP hash table entries: 2048 (order: 4, 65536 bytes, linear)
Nov 22 04:57:22 localhost kernel: [    0.207755] UDP-Lite hash table entries: 2048 (order: 4, 65536 bytes, linear)
Nov 22 04:57:22 localhost kernel: [    0.207897] NET: Registered PF_UNIX/PF_LOCAL protocol family
Nov 22 04:57:22 localhost kernel: [    0.208129] RPC: Registered named UNIX socket transport module.
Nov 22 04:57:22 localhost kernel: [    0.208135] RPC: Registered udp transport module.
Nov 22 04:57:22 localhost kernel: [    0.208137] RPC: Registered tcp transport module.
Nov 22 04:57:22 localhost kernel: [    0.208140] RPC: Registered tcp NFSv4.1 backchannel transport module.
Nov 22 04:57:22 localhost kernel: [    0.209195] hw perfevents: enabled with armv8_pmuv3 PMU driver, 7 counters available
Nov 22 04:57:22 localhost kernel: [    0.210942] Initialise system trusted keyrings
Nov 22 04:57:22 localhost kernel: [    0.211041] workingset: timestamp_bits=46 max_order=20 bucket_order=0
Nov 22 04:57:22 localhost kernel: [    0.214601] pstore: success mode=2
Nov 22 04:57:22 localhost kernel: [    0.243397] NET: Registered PF_ALG protocol family
Nov 22 04:57:22 localhost kernel: [    0.243410] Key type asymmetric registered
Nov 22 04:57:22 localhost kernel: [    0.243414] Asymmetric key parser 'x509' registered
Nov 22 04:57:22 localhost kernel: [    0.243447] Block layer SCSI generic (bsg) driver version 0.4 loaded (major 246)
Nov 22 04:57:22 localhost kernel: [    0.243453] io scheduler mq-deadline registered
Nov 22 04:57:22 localhost kernel: [    0.243459] io scheduler kyber registered
Nov 22 04:57:22 localhost kernel: [    0.250418] dw_axi_dmac_platform 32080000.dma-controller: DesignWare AXI DMA Controller, 8 channels
Nov 22 04:57:22 localhost kernel: [    0.250967] dw_axi_dmac_platform 34200000.dma-controller: DesignWare AXI DMA Controller, 12 channels
Nov 22 04:57:22 localhost kernel: [    0.251026] Start socinfo driver init
Nov 22 04:57:22 localhost kernel: [    0.251065] socinfo 31021008.socinfo: Start socinfo probe.
Nov 22 04:57:22 localhost kernel: [    0.251117] socinfo 31021008.socinfo: Socinfo probe end with retval: 0
Nov 22 04:57:22 localhost kernel: [    0.251648] axi_monitor 38100000.axi-mon: AXI-Clk: 800000000Hz
Nov 22 04:57:22 localhost kernel: [    0.251661] axi_monitor 38100000.axi-mon: APB-Clk: 200000000Hz
Nov 22 04:57:22 localhost kernel: [    0.251666] axi_monitor 38100000.axi-mon: Maximum session time 343000 millisecs
Nov 22 04:57:22 localhost kernel: [    0.251686] axi_monitor 38100000.axi-mon: Got axi-port num:5
Nov 22 04:57:22 localhost kernel: [    0.251693] axi_monitor 38100000.axi-mon: Got new axi-port:cpu, idx:0
Nov 22 04:57:22 localhost kernel: [    0.251700] axi_monitor 38100000.axi-mon: Got new axi-port:bpu, idx:1
Nov 22 04:57:22 localhost kernel: [    0.251706] axi_monitor 38100000.axi-mon: Got new axi-port:vin, idx:2
Nov 22 04:57:22 localhost kernel: [    0.251713] axi_monitor 38100000.axi-mon: Got new axi-port:codec, idx:3
Nov 22 04:57:22 localhost kernel: [    0.251719] axi_monitor 38100000.axi-mon: Got new axi-port:gpu, idx:4
Nov 22 04:57:22 localhost kernel: [    0.251873] axi_monitor 38100000.axi-mon: DDR Perf Monitor probed successfully.
Nov 22 04:57:22 localhost kernel: [    0.252591] hobot_dsp_init start
Nov 22 04:57:22 localhost kernel: [    0.252713] hobot-dsp dsp0: hobot_dsp_probe start
Nov 22 04:57:22 localhost kernel: [    0.252720] hobot-dsp dsp0: dsp_smmu_init: dsp0 DMA mask 32bit.
Nov 22 04:57:22 localhost kernel: [    0.252883] hobot-dsp dsp0: hobot_dsp_probe dsp0 Registered successfully
Nov 22 04:57:22 localhost kernel: [    0.252920] hobot_dsp_init end
Nov 22 04:57:22 localhost kernel: [    0.254887] Serial: 8250/16550 driver, 8 ports, IRQ sharing disabled
Nov 22 04:57:22 localhost kernel: [    0.256543] printk: console [ttyS0] disabled
Nov 22 04:57:22 localhost kernel: [    0.256590] 32120000.serial: ttyS0 at MMIO 0x32120000 (irq = 29, base_baud = 12656250) is a 16550A
Nov 22 04:57:22 localhost kernel: [    0.257829] printk: console [ttyS0] enabled
Nov 22 04:57:22 localhost kernel: [    0.258305] 34080000.serial: ttyS2 at MMIO 0x34080000 (irq = 30, base_baud = 12500000) is a 16550A
Nov 22 04:57:22 localhost kernel: [    0.258738] 34090000.serial: ttyS3 at MMIO 0x34090000 (irq = 31, base_baud = 12500000) is a 16550A
Nov 22 04:57:22 localhost kernel: [    0.259192] 340a0000.serial: ttyS4 at MMIO 0x340a0000 (irq = 32, base_baud = 12500000) is a 16550A
Nov 22 04:57:22 localhost kernel: [    0.259640] 341a0000.serial: ttyS5 at MMIO 0x341a0000 (irq = 33, base_baud = 12500000) is a 16550A
Nov 22 04:57:22 localhost kernel: [    0.266136] brd: module loaded
Nov 22 04:57:22 localhost kernel: [    0.269609] loop: module loaded
Nov 22 04:57:22 localhost kernel: [    0.271206] dw_spi_mmio 35000000.spi: bit_offset = 0
Nov 22 04:57:22 localhost kernel: [    0.271268] dw_spi_mmio 35000000.spi: DMA init failed
Nov 22 04:57:22 localhost kernel: [    0.459744] random: crng init done
Nov 22 04:57:22 localhost kernel: [    0.671765] spi-nand: probe of spi7.0 failed with error -110
Nov 22 04:57:22 localhost kernel: [    0.672171] dw_spi_mmio 34020000.spi: bit_offset = 0
Nov 22 04:57:22 localhost kernel: [    0.673514] CAN device driver interface
Nov 22 04:57:22 localhost kernel: [    1.688390] mcp251x spi2.0: MCP251x didn't enter in conf mode after reset
Nov 22 04:57:22 localhost kernel: [    1.689329] mcp251x spi2.0: Probe failed, err=110
Nov 22 04:57:22 localhost kernel: [    1.689970] mcp251x: probe of spi2.0 failed with error -110
Nov 22 04:57:22 localhost kernel: [    1.690498] dwc-eth-dwmac 35010000.gmac-tsn: phy is in rmii mode
Nov 22 04:57:22 localhost kernel: [    1.690514] dwc-eth-dwmac 35010000.gmac-tsn: set enet rmii and clk turn on
Nov 22 04:57:22 localhost kernel: [    1.690527] dwc-eth-dwmac 35010000.gmac-tsn: x5_eqos: clk_prepare_enable axi_clk rate=400000000 Hz
Nov 22 04:57:22 localhost kernel: [    1.690539] dwc-eth-dwmac 35010000.gmac-tsn: x5_eqos: clk_prepare_enable rgmii_clk rate=125000000 Hz
Nov 22 04:57:22 localhost kernel: [    1.690591] dwc-eth-dwmac 35010000.gmac-tsn: test phy is in rmii mode phyreset 1
Nov 22 04:57:22 localhost kernel: [    1.809745] dwc-eth-dwmac 35010000.gmac-tsn: test phy is in rmii mode phyreset 0 
Nov 22 04:57:22 localhost kernel: [    1.929743] dwc-eth-dwmac 35010000.gmac-tsn: test phy is in rmii mode phyreset 1
Nov 22 04:57:22 localhost kernel: [    1.929860] dwc-eth-dwmac 35010000.gmac-tsn: User ID: 0x10, Synopsys ID: 0x53
Nov 22 04:57:22 localhost kernel: [    1.929870] dwc-eth-dwmac 35010000.gmac-tsn: 	DWMAC4/5
Nov 22 04:57:22 localhost kernel: [    1.929876] dwc-eth-dwmac 35010000.gmac-tsn: DMA HW capability register supported
Nov 22 04:57:22 localhost kernel: [    1.929881] dwc-eth-dwmac 35010000.gmac-tsn: RX Checksum Offload Engine supported
Nov 22 04:57:22 localhost kernel: [    1.929886] dwc-eth-dwmac 35010000.gmac-tsn: TX Checksum insertion supported
Nov 22 04:57:22 localhost kernel: [    1.929890] dwc-eth-dwmac 35010000.gmac-tsn: Wake-Up On Lan supported
Nov 22 04:57:22 localhost kernel: [    1.929926] dwc-eth-dwmac 35010000.gmac-tsn: TSO supported
Nov 22 04:57:22 localhost kernel: [    1.929931] dwc-eth-dwmac 35010000.gmac-tsn: Enable RX Mitigation via HW Watchdog Timer
Nov 22 04:57:22 localhost kernel: [    1.929948] dwc-eth-dwmac 35010000.gmac-tsn: device MAC address c6:be:5f:35:4e:5a
Nov 22 04:57:22 localhost kernel: [    1.929957] dwc-eth-dwmac 35010000.gmac-tsn: Enabled L3L4 Flow TC (entries=8)
Nov 22 04:57:22 localhost kernel: [    1.929964] dwc-eth-dwmac 35010000.gmac-tsn: Enabled RFS Flow TC (entries=10)
Nov 22 04:57:22 localhost kernel: [    1.929972] dwc-eth-dwmac 35010000.gmac-tsn: Enabling HW TC (entries=128, max_off=256)
Nov 22 04:57:22 localhost kernel: [    1.929977] dwc-eth-dwmac 35010000.gmac-tsn: TSO feature enabled
Nov 22 04:57:22 localhost kernel: [    1.929983] dwc-eth-dwmac 35010000.gmac-tsn: Using 40/40 bits DMA host/device width
Nov 22 04:57:22 localhost kernel: [    1.938322] usbcore: registered new interface driver cdc_ether
Nov 22 04:57:22 localhost kernel: [    1.938345] usbcore: registered new interface driver r8153_ecm
Nov 22 04:57:22 localhost kernel: [    1.940156] usbcore: registered new interface driver cdc_acm
Nov 22 04:57:22 localhost kernel: [    1.940161] cdc_acm: USB Abstract Control Model driver for USB modems and ISDN adapters
Nov 22 04:57:22 localhost kernel: [    1.940254] usbcore: registered new interface driver uas
Nov 22 04:57:22 localhost kernel: [    1.940285] usbcore: registered new interface driver usb-storage
Nov 22 04:57:22 localhost kernel: [    1.940335] usbcore: registered new interface driver ch341
Nov 22 04:57:22 localhost kernel: [    1.940350] usbserial: USB Serial support registered for ch341-uart
Nov 22 04:57:22 localhost kernel: [    1.940366] usbcore: registered new interface driver cp210x
Nov 22 04:57:22 localhost kernel: [    1.940379] usbserial: USB Serial support registered for cp210x
Nov 22 04:57:22 localhost kernel: [    1.940396] usbcore: registered new interface driver ftdi_sio
Nov 22 04:57:22 localhost kernel: [    1.940408] usbserial: USB Serial support registered for FTDI USB Serial Device
Nov 22 04:57:22 localhost kernel: [    1.940425] usbcore: registered new interface driver option
Nov 22 04:57:22 localhost kernel: [    1.940442] usbserial: USB Serial support registered for GSM modem (1-port)
Nov 22 04:57:22 localhost kernel: [    1.940460] usbcore: registered new interface driver pl2303
Nov 22 04:57:22 localhost kernel: [    1.940472] usbserial: USB Serial support registered for pl2303
Nov 22 04:57:22 localhost kernel: [    1.940489] usbcore: registered new interface driver wishbone_serial
Nov 22 04:57:22 localhost kernel: [    1.940504] usbserial: USB Serial support registered for wishbone_serial
Nov 22 04:57:22 localhost kernel: [    1.941567] dw-rtc 31010000.rtc: registered as rtc0
Nov 22 04:57:22 localhost kernel: [    1.941584] dw-rtc 31010000.rtc: setting system clock to 1970-01-01T00:00:00 UTC (0)
Nov 22 04:57:22 localhost kernel: [    1.941700] i2c_dev: i2c /dev entries driver
Nov 22 04:57:22 localhost kernel: [    1.942008] pps pps0: new PPS source hobot_pps.-1
Nov 22 04:57:22 localhost kernel: [    1.942014] hobot-pps hobot_pps: register PPS source name:hobot_pps.-1
Nov 22 04:57:22 localhost kernel: [    1.942045] pps pps0: Registered IRQ 39 as PPS source
Nov 22 04:57:22 localhost kernel: [    1.942095] Error: Driver 'hobot-pps' is already registered, aborting...
Nov 22 04:57:22 localhost kernel: [    1.945110] hwmon hwmon0: temp2_input not attached to any thermal zone
Nov 22 04:57:22 localhost kernel: [    1.945454] dw_wdt 34250000.watchdog: No valid TOPs array specified
Nov 22 04:57:22 localhost kernel: [    1.945732] device-mapper: uevent: version 1.0.3
Nov 22 04:57:22 localhost kernel: [    1.945858] device-mapper: ioctl: 4.47.0-ioctl (2022-07-28) initialised: dm-devel@redhat.com
Nov 22 04:57:22 localhost kernel: [    1.946445] sdhci: Secure Digital Host Controller Interface driver
Nov 22 04:57:22 localhost kernel: [    1.946449] sdhci: Copyright(c) Pierre Ossman
Nov 22 04:57:22 localhost kernel: [    1.946452] sdhci-pltfm: SDHCI platform and OF driver helper
Nov 22 04:57:22 localhost kernel: [    1.946953] usbcore: registered new interface driver usbhid
Nov 22 04:57:22 localhost kernel: [    1.946959] usbhid: USB HID core driver
Nov 22 04:57:22 localhost kernel: [    1.947009] sdhci-dwcmshc 35030000.sdhci: mmc set to fixed voltage 1800
Nov 22 04:57:22 localhost kernel: [    1.947038] logger: created 2048K log 'log_main'
Nov 22 04:57:22 localhost kernel: [    1.947042] sdhci-dwcmshc 35040000.sdhci: MSHC_CTRL:0x40
Nov 22 04:57:22 localhost kernel: [    1.947095] logger: created 256K log 'log_events'
Nov 22 04:57:22 localhost kernel: [    1.947149] logger: created 256K log 'log_radio'
Nov 22 04:57:22 localhost kernel: [    1.947205] logger: created 256K log 'log_system'
Nov 22 04:57:22 localhost kernel: [    1.947258] bootloader-log soc:membuff: log stored in 0x87ffc000, size 0x2000
Nov 22 04:57:22 localhost kernel: [    1.947462] module version 0.1 init
Nov 22 04:57:22 localhost kernel: [    1.947684] ipc-shm-hal: ipc_hal_probe(): IPCF device can't register major number.
Nov 22 04:57:22 localhost kernel: [    1.948650] hobot-ipc-hal: probe of ipc_hal failed with error -16
Nov 22 04:57:22 localhost kernel: [    1.949110] x5-ddrc-devfreq soc:ddrc-freq: userspace_gov: 1
Nov 22 04:57:22 localhost kernel: [    1.949698] x5-dfi 38200000.dfi-monitor: apb clk rate: 200000000, interval: 1
Nov 22 04:57:22 localhost kernel: [    1.951535]  cs_system_cfg: CoreSight Configuration manager initialised
Nov 22 04:57:22 localhost kernel: [    1.952013] coresight-tmc 2c003000.etr: Detected dma mask 40bits
Nov 22 04:57:22 localhost kernel: [    1.954172] CSCFG registered etm0
Nov 22 04:57:22 localhost kernel: [    1.954178] coresight etm0: CPU0: etm v4.2 initialized
Nov 22 04:57:22 localhost kernel: [    1.954516] CSCFG registered etm1
Nov 22 04:57:22 localhost kernel: [    1.954521] coresight etm1: CPU1: etm v4.2 initialized
Nov 22 04:57:22 localhost kernel: [    1.954872] CSCFG registered etm2
Nov 22 04:57:22 localhost kernel: [    1.954878] coresight etm2: CPU2: etm v4.2 initialized
Nov 22 04:57:22 localhost kernel: [    1.955231] CSCFG registered etm3
Nov 22 04:57:22 localhost kernel: [    1.955236] coresight etm3: CPU3: etm v4.2 initialized
Nov 22 04:57:22 localhost kernel: [    1.955575] CSCFG registered etm4
Nov 22 04:57:22 localhost kernel: [    1.955580] coresight etm4: CPU4: etm v4.2 initialized
Nov 22 04:57:22 localhost kernel: [    1.955919] CSCFG registered etm5
Nov 22 04:57:22 localhost kernel: [    1.955925] coresight etm5: CPU5: etm v4.2 initialized
Nov 22 04:57:22 localhost kernel: [    1.956259] CSCFG registered etm6
Nov 22 04:57:22 localhost kernel: [    1.956264] coresight etm6: CPU6: etm v4.2 initialized
Nov 22 04:57:22 localhost kernel: [    1.956610] CSCFG registered etm7
Nov 22 04:57:22 localhost kernel: [    1.956614] coresight etm7: CPU7: etm v4.2 initialized
Nov 22 04:57:22 localhost kernel: [    1.957076] coresight cti_sys0: CTI initialized
Nov 22 04:57:22 localhost kernel: [    1.957310] coresight cti_cpu0: CTI initialized
Nov 22 04:57:22 localhost kernel: [    1.957538] coresight cti_cpu1: CTI initialized
Nov 22 04:57:22 localhost kernel: [    1.957769] coresight cti_cpu2: CTI initialized
Nov 22 04:57:22 localhost kernel: [    1.957995] coresight cti_cpu3: CTI initialized
Nov 22 04:57:22 localhost kernel: [    1.958225] coresight cti_cpu4: CTI initialized
Nov 22 04:57:22 localhost kernel: [    1.958451] coresight cti_cpu5: CTI initialized
Nov 22 04:57:22 localhost kernel: [    1.958689] coresight cti_cpu6: CTI initialized
Nov 22 04:57:22 localhost kernel: [    1.958917] coresight cti_cpu7: CTI initialized
Nov 22 04:57:22 localhost kernel: [    1.959328] optee: probing for conduit method.
Nov 22 04:57:22 localhost kernel: [    1.959351] optee: revision 3.20 (05a6c9de)
Nov 22 04:57:22 localhost kernel: [    1.959517] optee: dynamic shared memory is enabled
Nov 22 04:57:22 localhost kernel: [    1.960382] optee: initialized driver
Nov 22 04:57:22 localhost kernel: [    1.961165] ipc-wrapper ipc-wrapper: AUDIO : audio wrapper probe
Nov 22 04:57:22 localhost kernel: [    1.961619] cpu_dai_driver cpu-dai: AUDIO : ALSA cpu-dai driver probe succ
Nov 22 04:57:22 localhost kernel: [    1.961690] cpu_dai_driver cpu-dai: AUDIO : ALSA platform driver probe succ
Nov 22 04:57:22 localhost kernel: [    1.966709] machine-driver sound-machine: AUDIO : ALSA machine driver probe succ
Nov 22 04:57:22 localhost kernel: [    1.967707] GACT probability NOT on
Nov 22 04:57:22 localhost kernel: [    1.967776] u32 classifier
Nov 22 04:57:22 localhost kernel: [    1.967781]     input device check on
Nov 22 04:57:22 localhost kernel: [    1.967783]     Actions configured
Nov 22 04:57:22 localhost kernel: [    1.967942] NET: Registered PF_PACKET protocol family
Nov 22 04:57:22 localhost kernel: [    1.967954] NET: Registered PF_KEY protocol family
Nov 22 04:57:22 localhost kernel: [    1.967958] can: controller area network core
Nov 22 04:57:22 localhost kernel: [    1.967996] NET: Registered PF_CAN protocol family
Nov 22 04:57:22 localhost kernel: [    1.968004] can: raw protocol
Nov 22 04:57:22 localhost kernel: [    1.968011] can: broadcast manager protocol
Nov 22 04:57:22 localhost kernel: [    1.968018] can: netlink gateway - max_hops=1
Nov 22 04:57:22 localhost kernel: [    1.968111] 8021q: 802.1Q VLAN Support v1.8
Nov 22 04:57:22 localhost kernel: [    1.968131] Found lo, alias (efault) on irq 0
Nov 22 04:57:22 localhost kernel: [    1.968136] MAC: 00:00:00:00:00:00
Nov 22 04:57:22 localhost kernel: [    1.968140] Tx queue length: 1000
Nov 22 04:57:22 localhost kernel: [    1.968146] Invalid capabilities for NIC (lo), dropping from TSN list
Nov 22 04:57:22 localhost kernel: [    1.968149] Found eth0, alias (efault) on irq 37
Nov 22 04:57:22 localhost kernel: [    1.968153] MAC: c6:be:5f:35:4e:5a
Nov 22 04:57:22 localhost kernel: [    1.968157] Tx queue length: 1000
Nov 22 04:57:22 localhost kernel: [    1.968161] Invalid capabilities for NIC (eth0), dropping from TSN list
Nov 22 04:57:22 localhost kernel: [    1.968163] tsn_init_module: No capable NIC found. Perhaps load with in_debug=1 ?
Nov 22 04:57:22 localhost kernel: [    1.969356] registered taskstats version 1
Nov 22 04:57:22 localhost kernel: [    1.969362] Loading compiled-in X.509 certificates
Nov 22 04:57:22 localhost kernel: [    1.972234] Loaded X.509 cert 'Build time autogenerated kernel key: 7f38c1279589266c0f81acc4333e85d1784f4822'
Nov 22 04:57:22 localhost kernel: [    1.972329] Key type .fscrypt registered
Nov 22 04:57:22 localhost kernel: [    1.972334] Key type fscrypt-provisioning registered
Nov 22 04:57:22 localhost kernel: [    1.973088] pstore: Using crash dump compression: deflate
Nov 22 04:57:22 localhost kernel: [    1.975512] 
Nov 22 04:57:22 localhost kernel: [    1.975517] ********************************************************************
Nov 22 04:57:22 localhost kernel: [    1.975520] **     NOTICE NOTICE NOTICE NOTICE NOTICE NOTICE NOTICE           **
Nov 22 04:57:22 localhost kernel: [    1.975523] **                                                                **
Nov 22 04:57:22 localhost kernel: [    1.975526] **  WRITEABLE clk DebugFS SUPPORT HAS BEEN ENABLED IN THIS KERNEL **
Nov 22 04:57:22 localhost kernel: [    1.975529] **                                                                **
Nov 22 04:57:22 localhost kernel: [    1.975531] ** This means that this kernel is built to expose clk operations  **
Nov 22 04:57:22 localhost kernel: [    1.975534] ** such as parent or rate setting, enabling, disabling, etc.      **
Nov 22 04:57:22 localhost kernel: [    1.975537] ** to userspace, which may compromise security on your system.    **
Nov 22 04:57:22 localhost kernel: [    1.975539] **                                                                **
Nov 22 04:57:22 localhost kernel: [    1.975542] ** If you see this message and you are not debugging the          **
Nov 22 04:57:22 localhost kernel: [    1.975544] ** kernel, report this immediately to your vendor!                **
Nov 22 04:57:22 localhost kernel: [    1.975548] **                                                                **
Nov 22 04:57:22 localhost kernel: [    1.975552] **     NOTICE NOTICE NOTICE NOTICE NOTICE NOTICE NOTICE           **
Nov 22 04:57:22 localhost kernel: [    1.975554] ********************************************************************
Nov 22 04:57:22 localhost kernel: [    1.978205] mmc0: SDHCI controller on 35040000.sdhci [35040000.sdhci] using ADMA 64-bit
Nov 22 04:57:22 localhost kernel: [    1.985434] i2c_designware 320a0000.i2c: running with gpio recovery mode! scl,sda
Nov 22 04:57:22 localhost kernel: [    1.985607] i2c i2c-7: using pinctrl states for GPIO recovery
Nov 22 04:57:22 localhost kernel: [    1.986157] i2c_designware 340b0000.i2c: running with gpio recovery mode! scl,sda
Nov 22 04:57:22 localhost kernel: [    1.986311] i2c i2c-0: using pinctrl states for GPIO recovery
Nov 22 04:57:22 localhost kernel: [    1.986825] i2c_designware 340d0000.i2c: running with gpio recovery mode! scl,sda
Nov 22 04:57:22 localhost kernel: [    1.986958] i2c i2c-2: using pinctrl states for GPIO recovery
Nov 22 04:57:22 localhost kernel: [    1.987091] hpu3501 2-001c: Found hpu3501-regulator node, register regulator
Nov 22 04:57:22 localhost kernel: [    1.987227] hpu3501-regulator hpu3501-regulator.1.auto: fault_cfgr will be default value
Nov 22 04:57:22 localhost kernel: [    1.987233] hpu3501-regulator hpu3501-regulator.1.auto: ocp_cfg1r will be default value
Nov 22 04:57:22 localhost kernel: [    1.987238] hpu3501-regulator hpu3501-regulator.1.auto: ocp_cfg2r will be default value
Nov 22 04:57:22 localhost kernel: [    1.987243] hpu3501-regulator hpu3501-regulator.1.auto: reg 0x53 will be default value 0x4
Nov 22 04:57:22 localhost kernel: [    1.994283] hpu3501 set reg 0x53 to 0x4
Nov 22 04:57:22 localhost kernel: [    1.994591] hpu3501 2-001c: Found hpu3501-rtc node, register rtc
Nov 22 04:57:22 localhost kernel: [    1.994852] platform 3d080000.csi: Fixed dependency cycle(s) with /soc/a55_apb0/i2c@340d0000/sc230ai@30
Nov 22 04:57:22 localhost kernel: [    1.994964] i2c 2-0030: Fixed dependency cycle(s) with /soc/cam/csi@3d080000
Nov 22 04:57:22 localhost kernel: [    1.995582] i2c_designware 340e0000.i2c: running with gpio recovery mode! scl,sda
Nov 22 04:57:22 localhost kernel: [    1.995723] i2c i2c-3: using pinctrl states for GPIO recovery
Nov 22 04:57:22 localhost kernel: [    1.996198] i2c_designware 340f0000.i2c: running with gpio recovery mode! scl,sda
Nov 22 04:57:22 localhost kernel: [    1.996315] i2c i2c-4: using pinctrl states for GPIO recovery
Nov 22 04:57:22 localhost kernel: [    1.997349] xhci-hcd xhci-hcd.3.auto: xHCI Host Controller
Nov 22 04:57:22 localhost kernel: [    1.997366] xhci-hcd xhci-hcd.3.auto: new USB bus registered, assigned bus number 1
Nov 22 04:57:22 localhost kernel: [    1.997701] xhci-hcd xhci-hcd.3.auto: hcc params 0x0220fe6d hci version 0x110 quirks 0x0000008000010090
Nov 22 04:57:22 localhost kernel: [    1.997733] xhci-hcd xhci-hcd.3.auto: irq 52, io mem 0x35100000
Nov 22 04:57:22 localhost kernel: [    1.997825] xhci-hcd xhci-hcd.3.auto: xHCI Host Controller
Nov 22 04:57:22 localhost kernel: [    1.997836] xhci-hcd xhci-hcd.3.auto: new USB bus registered, assigned bus number 2
Nov 22 04:57:22 localhost kernel: [    1.997847] xhci-hcd xhci-hcd.3.auto: Host supports USB 3.0 SuperSpeed
Nov 22 04:57:22 localhost kernel: [    1.998248] xhci-hcd xhci-hcd.4.auto: xHCI Host Controller
Nov 22 04:57:22 localhost kernel: [    1.998441] hub 1-0:1.0: USB hub found
Nov 22 04:57:22 localhost kernel: [    1.998466] hub 1-0:1.0: 1 port detected
Nov 22 04:57:22 localhost kernel: [    1.998727] usb usb2: We don't know the algorithms for LPM for this host, disabling LPM.
Nov 22 04:57:22 localhost kernel: [    1.999064] hub 2-0:1.0: USB hub found
Nov 22 04:57:22 localhost kernel: [    1.999085] hub 2-0:1.0: 1 port detected
Nov 22 04:57:22 localhost kernel: [    1.999114] x5-ddrc-devfreq soc:ddrc-freq: userspace_gov: 1
Nov 22 04:57:22 localhost kernel: [    1.999301] xhci-hcd xhci-hcd.4.auto: new USB bus registered, assigned bus number 3
Nov 22 04:57:22 localhost kernel: [    1.999388] xhci-hcd xhci-hcd.4.auto: USB3 root hub has no ports
Nov 22 04:57:22 localhost kernel: [    1.999396] xhci-hcd xhci-hcd.4.auto: hcc params 0x0220fe6d hci version 0x110 quirks 0x0000008000010090
Nov 22 04:57:22 localhost kernel: [    1.999428] xhci-hcd xhci-hcd.4.auto: irq 53, io mem 0x35300000
Nov 22 04:57:22 localhost kernel: [    1.999607] guc 34190000.adc: ADC calibration: 17
Nov 22 04:57:22 localhost kernel: [    1.999618] guc 34190000.adc: ADC trimming: 8
Nov 22 04:57:22 localhost kernel: [    1.999874] hub 3-0:1.0: USB hub found
Nov 22 04:57:22 localhost kernel: [    1.999898] hub 3-0:1.0: 1 port detected
Nov 22 04:57:22 localhost kernel: [    2.000251] guc 34190000.adc: GUC Initialize Finish
Nov 22 04:57:22 localhost kernel: [    2.002134] noc_qos 20530000.video_qos: noc qos init finished.
Nov 22 04:57:22 localhost kernel: [    2.003305] noc_qos 20530080.jpeg_qos: noc qos init finished.
Nov 22 04:57:22 localhost kernel: [    2.004482] noc_qos 20510280.isp_axi5_hdr_qos: noc qos init finished.
Nov 22 04:57:22 localhost kernel: [    2.005639] noc_qos 20510300.isp_axi4_mcm_qos: noc qos init finished.
Nov 22 04:57:22 localhost kernel: [    2.006795] noc_qos 20510380.isp_axi3_sp2_qos: noc qos init finished.
Nov 22 04:57:22 localhost kernel: [    2.007954] noc_qos 20510480.isp_axi1_mp_qos: noc qos init finished.
Nov 22 04:57:22 localhost kernel: [    2.012269] noc_qos 20540080.gpu3d_qos: noc qos init finished.
Nov 22 04:57:22 localhost kernel: [    2.016588] noc_qos 20540000.gpu2d_qos: noc qos init finished.
Nov 22 04:57:22 localhost kernel: [    2.019062] noc_qos 20520000.bpu_qos: noc qos init finished.
Nov 22 04:57:22 localhost kernel: [    2.020558] noc_qos 20560000.hifi5_qos: consumer device is disabled, so qos isn't supported
Nov 22 04:57:22 localhost kernel: [    2.020615] noc_qos: probe of 20560000.hifi5_qos failed with error -1
Nov 22 04:57:22 localhost kernel: [    2.021167] mmc0: new HS200 MMC card at address 0001
Nov 22 04:57:22 localhost kernel: [    2.021550] mmcblk0: mmc0:0001 TB2916 14.6 GiB 
Nov 22 04:57:22 localhost kernel: [    2.023961]  mmcblk0: p1 p2 p3 p4 p5 p6 p7 p8 p9 p10 p11 p12 p13
Nov 22 04:57:22 localhost kernel: [    2.025103] mmcblk0boot0: mmc0:0001 TB2916 4.00 MiB 
Nov 22 04:57:22 localhost kernel: [    2.025873] mmcblk0boot1: mmc0:0001 TB2916 4.00 MiB 
Nov 22 04:57:22 localhost kernel: [    2.026539] mmcblk0rpmb: mmc0:0001 TB2916 4.00 MiB, chardev (243:0)
Nov 22 04:57:22 localhost kernel: [    2.036912] input: gpio-keys as /devices/platform/gpio-keys/input/input0
Nov 22 04:57:22 localhost kernel: [    2.037239] hobot_remoteproc_init start
Nov 22 04:57:22 localhost kernel: [    2.037513] hobot_remoteproc_init end
Nov 22 04:57:22 localhost kernel: [    2.037753] ALSA device list:
Nov 22 04:57:22 localhost kernel: [    2.037758]   #0: gua-audio
Nov 22 04:57:22 localhost kernel: [    2.037902] dw-apb-uart 32120000.serial: forbid DMA for kernel console
Nov 22 04:57:22 localhost kernel: [    2.047100] sdhci-dwcmshc 35030000.sdhci: MSHC_CTRL:0x0
Nov 22 04:57:22 localhost kernel: [    2.072585] mmc2: SDHCI controller on 35030000.sdhci [35030000.sdhci] using ADMA 64-bit
Nov 22 04:57:22 localhost kernel: [    2.076898] EXT4-fs (mmcblk0p9): INFO: recovery required on readonly filesystem
Nov 22 04:57:22 localhost kernel: [    2.076904] EXT4-fs (mmcblk0p9): write access will be enabled during recovery
Nov 22 04:57:22 localhost kernel: [    2.087273] mmc2: new high speed SDIO card at address 0001
Nov 22 04:57:22 localhost kernel: [    2.290725] EXT4-fs (mmcblk0p9): recovery complete
Nov 22 04:57:22 localhost kernel: [    2.291507] EXT4-fs (mmcblk0p9): mounted filesystem with ordered data mode. Quota mode: disabled.
Nov 22 04:57:22 localhost kernel: [    2.291563] VFS: Mounted root (ext4 filesystem) readonly on device 259:1.
Nov 22 04:57:22 localhost kernel: [    2.291982] devtmpfs: mounted
Nov 22 04:57:22 localhost kernel: [    2.292498] Freeing unused kernel memory: 2176K
Nov 22 04:57:22 localhost kernel: [    2.292611] Run /sbin/init as init process
Nov 22 04:57:22 localhost kernel: [    2.292617]   with arguments:
Nov 22 04:57:22 localhost kernel: [    2.292622]     /sbin/init
Nov 22 04:57:22 localhost kernel: [    2.292627]   with environment:
Nov 22 04:57:22 localhost kernel: [    2.292631]     HOME=/
Nov 22 04:57:22 localhost kernel: [    2.292635]     TERM=linux
Nov 22 04:57:22 localhost kernel: [    4.594850] EXT4-fs (mmcblk0p9): re-mounted. Quota mode: disabled.
Nov 22 04:57:22 localhost kernel: [    5.574751] hb_jpu 3b010000.jpu: Adding to iommu group 7
Nov 22 04:57:22 localhost kernel: [    5.578533] hb_vpu 3b000000.vpu: Adding to iommu group 6
Nov 22 04:57:22 localhost kernel: [    5.592719] [VIN_NODE]:[L1078]hobot_vin_node_probe hw_id 0 done
Nov 22 04:57:22 localhost kernel: [    5.592770] VIN_NODE soc:cam:vin_node@0: [FRT:D] hobot_vin_node_probe(0)
Nov 22 04:57:22 localhost kernel: [    5.593169] [VIN_NODE]:[L1078]hobot_vin_node_probe hw_id 1 done
Nov 22 04:57:22 localhost kernel: [    5.593193] VIN_NODE soc:cam:vin_node@1: [FRT:D] hobot_vin_node_probe(0)
Nov 22 04:57:22 localhost kernel: [    5.593424] [VIN_NODE]:[L1078]hobot_vin_node_probe hw_id 2 done
Nov 22 04:57:22 localhost kernel: [    5.593440] VIN_NODE soc:cam:vin_node@2: [FRT:D] hobot_vin_node_probe(0)
Nov 22 04:57:22 localhost kernel: [    5.593649] [VIN_NODE]:[L1078]hobot_vin_node_probe hw_id 3 done
Nov 22 04:57:22 localhost kernel: [    5.593661] VIN_NODE soc:cam:vin_node@3: [FRT:D] hobot_vin_node_probe(0)
Nov 22 04:57:22 localhost kernel: [    5.604567] hobot_vpu_dev: [VPUDRV]vpu_init_system_mem:7158: vpu IO memory resource: physical base addr = 0x3b000000,virtual base addr = ffff80000a430000
Nov 22 04:57:22 localhost kernel: [    5.608921] [HOBOT_LPWM-0] (lpwm_platform_init): ctrl_reg = 0
Nov 22 04:57:22 localhost kernel: [    5.610314] start to add opp table.
Nov 22 04:57:22 localhost kernel: [    5.610332] finish to add opp table 4.
Nov 22 04:57:22 localhost kernel: [    5.610384] Galcore version 6.4.14.9.674707
Nov 22 04:57:22 localhost kernel: [    5.610801] nano2d 3c010000.gc820: Adding to iommu group 9
Nov 22 04:57:22 localhost kernel: [    5.610939] nano2d 3c010000.gc820: clk name: pclk, freq = 200000000.
Nov 22 04:57:22 localhost kernel: [    5.610955] nano2d 3c010000.gc820: clk name: aclk, freq = 750000000.
Nov 22 04:57:22 localhost kernel: [    5.610966] nano2d 3c010000.gc820: clk name: clk1x, freq = 750000000.
Nov 22 04:57:22 localhost kernel: [    5.611031] [VIN_NODE]:[L610]type 3 vin_register_device_node done
Nov 22 04:57:22 localhost kernel: [    5.611040] [HOBOT_LPWM-0] (hobot_lpwm_probe): Probe success
Nov 22 04:57:22 localhost kernel: [    5.611194] gpu_parse_dt: register base(3c010000), irq(63).
Nov 22 04:57:22 localhost kernel: [    5.611760] aicbsp_init
Nov 22 04:57:22 localhost kernel: [    5.611769] RELEASE_DATE:2025_0410_b99ca8b6
Nov 22 04:57:22 localhost kernel: [    5.611774] aicbsp_resv_mem_init 
Nov 22 04:57:22 localhost kernel: [    5.612021] create /dev/nano2d device.
Nov 22 04:57:22 localhost kernel: [    5.612088] Insmod parameters:
Nov 22 04:57:22 localhost kernel: [    5.612092] device[0] core[0]
Nov 22 04:57:22 localhost kernel: [    5.612096]   irq line:63
Nov 22 04:57:22 localhost kernel: [    5.612099]   register base:0x3c010000
Nov 22 04:57:22 localhost kernel: [    5.612103]   register size:0x10000
Nov 22 04:57:22 localhost kernel: [    5.612105] 
Nov 22 04:57:22 localhost kernel: [    5.612107]   iommu enabled
Nov 22 04:57:22 localhost kernel: [    5.612110]   contiguous base:0x0
Nov 22 04:57:22 localhost kernel: [    5.612112]   contiguous size:0x0
Nov 22 04:57:22 localhost kernel: [    5.612115]   command contiguous base:0x0
Nov 22 04:57:22 localhost kernel: [    5.612118]   command contiguous size:0x0
Nov 22 04:57:22 localhost kernel: [    5.612120] 
Nov 22 04:57:22 localhost kernel: [    5.614944] [VPF mgr]:[L271]vpf_alloc_minor_number: minor[0] bit1 is used
Nov 22 04:57:22 localhost kernel: [    5.615156] [VPF mgr]:[L271]vpf_alloc_minor_number: minor[0] bit2 is used
Nov 22 04:57:22 localhost kernel: [    5.615276] [VPF mgr]:[L271]vpf_alloc_minor_number: minor[0] bit3 is used
Nov 22 04:57:22 localhost kernel: [    5.615406] [VPF mgr]:[L271]vpf_alloc_minor_number: minor[0] bit4 is used
Nov 22 04:57:22 localhost kernel: [    5.615483] [VPF mgr]:[L271]vpf_alloc_minor_number: minor[0] bit5 is used
Nov 22 04:57:22 localhost kernel: [    5.615597] nano2D: after probe, allocate_count = 28
Nov 22 04:57:22 localhost kernel: [    5.650784] [CODEC_NODE]:[L647]hobot_codec_node_probe start
Nov 22 04:57:22 localhost kernel: [    5.650817] [VPF mgr]:[L271]vpf_alloc_minor_number: minor[0] bit6 is used
Nov 22 04:57:22 localhost kernel: [    5.659280] [INFO][HOBOT_OSD](osd_probe) done
Nov 22 04:57:22 localhost kernel: [    5.680814] [VPF mgr]:[L271]vpf_alloc_minor_number: minor[0] bit7 is used
Nov 22 04:57:22 localhost kernel: [    5.681081] [CODEC_NODE]:[L670][FRT:D] hobot_codec_node_probe(0)
Nov 22 04:57:22 localhost kernel: [    5.901277] dwc-eth-dwmac 35010000.gmac-tsn eth0: Register MEM_TYPE_PAGE_POOL RxQ-0
Nov 22 04:57:22 localhost kernel: [    5.901737] dwc-eth-dwmac 35010000.gmac-tsn eth0: Register MEM_TYPE_PAGE_POOL RxQ-1
Nov 22 04:57:22 localhost kernel: [    5.902189] dwc-eth-dwmac 35010000.gmac-tsn eth0: Register MEM_TYPE_PAGE_POOL RxQ-2
Nov 22 04:57:22 localhost kernel: [    5.902696] dwc-eth-dwmac 35010000.gmac-tsn eth0: Register MEM_TYPE_PAGE_POOL RxQ-3
Nov 22 04:57:22 localhost kernel: [    5.903789] dwc-eth-dwmac 35010000.gmac-tsn eth0: validation of  with support 00000000,00000000,00006000 and advertisement 00000000,00000000,00000000 failed: -EINVAL
Nov 22 04:57:22 localhost kernel: [    5.903840] dwc-eth-dwmac 35010000.gmac-tsn eth0: __stmmac_open: Cannot attach to PHY (error: -22)
Nov 22 04:57:22 localhost kernel: [    6.998502] vs-cam-pulse 3d0b008c.cam_pulse: cam_pulse_probe successfully done!
Nov 22 04:57:22 localhost kernel: [    7.029369] vin vcon0: self rx0 attr 0x521 bus 7 probe
Nov 22 04:57:22 localhost kernel: [    7.029555] vin vcon1: self rx1 attr 0x521 bus 4 probe
Nov 22 04:57:22 localhost kernel: [    7.029643] vin vcon2: self rx2 attr 0x5a1 bus 7 probe
Nov 22 04:57:22 localhost kernel: [    7.029939] vin vcon3: self rx3 attr 0x521 bus 7 probe
Nov 22 04:57:22 localhost kernel: [    7.030405] [VIN_NODE]:[L610]type 2 vin_register_device_node done
Nov 22 04:57:22 localhost kernel: [    7.030413] vin vcon: init 4 vcon done
Nov 22 04:57:22 localhost kernel: [    7.047761] hobot-sif 3d020000.sif: Adding to iommu group 1
Nov 22 04:57:22 localhost kernel: [    7.048067] [VIN_NODE]:[L845]hw_id 0 vin_device_node_init done
Nov 22 04:57:22 localhost kernel: [    7.048097] [VPF mgr]:[L271]vpf_alloc_minor_number: minor[0] bit8 is used
Nov 22 04:57:22 localhost kernel: [    7.048241] [VPF mgr]:[L271]vpf_alloc_minor_number: minor[0] bit9 is used
Nov 22 04:57:22 localhost kernel: [    7.048329] [VPF mgr]:[L271]vpf_alloc_minor_number: minor[0] bit10 is used
Nov 22 04:57:22 localhost kernel: [    7.048440] [VPF mgr]:[L271]vpf_alloc_minor_number: minor[0] bit11 is used
Nov 22 04:57:22 localhost kernel: [    7.048514] [VIN_NODE]:[L999][S0]vin_node_device_node_init hw_id 0 done
Nov 22 04:57:22 localhost kernel: [    7.048569] hobot-sif 3d020000.sif: [FRT:D] cim_probe(0)
Nov 22 04:57:22 localhost kernel: [    7.048577] [CIM]:[L1014]cim_probe hw_id 0 done, time used: 762us
Nov 22 04:57:22 localhost kernel: [    7.048791] hobot-sif 3d030000.sif: Adding to iommu group 1
Nov 22 04:57:22 localhost kernel: [    7.049132] [VIN_NODE]:[L845]hw_id 1 vin_device_node_init done
Nov 22 04:57:22 localhost kernel: [    7.049157] [VPF mgr]:[L271]vpf_alloc_minor_number: minor[0] bit12 is used
Nov 22 04:57:22 localhost kernel: [    7.051341] [VPF mgr]:[L271]vpf_alloc_minor_number: minor[0] bit13 is used
Nov 22 04:57:22 localhost kernel: [    7.051826] [VPF mgr]:[L271]vpf_alloc_minor_number: minor[0] bit14 is used
Nov 22 04:57:22 localhost kernel: [    7.051960] [VPF mgr]:[L271]vpf_alloc_minor_number: minor[0] bit15 is used
Nov 22 04:57:22 localhost kernel: [    7.052096] [VIN_NODE]:[L999][S0]vin_node_device_node_init hw_id 1 done
Nov 22 04:57:22 localhost kernel: [    7.052151] hobot-sif 3d030000.sif: [FRT:D] cim_probe(0)
Nov 22 04:57:22 localhost kernel: [    7.052159] [CIM]:[L1014]cim_probe hw_id 1 done, time used: 3274us
Nov 22 04:57:22 localhost kernel: [    7.052420] hobot-sif 3d040000.sif: Adding to iommu group 1
Nov 22 04:57:22 localhost kernel: [    7.052706] [VIN_NODE]:[L845]hw_id 2 vin_device_node_init done
Nov 22 04:57:22 localhost kernel: [    7.052732] [VPF mgr]:[L271]vpf_alloc_minor_number: minor[0] bit16 is used
Nov 22 04:57:22 localhost kernel: [    7.055994] [VPF mgr]:[L271]vpf_alloc_minor_number: minor[0] bit17 is used
Nov 22 04:57:22 localhost kernel: [    7.056108] [VPF mgr]:[L271]vpf_alloc_minor_number: minor[0] bit18 is used
Nov 22 04:57:22 localhost kernel: [    7.056263] [VPF mgr]:[L271]vpf_alloc_minor_number: minor[0] bit19 is used
Nov 22 04:57:22 localhost kernel: [    7.056338] [VIN_NODE]:[L999][S0]vin_node_device_node_init hw_id 2 done
Nov 22 04:57:22 localhost kernel: [    7.056390] hobot-sif 3d040000.sif: [FRT:D] cim_probe(0)
Nov 22 04:57:22 localhost kernel: [    7.056398] [CIM]:[L1014]cim_probe hw_id 2 done, time used: 3946us
Nov 22 04:57:22 localhost kernel: [    7.056640] hobot-sif 3d050000.sif: Adding to iommu group 1
Nov 22 04:57:22 localhost kernel: [    7.057004] [VIN_NODE]:[L845]hw_id 3 vin_device_node_init done
Nov 22 04:57:22 localhost kernel: [    7.057033] [VPF mgr]:[L271]vpf_alloc_minor_number: minor[0] bit20 is used
Nov 22 04:57:22 localhost kernel: [    7.057235] [VPF mgr]:[L271]vpf_alloc_minor_number: minor[0] bit21 is used
Nov 22 04:57:22 localhost kernel: [    7.057328] [VPF mgr]:[L271]vpf_alloc_minor_number: minor[0] bit22 is used
Nov 22 04:57:22 localhost kernel: [    7.057437] [VPF mgr]:[L271]vpf_alloc_minor_number: minor[0] bit23 is used
Nov 22 04:57:22 localhost kernel: [    7.057612] [VIN_NODE]:[L999][S0]vin_node_device_node_init hw_id 3 done
Nov 22 04:57:22 localhost kernel: [    7.057705] hobot-sif 3d050000.sif: [FRT:D] cim_probe(0)
Nov 22 04:57:22 localhost kernel: [    7.057713] [CIM]:[L1014]cim_probe hw_id 3 done, time used: 1025us
Nov 22 04:57:22 localhost kernel: [    7.061502] [VIN_NODE]:[L610]type 0 vin_register_device_node done
Nov 22 04:57:22 localhost kernel: [    7.099215] vin sensor: init 24 sensor v1.0 done
Nov 22 04:57:22 localhost kernel: [    7.112840] vin mipi0: probe with x5sys done
Nov 22 04:57:22 localhost kernel: [    7.123250] CAM_SUBSYS soc:cam:cam_sys@0: [FRT:D] camsys_probe(0)
Nov 22 04:57:22 localhost kernel: [    7.133938] vin mipi0: snrclk set disable
Nov 22 04:57:22 localhost kernel: [    7.133972] vin mipi0: ver 0154 port0(0:0)
Nov 22 04:57:22 localhost kernel: [    7.134389] vin mipi1: snrclk set disable
Nov 22 04:57:22 localhost kernel: [    7.134413] vin mipi1: ver 0154 port1(0:1)
Nov 22 04:57:22 localhost kernel: [    7.134674] vin mipi2: snrclk set disable
Nov 22 04:57:22 localhost kernel: [    7.134694] vin mipi2: ver 0154 port2(1:0)
Nov 22 04:57:22 localhost kernel: [    7.135108] vin mipi3: snrclk set disable
Nov 22 04:57:22 localhost kernel: [    7.135130] vin mipi3: ver 0154 port3(1:1)
Nov 22 04:57:22 localhost kernel: [    7.135517] [VIN_NODE]:[L610]type 1 vin_register_device_node done
Nov 22 04:57:22 localhost kernel: [    7.135529] vin mipi-tx: dev0 dummy setcb
Nov 22 04:57:22 localhost kernel: [    7.135533] vin mipi-tx: dev1 dummy setcb
Nov 22 04:57:22 localhost kernel: [    7.135535] vin mipi: init 4 rx 2 tx done
Nov 22 04:57:22 localhost kernel: [    7.147719] vin mipi: phy debug probed
Nov 22 04:57:22 localhost kernel: [    7.147897] vin mipi0: debug probed
Nov 22 04:57:22 localhost kernel: [    7.148074] vin mipi1: debug probed
Nov 22 04:57:22 localhost kernel: [    7.148234] vin mipi2: debug probed
Nov 22 04:57:22 localhost kernel: [    7.148451] vin mipi3: debug probed
Nov 22 04:57:22 localhost kernel: [    7.162004] vs-isp 3d000000.isp: Adding to iommu group 8
Nov 22 04:57:22 localhost kernel: [    7.162649] vs-isp 3d000000.isp: assigned reserved memory node linux,cma@88000000
Nov 22 04:57:22 localhost kernel: [    7.162683] [VPF mgr]:[L271]vpf_alloc_minor_number: minor[0] bit24 is used
Nov 22 04:57:22 localhost kernel: [    7.162839] [VPF mgr]:[L271]vpf_alloc_minor_number: minor[0] bit25 is used
Nov 22 04:57:22 localhost kernel: [    7.162945] [VPF mgr]:[L271]vpf_alloc_minor_number: minor[0] bit26 is used
Nov 22 04:57:22 localhost kernel: [    7.163016] [VPF mgr]:[L271]vpf_alloc_minor_number: minor[0] bit27 is used
Nov 22 04:57:22 localhost kernel: [    7.163123] vs-isp 3d000000.isp: VS ISP driver (native) probed done, time used: 1054us
Nov 22 04:57:22 localhost kernel: [    7.177139] vs-vse 3d010000.vse: Adding to iommu group 0
Nov 22 04:57:22 localhost kernel: [    7.177462] vs-vse 3d010000.vse: cannot get reset control (err=-6)
Nov 22 04:57:22 localhost kernel: [    7.177671] [VPF mgr]:[L271]vpf_alloc_minor_number: minor[0] bit28 is used
Nov 22 04:57:22 localhost kernel: [    7.177810] [VPF mgr]:[L271]vpf_alloc_minor_number: minor[0] bit29 is used
Nov 22 04:57:22 localhost kernel: [    7.177886] [VPF mgr]:[L271]vpf_alloc_minor_number: minor[0] bit30 is used
Nov 22 04:57:22 localhost kernel: [    7.178037] [VPF mgr]:[L271]vpf_alloc_minor_number: minor[0] bit31 is used
Nov 22 04:57:22 localhost kernel: [    7.178131] [VPF mgr]:[L271]vpf_alloc_minor_number: minor[1] bit0 is used
Nov 22 04:57:22 localhost kernel: [    7.178254] [VPF mgr]:[L271]vpf_alloc_minor_number: minor[1] bit1 is used
Nov 22 04:57:22 localhost kernel: [    7.181048] [VPF mgr]:[L271]vpf_alloc_minor_number: minor[1] bit2 is used
Nov 22 04:57:22 localhost kernel: [    7.181229] vs-vse 3d010000.vse: VS VSE driver (native) probed done, time used: 4007us
Nov 22 04:57:22 localhost kernel: [    7.192807] vin deserial: init 6 deserial v1.0 done
Nov 22 04:57:22 localhost kernel: [    7.202759] HOBOT GDC 3d0c0000.gdc: Adding to iommu group 2
Nov 22 04:57:22 localhost kernel: [    7.202952] [VPF mgr]:[L271]vpf_alloc_minor_number: minor[1] bit3 is used
Nov 22 04:57:22 localhost kernel: [    7.203086] [VPF mgr]:[L271]vpf_alloc_minor_number: minor[1] bit4 is used
Nov 22 04:57:22 localhost kernel: [    7.203186] HOBOT GDC 3d0c0000.gdc: [FRT:D] hobot_gdc_probe(0)
Nov 22 04:57:22 localhost kernel: [    7.213108] [ISI_Sensor]:isi_sensor_init end
Nov 22 04:57:22 localhost kernel: [    7.247781] cfg80211: Loading compiled-in X.509 certificates for regulatory database
Nov 22 04:57:22 localhost kernel: [    7.257738] cfg80211: Loaded X.509 cert 'wens: 61c038651aabdcf94bd0ac7ff06c7248db18c600'
Nov 22 04:57:22 localhost kernel: [    7.258348] cfg80211: Loaded X.509 cert 'sforshee: 00b28ddf47aef9cea7'
Nov 22 04:57:22 localhost kernel: [    7.260995] platform regulatory.0: Direct firmware load for regulatory.db failed with error -2
Nov 22 04:57:22 localhost kernel: [    7.261013] platform regulatory.0: Falling back to sysfs fallback for: regulatory.db
Nov 22 04:57:22 localhost kernel: [    7.262545] cfg80211: failed to load regulatory.db
Nov 22 04:57:22 localhost kernel: [    7.394435] 8852bs: module is from the staging directory, the quality is unknown, you have been warned.
Nov 22 04:57:22 localhost kernel: [    7.469035] Bluetooth: Core ver 2.22
Nov 22 04:57:22 localhost kernel: [    7.469139] NET: Registered PF_BLUETOOTH protocol family
Nov 22 04:57:22 localhost kernel: [    7.469145] Bluetooth: HCI device and connection manager initialized
Nov 22 04:57:22 localhost kernel: [    7.469159] Bluetooth: HCI socket layer initialized
Nov 22 04:57:22 localhost kernel: [    7.469166] Bluetooth: L2CAP socket layer initialized
Nov 22 04:57:22 localhost kernel: [    7.469180] Bluetooth: SCO socket layer initialized
Nov 22 04:57:22 localhost kernel: [    7.479945] Bluetooth: HCI UART driver ver 2.3
Nov 22 04:57:22 localhost kernel: [    7.479962] Bluetooth: HCI UART protocol H4 registered
Nov 22 04:57:22 localhost kernel: [    7.480024] Bluetooth: HCI UART protocol Three-wire (H5) registered
Nov 22 04:57:22 localhost kernel: [    7.505060] bpu-core 3a000000.bpu: Adding to iommu group 10
Nov 22 04:57:22 localhost kernel: [    7.505283] bpu-core 3a000000.bpu: Can't get bpu power delay, use default
Nov 22 04:57:22 localhost kernel: [    7.511618] bpu_hw_io_x5: loading out-of-tree module taints kernel.
Nov 22 04:57:22 localhost kernel: [    7.511635] bpu_hw_io_x5: module license 'Proprietary' taints kernel.
Nov 22 04:57:22 localhost kernel: [    7.511639] Disabling lock debugging due to kernel taint
Nov 22 04:57:22 localhost kernel: [    7.512100] bpu-core: hw-io: git commit: 42566cb
Nov 22 04:57:22 localhost kernel: [    7.524967] ** HUGE-IC WLAN Card Driver(fmac) v2.2.1-35256
Nov 22 04:57:22 localhost kernel: [    7.524982] hgic_usb_init:430::Enter, max_pkt_len = 2560
Nov 22 04:57:22 localhost kernel: [    7.525072] usbcore: registered new interface driver hgicf
Nov 22 04:57:22 localhost kernel: [    7.525078] hgic_usb_init:439::Leave
Nov 22 04:57:22 localhost kernel: [    7.525081] hgic_sdio_init:1031::Enter, max_pkt_len = 8192
Nov 22 04:57:22 localhost kernel: [    7.525280] hgic_sdio_probe:874::Enter, func->num:1, devid:4002
Nov 22 04:57:22 localhost kernel: [    7.525290] hgic_sdio_probe:890::new sdio card: vendor:a012, id:4002
Nov 22 04:57:22 localhost kernel: [    7.525296] hgicf_core_probe:1063::qc_mode=0, no_bootdl=0, if_agg=0, txq_size=1024
Nov 22 04:57:22 localhost kernel: [    7.525319] hgic_ota_init:78::Enter ...
Nov 22 04:57:22 localhost kernel: [    7.525322] hgic_ota_init:85::Leave ...
Nov 22 04:57:22 localhost kernel: [    7.525326] hgic_bootdl_init:47::Enter ...
Nov 22 04:57:22 localhost kernel: [    7.525330] hgic_bootdl_init:53::Leave ...each packet len:32704
Nov 22 04:57:22 localhost kernel: [    7.525337] hgicf_core_probe:1108::ok
Nov 22 04:57:22 localhost kernel: [    7.525340] hgic_sdio_enable:843::Enter
Nov 22 04:57:22 localhost kernel: [    7.525448] hgic_sdio_enable:862::ok
Nov 22 04:57:22 localhost kernel: [    7.525467] hgicf_download_fw:783::Enter
Nov 22 04:57:22 localhost kernel: [    7.525489] hgic_sdio_probe:934::ok
Nov 22 04:57:22 localhost kernel: [    7.525566] hgic_sdio_init:1037::Leave
Nov 22 04:57:22 localhost kernel: [    7.525571] leave hgicf_init
Nov 22 04:57:22 localhost kernel: [    7.525678] enter hgic_bootdl_download
Nov 22 04:57:22 localhost kernel: [    7.528686] hgic_get_fw_dl_addr:150::hgic_get_fw_dl_addr:Check Para:download addr:20001000
Nov 22 04:57:22 localhost kernel: [    7.528708] hgic_get_fw_aes_en:114::hgic_get_fw_aes_en:Check Para:aes_en:0
Nov 22 04:57:22 localhost kernel: [    7.528713] hgic_get_fw_crc_en:132::hgic_get_fw_crc_en:Check Para:crc_en:1
Nov 22 04:57:22 localhost kernel: [    7.528718] hgic_get_fw_local_crc32:204::hgic_get_fw_local_crc32:Check Para:local crc:0
Nov 22 04:57:22 localhost kernel: [    7.528723] hgic_get_fw_code_offset:186::hgic_get_fw_code_offset:Check Para:code offset:8192
Nov 22 04:57:22 localhost kernel: [    7.528728] hgic_bootdl_parse_fw:190::firmware hdr len  : 8192
Nov 22 04:57:22 localhost kernel: [    7.528733] hgic_bootdl_parse_fw:191::firmware run addr : 20001000
Nov 22 04:57:22 localhost kernel: [    7.528736] hgic_bootdl_parse_fw:192::firmware size     : 352784
Nov 22 04:57:22 localhost kernel: [    7.528740] hgic_bootdl_parse_fw:193::firmware aes_en:0,crc_en:1
Nov 22 04:57:22 localhost kernel: [    7.530931] hgic_bootdl_send_fw:216::Send fw data success!
Nov 22 04:57:22 localhost kernel: [    7.533031] hgic_bootdl_send_fw:216::Send fw data success!
Nov 22 04:57:22 localhost kernel: [    7.535113] hgic_bootdl_send_fw:216::Send fw data success!
Nov 22 04:57:22 localhost kernel: [    7.537193] hgic_bootdl_send_fw:216::Send fw data success!
Nov 22 04:57:22 localhost kernel: [    7.539551] hgic_bootdl_send_fw:216::Send fw data success!
Nov 22 04:57:22 localhost kernel: [    7.541745] hgic_bootdl_send_fw:216::Send fw data success!
Nov 22 04:57:22 localhost kernel: [    7.543831] hgic_bootdl_send_fw:216::Send fw data success!
Nov 22 04:57:22 localhost kernel: [    7.545908] hgic_bootdl_send_fw:216::Send fw data success!
Nov 22 04:57:22 localhost kernel: [    7.547977] hgic_bootdl_send_fw:216::Send fw data success!
Nov 22 04:57:22 localhost kernel: [    7.550108] hgic_bootdl_send_fw:216::Send fw data success!
Nov 22 04:57:22 localhost kernel: [    7.551798] hgic_bootdl_send_fw:216::Send fw data success!
Nov 22 04:57:22 localhost kernel: [    7.553660] asoc-duplex-host-card snd0: asoc_simple_probe test es8311 end
Nov 22 04:57:22 localhost kernel: [    7.561031] hgic_bootdl_download:425::Cmd run success!
Nov 22 04:57:22 localhost kernel: [    7.561050] hgic_bootdl_download:429::Release boot download firmware...
Nov 22 04:57:22 localhost kernel: [    7.561103] leave hgic_bootdl_download
Nov 22 04:57:22 localhost kernel: [    7.599776] enter hgic_sdio_reinit_card
Nov 22 04:57:22 localhost kernel: [    7.642844] leave hgic_sdio_reinit_card
Nov 22 04:57:22 localhost kernel: [    7.669931] hgic fw info:1.6.4.5, svn version:40651, 1e:9e:14:96:a8:20, smt_dat:124111319
Nov 22 04:57:22 localhost kernel: [    7.669959] hgicf_create_iface:584::Enter
Nov 22 04:57:22 localhost kernel: [    7.670351] hgicf_create_procfs:267::enter
Nov 22 04:57:22 localhost kernel: [    7.670380] hgicf_create_procfs:294::leave
Nov 22 04:57:22 localhost kernel: [    7.670656] hgicf_load_config:117::load conf file: /etc/hgicf.conf
Nov 22 04:57:22 localhost kernel: [    7.671962] hgicf_load_config:132::param: [bss_bw=4]
Nov 22 04:57:22 localhost kernel: [    7.677132] hgicf_load_config:132::param: [chan_list=9060,9100,9140,9180,9220]
Nov 22 04:57:22 localhost kernel: [    7.688253] hgicf_load_config:132::param: [country_code=]
Nov 22 04:57:22 localhost kernel: [    7.688284] hgicf_load_config:136::invalid param:[country_code=]
Nov 22 04:57:22 localhost kernel: [    7.688289] hgicf_load_config:132::param: [freq_range=]
Nov 22 04:57:22 localhost kernel: [    7.688293] hgicf_load_config:136::invalid param:[freq_range=]
Nov 22 04:57:22 localhost kernel: [    7.688297] hgicf_load_config:132::param: [key_mgmt=WPA-PSK]
Nov 22 04:57:22 localhost kernel: [    7.692229] hgicf_load_config:132::param: [mode=sta]
Nov 22 04:57:22 localhost kernel: [    7.697160] hg0: Current addr:  1e 9e 14 96 a8 20 00 00 00 00 00 00 00 00 00 00 00 00 00 00 00 00 00 00 00 00 00 00 00 00 00 00
Nov 22 04:57:22 localhost kernel: [    7.697185] hg0: Expected addr: 00 00 00 00 00 00 00 00 00 00 00 00 00 00 00 00 00 00 00 00 00 00 00 00 00 00 00 00 00 00 00 00
Nov 22 04:57:22 localhost kernel: [    7.697191] ------------[ cut here ]------------
Nov 22 04:57:22 localhost kernel: [    7.697194] netdevice: hg0: Incorrect netdev->dev_addr
Nov 22 04:57:22 localhost kernel: [    7.697222] WARNING: CPU: 2 PID: 302 at net/core/dev_addr_lists.c:519 dev_addr_check+0x94/0x140
Nov 22 04:57:22 localhost kernel: [    7.697245] Modules linked in: snd_soc_hobot_sound_duplex_host snd_soc_simple_card_utils designware_i2s hgicf bpu_hw_io_x5(PO) bpu_cores bpu_framework hci_uart btrtl bluetooth 8852bs(C) cfg80211 rfkill hobot_isi_sensor hobot_gdc hobot_deserial vs_vse_nat vs_isp_nat hobot_mipidbg hobot_mipicsi hobot_camsys hobot_mipiphy hobot_sensor vs_sif_nat vs_ops_nat hobot_vin_vcon vs_csi_wrapper vs_cam_pulse vs_cam_ctrl vs_isc hobot_codec_vnode hobot_osd vs_dw_crc aic8800_bsp vio_n2d hobot_lpwm galcore hobot_vin_vnode hobot_vpu hobot_jpu hobot_vio_common
Nov 22 04:57:22 localhost kernel: [    7.697370] CPU: 2 PID: 302 Comm: systemd-network Tainted: P        WC O       6.1.83-DR-PL5.2_V1.1.1 #11
Nov 22 04:57:22 localhost kernel: [    7.697378] Hardware name: D-Robotics X5 EVB LP4 1_B board (DT)
Nov 22 04:57:22 localhost kernel: [    7.697383] pstate: 60400009 (nZCv daif +PAN -UAO -TCO -DIT -SSBS BTYPE=--)
Nov 22 04:57:22 localhost kernel: [    7.697390] pc : dev_addr_check+0x94/0x140
Nov 22 04:57:22 localhost kernel: [    7.697397] lr : dev_addr_check+0x94/0x140
Nov 22 04:57:22 localhost kernel: [    7.697403] sp : ffff80000a46b560
Nov 22 04:57:22 localhost kernel: [    7.697407] x29: ffff80000a46b560 x28: ffff000085c09b80 x27: ffff8000094fe500
Nov 22 04:57:22 localhost kernel: [    7.697419] x26: ffff80000a46b818 x25: 0000000000000001 x24: 0000000000000000
Nov 22 04:57:22 localhost kernel: [    7.697430] x23: ffff000082a80238 x22: 0000000000001002 x21: ffff800001206168
Nov 22 04:57:22 localhost kernel: [    7.697442] x20: ffff000082a80000 x19: ffff000082a80000 x18: 0000000000000038
Nov 22 04:57:22 localhost kernel: [    7.697453] x17: 3030203030203030 x16: 2030302030302030 x15: fffffffffffee8d0
Nov 22 04:57:22 localhost kernel: [    7.697463] x14: 3030203030203030 x13: ffff8000090d9eb0 x12: 0000000000000a29
Nov 22 04:57:22 localhost kernel: [    7.697473] x11: 0000000000000363 x10: ffff800009131eb0 x9 : ffff8000090d9eb0
Nov 22 04:57:22 localhost kernel: [    7.697483] x8 : 00000000ffffefff x7 : ffff800009131eb0 x6 : 0000000000000000
Nov 22 04:57:22 localhost kernel: [    7.697493] x5 : ffff0000ff6e5aa0 x4 : 0000000000000000 x3 : ffff8000f67ac000
Nov 22 04:57:22 localhost kernel: [    7.697503] x2 : 0000000000000000 x1 : 0000000000000000 x0 : ffff000085c09b80
Nov 22 04:57:22 localhost kernel: [    7.697514] Call trace:
Nov 22 04:57:22 localhost kernel: [    7.697519]  dev_addr_check+0x94/0x140
Nov 22 04:57:22 localhost kernel: [    7.697526]  __dev_open+0x40/0x1dc
Nov 22 04:57:22 localhost kernel: [    7.697533]  __dev_change_flags+0x190/0x20c
Nov 22 04:57:22 localhost kernel: [    7.697539]  dev_change_flags+0x24/0x64
Nov 22 04:57:22 localhost kernel: [    7.697544]  do_setlink+0x210/0xe50
Nov 22 04:57:22 localhost kernel: [    7.697551]  rtnl_setlink+0xe4/0x180
Nov 22 04:57:22 localhost kernel: [    7.697556]  rtnetlink_rcv_msg+0x12c/0x390
Nov 22 04:57:22 localhost kernel: [    7.697562]  netlink_rcv_skb+0x5c/0x130
Nov 22 04:57:22 localhost kernel: [    7.697569]  rtnetlink_rcv+0x18/0x24
Nov 22 04:57:22 localhost kernel: [    7.697576]  netlink_unicast+0x2e4/0x350
Nov 22 04:57:22 localhost kernel: [    7.697581]  netlink_sendmsg+0x198/0x3f0
Nov 22 04:57:22 localhost kernel: [    7.697586]  __sys_sendto+0x12c/0x170
Nov 22 04:57:22 localhost kernel: [    7.697593]  __arm64_sys_sendto+0x28/0x40
Nov 22 04:57:22 localhost kernel: [    7.697600]  invoke_syscall+0x48/0x114
Nov 22 04:57:22 localhost kernel: [    7.697609]  el0_svc_common.constprop.0+0xd4/0xfc
Nov 22 04:57:22 localhost kernel: [    7.697616]  do_el0_svc+0x30/0xd0
Nov 22 04:57:22 localhost kernel: [    7.697623]  el0_svc+0x2c/0x84
Nov 22 04:57:22 localhost kernel: [    7.697632]  el0t_64_sync_handler+0xbc/0x140
Nov 22 04:57:22 localhost kernel: [    7.697638]  el0t_64_sync+0x18c/0x190
Nov 22 04:57:22 localhost kernel: [    7.697645] ---[ end trace 0000000000000000 ]---
Nov 22 04:57:22 localhost kernel: [    7.698947] hgicf_load_config:132::param: [ssid=LK-AP2P1US000024]
Nov 22 04:57:22 localhost kernel: [    7.710893] hgicf_load_config:132::param: [tx_mcs=255]
Nov 22 04:57:22 localhost kernel: [    7.717309] hgicf_load_config:132::param: [wpa_psk=baa58569a9edd7c3a55e446bc658ef76a7173d023d256786832474d737756a11]
Nov 22 04:57:22 localhost kernel: [    7.728670] hgicf_delay_init:877::Leave, ret=28, soft_fc=1
Nov 22 04:57:23 localhost kernel: [    8.718340] file system registered
Nov 22 04:57:23 localhost kernel: [    8.806107] read descriptors
Nov 22 04:57:23 localhost kernel: [    8.806130] read strings
Nov 22 04:57:23 localhost kernel: [    8.882395] UDC core: g_comp: couldn't find an available UDC or it's busy
Nov 22 04:57:23 localhost kernel: [    9.081457] EXT4-fs (mmcblk0p10): mounted filesystem with ordered data mode. Quota mode: disabled.
Nov 22 04:57:23 localhost kernel: [    9.088572] EXT4-fs (mmcblk0p11): mounted filesystem with ordered data mode. Quota mode: disabled.
Nov 22 04:57:23 localhost kernel: [    9.092401] EXT4-fs (mmcblk0p13): mounted filesystem with ordered data mode. Quota mode: disabled.
